Component: ARM Compiler 5.06 update 6 (build 750) Tool: armlink [4d35ed]

==============================================================================

Section Cross References

    main.o(i.main) refers to apifunctions.o(i.InitializeAPI) for InitializeAPI
    main.o(i.main) refers to usb.o(i.USB_Initialize) for USB_Initialize
    main.o(i.main) refers to flash.o(i.FLASH_Init) for FLASH_Init
    main.o(i.main) refers to flash.o(i.FLASH_WriteSettings) for FLASH_WriteSettings
    main.o(i.main) refers to flash.o(i.FLASH_ReadSettings) for FLASH_ReadSettings
    main.o(i.main) refers to applauncher.o(i.RunApp) for RunApp
    main.o(i.main) refers to requesthandler.o(i.CheckforModules) for CheckforModules
    main.o(i.main) refers to settings.o(.data) for Settings
    main.o(i.main) refers to main.o(.bss) for api
    main.o(i.main) refers to main.o(.data) for adr
    apifunctions.o(i.InitializeAPI) refers to main.o(.bss) for api
    apifunctions.o(i.InitializeAPI) refers to apifunctions.o(i.__NVIC_SystemReset) for __NVIC_SystemReset
    apifunctions.o(i.InitializeAPI) refers to sysclk.o(i.SYSCLK_16Mhz) for SYSCLK_16Mhz
    apifunctions.o(i.InitializeAPI) refers to sysclk.o(i.SYSCLK_24Mhz) for SYSCLK_24Mhz
    apifunctions.o(i.InitializeAPI) refers to sysclk.o(i.SYSCLK_32Mhz) for SYSCLK_32Mhz
    apifunctions.o(i.InitializeAPI) refers to sysclk.o(i.SYSCLK_40Mhz) for SYSCLK_40Mhz
    apifunctions.o(i.InitializeAPI) refers to sysclk.o(i.SYSCLK_48Mhz) for SYSCLK_48Mhz
    apifunctions.o(i.InitializeAPI) refers to sysclk.o(i.SYSCLK_56Mhz) for SYSCLK_56Mhz
    apifunctions.o(i.InitializeAPI) refers to sysclk.o(i.SYSCLK_64Mhz) for SYSCLK_64Mhz
    apifunctions.o(i.InitializeAPI) refers to sysclk.o(i.SYSCLK_72Mhz) for SYSCLK_72Mhz
    apifunctions.o(i.InitializeAPI) refers to sysclk.o(i.SYSCLK_80Mhz) for SYSCLK_80Mhz
    apifunctions.o(i.InitializeAPI) refers to sysclk.o(i.SYSCLK_88Mhz) for SYSCLK_88Mhz
    apifunctions.o(i.InitializeAPI) refers to sysclk.o(i.SYSCLK_96Mhz) for SYSCLK_96Mhz
    apifunctions.o(i.InitializeAPI) refers to sysclk.o(i.SYSCLK_104Mhz) for SYSCLK_104Mhz
    apifunctions.o(i.InitializeAPI) refers to sysclk.o(i.SYSCLK_112Mhz) for SYSCLK_112Mhz
    apifunctions.o(i.InitializeAPI) refers to sysclk.o(i.SYSCLK_120Mhz) for SYSCLK_120Mhz
    apifunctions.o(i.InitializeAPI) refers to sysclk.o(i.SYSCLK_128Mhz) for SYSCLK_128Mhz
    apifunctions.o(i.InitializeAPI) refers to usb.o(.bss) for USB_SendBuffer
    apifunctions.o(i.InitializeAPI) refers to hw_config.o(.bss) for USB_ReceiveBuffer
    apifunctions.o(i.InitializeAPI) refers to usb.o(i.USB_Send) for USB_Send
    sysclk.o(i.SYSCLK_104Mhz) refers to sysclk.o(i.SYSCLK_Set) for SYSCLK_Set
    sysclk.o(i.SYSCLK_112Mhz) refers to sysclk.o(i.SYSCLK_Set) for SYSCLK_Set
    sysclk.o(i.SYSCLK_120Mhz) refers to sysclk.o(i.SYSCLK_Set) for SYSCLK_Set
    sysclk.o(i.SYSCLK_128Mhz) refers to sysclk.o(i.SYSCLK_Set) for SYSCLK_Set
    sysclk.o(i.SYSCLK_16Mhz) refers to sysclk.o(i.SYSCLK_Set) for SYSCLK_Set
    sysclk.o(i.SYSCLK_24Mhz) refers to sysclk.o(i.SYSCLK_Set) for SYSCLK_Set
    sysclk.o(i.SYSCLK_32Mhz) refers to sysclk.o(i.SYSCLK_Set) for SYSCLK_Set
    sysclk.o(i.SYSCLK_40Mhz) refers to sysclk.o(i.SYSCLK_Set) for SYSCLK_Set
    sysclk.o(i.SYSCLK_48Mhz) refers to sysclk.o(i.SYSCLK_Set) for SYSCLK_Set
    sysclk.o(i.SYSCLK_56Mhz) refers to sysclk.o(i.SYSCLK_Set) for SYSCLK_Set
    sysclk.o(i.SYSCLK_64Mhz) refers to sysclk.o(i.SYSCLK_Set) for SYSCLK_Set
    sysclk.o(i.SYSCLK_72Mhz) refers to sysclk.o(i.SYSCLK_Set) for SYSCLK_Set
    sysclk.o(i.SYSCLK_80Mhz) refers to sysclk.o(i.SYSCLK_Set) for SYSCLK_Set
    sysclk.o(i.SYSCLK_88Mhz) refers to sysclk.o(i.SYSCLK_Set) for SYSCLK_Set
    sysclk.o(i.SYSCLK_96Mhz) refers to sysclk.o(i.SYSCLK_Set) for SYSCLK_Set
    sysclk.o(i.SYSCLK_Set) refers to stm32f10x_rcc.o(i.RCC_DeInit) for RCC_DeInit
    sysclk.o(i.SYSCLK_Set) refers to stm32f10x_rcc.o(i.RCC_HSEConfig) for RCC_HSEConfig
    sysclk.o(i.SYSCLK_Set) refers to stm32f10x_rcc.o(i.RCC_WaitForHSEStartUp) for RCC_WaitForHSEStartUp
    sysclk.o(i.SYSCLK_Set) refers to stm32f10x_rcc.o(i.RCC_HCLKConfig) for RCC_HCLKConfig
    sysclk.o(i.SYSCLK_Set) refers to stm32f10x_rcc.o(i.RCC_PCLK2Config) for RCC_PCLK2Config
    sysclk.o(i.SYSCLK_Set) refers to stm32f10x_rcc.o(i.RCC_PCLK1Config) for RCC_PCLK1Config
    sysclk.o(i.SYSCLK_Set) refers to stm32f10x_rcc.o(i.RCC_PLLConfig) for RCC_PLLConfig
    sysclk.o(i.SYSCLK_Set) refers to stm32f10x_rcc.o(i.RCC_PLLCmd) for RCC_PLLCmd
    sysclk.o(i.SYSCLK_Set) refers to stm32f10x_rcc.o(i.RCC_GetFlagStatus) for RCC_GetFlagStatus
    sysclk.o(i.SYSCLK_Set) refers to stm32f10x_rcc.o(i.RCC_SYSCLKConfig) for RCC_SYSCLKConfig
    sysclk.o(i.SYSCLK_Set) refers to stm32f10x_rcc.o(i.RCC_GetSYSCLKSource) for RCC_GetSYSCLKSource
    sysclk.o(i.SYSCLK_Set) refers to sysclk.o(.data) for SYSCLK_CLK
    sysclk.o(i.SYSCLK_Set) refers to main.o(.bss) for api
[...]
    RTE\Device\STM32F103C8\startup_stm32f10x_md.s 0x00000000   Number         0  startup_stm32f10x_md.o ABSOLUTE
    RTE\Device\STM32F103C8\system_stm32f10x.c 0x00000000   Number         0  system_stm32f10x.o ABSOLUTE
    RTE\\Device\\STM32F103C8\\system_stm32f10x.c 0x00000000   Number         0  system_stm32f10x.o ABSOLUTE
    Settings.c                               0x00000000   Number         0  settings.o ABSOLUTE
    Settings.c                               0x00000000   Number         0  settings.o ABSOLUTE
    dc.s                                     0x00000000   Number         0  dc.o ABSOLUTE
    main.c                                   0x00000000   Number         0  main.o ABSOLUTE
    main.c                                   0x00000000   Number         0  main.o ABSOLUTE
    RESET                                    0x08000000   Section      236  startup_stm32f10x_md.o(RESET)
    !!!main                                  0x080000ec   Section        8  __main.o(!!!main)
    !!!scatter                               0x080000f4   Section       52  __scatter.o(!!!scatter)
    !!dczerorl2                              0x08000128   Section       90  __dczerorl2.o(!!dczerorl2)
    !!handler_zi                             0x08000184   Section       28  __scatter_zi.o(!!handler_zi)
    .ARM.Collect$$libinit$$00000000          0x080001a0   Section        2  libinit.o(.ARM.Collect$$libinit$$00000000)
    .ARM.Collect$$libinit$$00000002          0x080001a2   Section        0  libinit2.o(.ARM.Collect$$libinit$$00000002)
    .ARM.Collect$$libinit$$00000004          0x080001a2   Section        0  libinit2.o(.ARM.Collect$$libinit$$00000004)
    .ARM.Collect$$libinit$$0000000A          0x080001a2   Section        0  libinit2.o(.ARM.Collect$$libinit$$0000000A)
    .ARM.Collect$$libinit$$0000000C          0x080001a2   Section        0  libinit2.o(.ARM.Collect$$libinit$$0000000C)
    .ARM.Collect$$libinit$$0000000E          0x080001a2   Section        0  libinit2.o(.ARM.Collect$$libinit$$0000000E)
    .ARM.Collect$$libinit$$00000011          0x080001a2   Section        0  libinit2.o(.ARM.Collect$$libinit$$00000011)
    .ARM.Collect$$libinit$$00000013          0x080001a2   Section        0  libinit2.o(.ARM.Collect$$libinit$$00000013)
    .ARM.Collect$$libinit$$00000015          0x080001a2   Section        0  libinit2.o(.ARM.Collect$$libinit$$00000015)
    .ARM.Collect$$libinit$$00000017          0x080001a2   Section        0  libinit2.o(.ARM.Collect$$libinit$$00000017)
    .ARM.Collect$$libinit$$00000019          0x080001a2   Section        0  libinit2.o(.ARM.Collect$$libinit$$00000019)
    .ARM.Collect$$libinit$$0000001B          0x080001a2   Section        0  libinit2.o(.ARM.Collect$$libinit$$0000001B)
    .ARM.Collect$$libinit$$0000001D          0x080001a2   Section        0  libinit2.o(.ARM.Collect$$libinit$$0000001D)
    .ARM.Collect$$libinit$$0000001F          0x080001a2   Section        0  libinit2.o(.ARM.Collect$$libinit$$0000001F)
    .ARM.Collect$$libinit$$00000021          0x080001a2   Section        0  libinit2.o(.ARM.Collect$$libinit$$00000021)
    .ARM.Collect$$libinit$$00000023          0x080001a2   Section        0  libinit2.o(.ARM.Collect$$libinit$$00000023)
    .ARM.Collect$$libinit$$00000025          0x080001a2   Section        0  libinit2.o(.ARM.Collect$$libinit$$00000025)
    .ARM.Collect$$libinit$$0000002C          0x080001a2   Section        0  libinit2.o(.ARM.Collect$$libinit$$0000002C)
    .ARM.Collect$$libinit$$0000002E          0x080001a2   Section        0  libinit2.o(.ARM.Collect$$libinit$$0000002E)
    .ARM.Collect$$libinit$$00000030          0x080001a2   Section        0  libinit2.o(.ARM.Collect$$libinit$$00000030)
    .ARM.Collect$$libinit$$00000032          0x080001a2   Section        0  libinit2.o(.ARM.Collect$$libinit$$00000032)
    .ARM.Collect$$libinit$$00000033          0x080001a2   Section        2  libinit2.o(.ARM.Collect$$libinit$$00000033)
    .ARM.Collect$$libshutdown$$00000000      0x080001a4   Section        2  libshutdown.o(.ARM.Collect$$libshutdown$$00000000)
    .ARM.Collect$$libshutdown$$00000002      0x080001a6   Section        0  libshutdown2.o(.ARM.Collect$$libshutdown$$00000002)
    .ARM.Collect$$libshutdown$$00000004      0x080001a6   Section        0  libshutdown2.o(.ARM.Collect$$libshutdown$$00000004)
    .ARM.Collect$$libshutdown$$00000007      0x080001a6   Section        0  libshutdown2.o(.ARM.Collect$$libshutdown$$00000007)
    .ARM.Collect$$libshutdown$$0000000A      0x080001a6   Section        0  libshutdown2.o(.ARM.Collect$$libshutdown$$0000000A)
    .ARM.Collect$$libshutdown$$0000000C      0x080001a6   Section        0  libshutdown2.o(.ARM.Collect$$libshutdown$$0000000C)
    .ARM.Collect$$libshutdown$$0000000F      0x080001a6   Section        0  libshutdown2.o(.ARM.Collect$$libshutdown$$0000000F)
    .ARM.Collect$$libshutdown$$00000010      0x080001a6   Section        2  libshutdown2.o(.ARM.Collect$$libshutdown$$00000010)
    .ARM.Collect$$rtentry$$00000000          0x080001a8   Section        0  __rtentry.o(.ARM.Collect$$rtentry$$00000000)
    .ARM.Collect$$rtentry$$00000002          0x080001a8   Section        0  __rtentry2.o(.ARM.Collect$$rtentry$$00000002)
    .ARM.Collect$$rtentry$$00000004          0x080001a8   Section        6  __rtentry4.o(.ARM.Collect$$rtentry$$00000004)
    .ARM.Collect$$rtentry$$00000009          0x080001ae   Section        0  __rtentry2.o(.ARM.Collect$$rtentry$$00000009)
    .ARM.Collect$$rtentry$$0000000A          0x080001ae   Section        4  __rtentry2.o(.ARM.Collect$$rtentry$$0000000A)
    .ARM.Collect$$rtentry$$0000000C          0x080001b2   Section        0  __rtentry2.o(.ARM.Collect$$rtentry$$0000000C)
    .ARM.Collect$$rtentry$$0000000D          0x080001b2   Section        8  __rtentry2.o(.ARM.Collect$$rtentry$$0000000D)
    .ARM.Collect$$rtexit$$00000000           0x080001ba   Section        2  rtexit.o(.ARM.Collect$$rtexit$$00000000)
    .ARM.Collect$$rtexit$$00000002           0x080001bc   Section        0  rtexit2.o(.ARM.Collect$$rtexit$$00000002)
    .ARM.Collect$$rtexit$$00000003           0x080001bc   Section        4  rtexit2.o(.ARM.Collect$$rtexit$$00000003)
    .ARM.Collect$$rtexit$$00000004           0x080001c0   Section        6  rtexit2.o(.ARM.Collect$$rtexit$$00000004)
    .text                                    0x080001c8   Section       64  startup_stm32f10x_md.o(.text)
    .text                                    0x08000208   Section        0  heapauxi.o(.text)
    .text                                    0x0800020e   Section       74  sys_stackheap_outer.o(.text)
    .text                                    0x08000258   Section        0  exit.o(.text)
    .text                                    0x0800026c   Section        8  libspace.o(.text)
    .text                                    0x08000274   Section        0  sys_exit.o(.text)
    .text                                    0x08000280   Section        2  use_no_semi.o(.text)
    .text                                    0x08000282   Section        0  indicate_semi.o(.text)
    i.BusFault_Handler                       0x08000282   Section        0  stm32_it.o(i.BusFault_Handler)
    i.ByteSwap                               0x08000286   Section        0  usb_regs.o(i.ByteSwap)
    i.CDC_Receive_DATA                       0x08000294   Section        0  hw_config.o(i.CDC_Receive_DATA)
    i.CDC_Send_DATA                          0x080002ac   Section        0  hw_config.o(i.CDC_Send_DATA)
    i.CTR_LP                                 0x080002e4   Section        0  usb_int.o(i.CTR_LP)
    i.CheckBootloaderCommand                 0x0800056c   Section        0  bootmod.o(i.CheckBootloaderCommand)
    i.CheckCoreCommand                       0x08000588   Section        0  coremod.o(i.CheckCoreCommand)
    i.CheckforModules                        0x080005b8   Section        0  requesthandler.o(i.CheckforModules)
    i.ClearDTOG_RX                           0x080005fc   Section        0  usb_regs.o(i.ClearDTOG_RX)
    i.ClearDTOG_TX                           0x08000630   Section        0  usb_regs.o(i.ClearDTOG_TX)
    i.Clear_Status_Out                       0x08000664   Section        0  usb_regs.o(i.Clear_Status_Out)
    i.DataStageIn                            0x0800068c   Section        0  usb_core.o(i.DataStageIn)
    DataStageIn                              0x0800068d   Thumb Code   166  usb_core.o(i.DataStageIn)
    i.DataStageOut                           0x0800074c   Section        0  usb_core.o(i.DataStageOut)
    DataStageOut                             0x0800074d   Thumb Code   166  usb_core.o(i.DataStageOut)
    i.Data_Setup0                            0x08000808   Section        0  usb_core.o(i.Data_Setup0)
    Data_Setup0                              0x08000809   Thumb Code   628  usb_core.o(i.Data_Setup0)
    i.DebugMon_Handler                       0x08000aa0   Section        0  stm32_it.o(i.DebugMon_Handler)
    i.EP1_IN_Callback                        0x08000aa4   Section        0  usb_endp.o(i.EP1_IN_Callback)
    i.EP3_OUT_Callback                       0x08000ab0   Section        0  usb_endp.o(i.EP3_OUT_Callback)
    i.EXTI0_IRQHandler                       0x08000b1c   Section        0  exti.o(i.EXTI0_IRQHandler)
    i.EXTI15_10_IRQHandler                   0x08000b44   Section        0  exti.o(i.EXTI15_10_IRQHandler)
    i.EXTI1_IRQHandler                       0x08000c18   Section        0  exti.o(i.EXTI1_IRQHandler)
    i.EXTI2_IRQHandler                       0x08000c40   Section        0  exti.o(i.EXTI2_IRQHandler)
    i.EXTI3_IRQHandler                       0x08000c68   Section        0  exti.o(i.EXTI3_IRQHandler)
    i.EXTI4_IRQHandler                       0x08000c90   Section        0  exti.o(i.EXTI4_IRQHandler)
    i.EXTI9_5_IRQHandler                     0x08000cb8   Section        0  exti.o(i.EXTI9_5_IRQHandler)
    i.EXTI_ClearITPendingBit                 0x08000d60   Section        0  stm32f10x_exti.o(i.EXTI_ClearITPendingBit)
    i.EXTI_GetITStatus                       0x08000d6c   Section        0  stm32f10x_exti.o(i.EXTI_GetITStatus)
    i.EXTI_Init                              0x08000d94   Section        0  stm32f10x_exti.o(i.EXTI_Init)
    i.FLASH_ErasePage                        0x08000e28   Section        0  stm32f10x_flash.o(i.FLASH_ErasePage)
    i.FLASH_GetBank1Status                   0x08000e74   Section        0  stm32f10x_flash.o(i.FLASH_GetBank1Status)
    i.FLASH_Init                             0x08000ea8   Section        0  flash.o(i.FLASH_Init)
    i.FLASH_Lock                             0x08000eb8   Section        0  stm32f10x_flash.o(i.FLASH_Lock)
    i.FLASH_PrefetchBufferCmd                0x08000ecc   Section        0  stm32f10x_flash.o(i.FLASH_PrefetchBufferCmd)
    i.FLASH_ProgramWord                      0x08000ee8   Section        0  stm32f10x_flash.o(i.FLASH_ProgramWord)
    i.FLASH_ReadSettings                     0x08000f54   Section        0  flash.o(i.FLASH_ReadSettings)
    i.FLASH_SetLatency                       0x08000f7c   Section        0  stm32f10x_flash.o(i.FLASH_SetLatency)
    i.FLASH_Unlock                           0x08000f94   Section        0  stm32f10x_flash.o(i.FLASH_Unlock)
    i.FLASH_WaitForLastOperation             0x08000fac   Section        0  stm32f10x_flash.o(i.FLASH_WaitForLastOperation)
    i.FLASH_WriteSettings                    0x08000fd2   Section        0  flash.o(i.FLASH_WriteSettings)
    i.GPIO_Init                              0x0800101a   Section        0  stm32f10x_gpio.o(i.GPIO_Init)
    i.GPIO_ResetBits                         0x08001130   Section        0  stm32f10x_gpio.o(i.GPIO_ResetBits)
    i.GPIO_SetBits                           0x08001134   Section        0  stm32f10x_gpio.o(i.GPIO_SetBits)
    i.GetEPRxAddr                            0x08001138   Section        0  usb_regs.o(i.GetEPRxAddr)
    i.GetEPRxCount                           0x08001158   Section        0  usb_regs.o(i.GetEPRxCount)
    i.GetEPTxAddr                            0x0800117c   Section        0  usb_regs.o(i.GetEPTxAddr)
    i.Get_SerialNum                          0x0800119c   Section        0  hw_config.o(i.Get_SerialNum)
    i.HardFault_Handler                      0x080011d0   Section        0  stm32_it.o(i.HardFault_Handler)
    i.HeaderCmp                              0x080011d4   Section        0  protocol.o(i.HeaderCmp)
    i.In0_Process                            0x08001248   Section        0  usb_core.o(i.In0_Process)
    i.InitializeAPI                          0x080012b8   Section        0  apifunctions.o(i.InitializeAPI)
    i.IntToUnicode                           0x080013f8   Section        0  hw_config.o(i.IntToUnicode)
    IntToUnicode                             0x080013f9   Thumb Code    62  hw_config.o(i.IntToUnicode)
    i.Leave_LowPowerMode                     0x08001438   Section        0  hw_config.o(i.Leave_LowPowerMode)
    i.MemManage_Handler                      0x08001470   Section        0  stm32_it.o(i.MemManage_Handler)
    i.NMI_Handler                            0x08001474   Section        0  stm32_it.o(i.NMI_Handler)
    i.NOP_Process                            0x08001476   Section        0  usb_core.o(i.NOP_Process)
    i.NVIC_Init                              0x08001478   Section        0  misc.o(i.NVIC_Init)
    i.NVIC_PriorityGroupConfig               0x080014e8   Section        0  misc.o(i.NVIC_PriorityGroupConfig)
    i.NoData_Setup0                          0x080014fc   Section        0  usb_core.o(i.NoData_Setup0)
    NoData_Setup0                            0x080014fd   Thumb Code   290  usb_core.o(i.NoData_Setup0)
    i.Out0_Process                           0x08001634   Section        0  usb_core.o(i.Out0_Process)
    i.PMAToUserBufferCopy                    0x08001684   Section        0  usb_mem.o(i.PMAToUserBufferCopy)
    i.PendSV_Handler                         0x080016ac   Section        0  stm32_it.o(i.PendSV_Handler)
    i.Post0_Process                          0x080016b0   Section        0  usb_core.o(i.Post0_Process)
    i.PowerOn                                0x080016f8   Section        0  usb_pwr.o(i.PowerOn)
    i.RCC_APB1PeriphClockCmd                 0x08001738   Section        0  stm32f10x_rcc.o(i.RCC_APB1PeriphClockCmd)
    i.RCC_APB2PeriphClockCmd                 0x08001758   Section        0  stm32f10x_rcc.o(i.RCC_APB2PeriphClockCmd)
    i.RCC_DeInit                             0x08001778   Section        0  stm32f10x_rcc.o(i.RCC_DeInit)
    i.RCC_GetFlagStatus                      0x080017c4   Section        0  stm32f10x_rcc.o(i.RCC_GetFlagStatus)
    i.RCC_GetSYSCLKSource                    0x08001800   Section        0  stm32f10x_rcc.o(i.RCC_GetSYSCLKSource)
    i.RCC_HCLKConfig                         0x08001810   Section        0  stm32f10x_rcc.o(i.RCC_HCLKConfig)
    i.RCC_HSEConfig                          0x08001828   Section        0  stm32f10x_rcc.o(i.RCC_HSEConfig)
    i.RCC_PCLK1Config                        0x08001874   Section        0  stm32f10x_rcc.o(i.RCC_PCLK1Config)
    i.RCC_PCLK2Config                        0x0800188c   Section        0  stm32f10x_rcc.o(i.RCC_PCLK2Config)
    i.RCC_PLLCmd                             0x080018a4   Section        0  stm32f10x_rcc.o(i.RCC_PLLCmd)
    i.RCC_PLLConfig                          0x080018b0   Section        0  stm32f10x_rcc.o(i.RCC_PLLConfig)
    i.RCC_SYSCLKConfig                       0x080018cc   Section        0  stm32f10x_rcc.o(i.RCC_SYSCLKConfig)
    i.RCC_USBCLKConfig                       0x080018e4   Section        0  stm32f10x_rcc.o(i.RCC_USBCLKConfig)
    i.RCC_WaitForHSEStartUp                  0x080018f0   Section        0  stm32f10x_rcc.o(i.RCC_WaitForHSEStartUp)
    i.Resume                                 0x08001928   Section        0  usb_pwr.o(i.Resume)
    i.Resume_Init                            0x080019f8   Section        0  usb_pwr.o(i.Resume_Init)
    i.RunApp                                 0x08001a1c   Section        0  applauncher.o(i.RunApp)
    i.SVC_Handler                            0x08001a38   Section        0  stm32_it.o(i.SVC_Handler)
    i.SYSCLK_104Mhz                          0x08001a3a   Section        0  sysclk.o(i.SYSCLK_104Mhz)
    i.SYSCLK_112Mhz                          0x08001a46   Section        0  sysclk.o(i.SYSCLK_112Mhz)
    i.SYSCLK_120Mhz                          0x08001a52   Section        0  sysclk.o(i.SYSCLK_120Mhz)
    i.SYSCLK_128Mhz                          0x08001a5e   Section        0  sysclk.o(i.SYSCLK_128Mhz)
    i.SYSCLK_16Mhz                           0x08001a6a   Section        0  sysclk.o(i.SYSCLK_16Mhz)
    i.SYSCLK_24Mhz                           0x08001a74   Section        0  sysclk.o(i.SYSCLK_24Mhz)
    i.SYSCLK_32Mhz                           0x08001a80   Section        0  sysclk.o(i.SYSCLK_32Mhz)
    i.SYSCLK_40Mhz                           0x08001a8c   Section        0  sysclk.o(i.SYSCLK_40Mhz)
    i.SYSCLK_48Mhz                           0x08001a98   Section        0  sysclk.o(i.SYSCLK_48Mhz)
    i.SYSCLK_56Mhz                           0x08001aa4   Section        0  sysclk.o(i.SYSCLK_56Mhz)
    i.SYSCLK_64Mhz                           0x08001ab0   Section        0  sysclk.o(i.SYSCLK_64Mhz)
    i.SYSCLK_72Mhz                           0x08001abc   Section        0  sysclk.o(i.SYSCLK_72Mhz)
    i.SYSCLK_80Mhz                           0x08001ac8   Section        0  sysclk.o(i.SYSCLK_80Mhz)
    i.SYSCLK_88Mhz                           0x08001ad4   Section        0  sysclk.o(i.SYSCLK_88Mhz)
    i.SYSCLK_96Mhz                           0x08001ae0   Section        0  sysclk.o(i.SYSCLK_96Mhz)
    i.SYSCLK_Set                             0x08001aec   Section        0  sysclk.o(i.SYSCLK_Set)
    i.SetBTABLE                              0x08001c2c   Section        0  usb_regs.o(i.SetBTABLE)
    i.SetDeviceAddress                       0x08001c3c   Section        0  usb_core.o(i.SetDeviceAddress)
    i.SetEPRxAddr                            0x08001c8c   Section        0  usb_regs.o(i.SetEPRxAddr)
    i.SetEPRxCount                           0x08001cb0   Section        0  usb_regs.o(i.SetEPRxCount)
    i.SetEPRxStatus                          0x08001cfc   Section        0  usb_regs.o(i.SetEPRxStatus)
    i.SetEPRxValid                           0x08001d3c   Section        0  usb_regs.o(i.SetEPRxValid)
    i.SetEPTxAddr                            0x08001d70   Section        0  usb_regs.o(i.SetEPTxAddr)
    i.SetEPTxCount                           0x08001d90   Section        0  usb_regs.o(i.SetEPTxCount)
    i.SetEPTxStatus                          0x08001dac   Section        0  usb_regs.o(i.SetEPTxStatus)
    i.SetEPTxValid                           0x08001dec   Section        0  usb_regs.o(i.SetEPTxValid)
    i.SetEPType                              0x08001e20   Section        0  usb_regs.o(i.SetEPType)
    i.SetSysClock                            0x08001e44   Section        0  system_stm32f10x.o(i.SetSysClock)
    SetSysClock                              0x08001e45   Thumb Code     8  system_stm32f10x.o(i.SetSysClock)
    i.SetSysClockTo72                        0x08001e4c   Section        0  system_stm32f10x.o(i.SetSysClockTo72)
    SetSysClockTo72                          0x08001e4d   Thumb Code   214  system_stm32f10x.o(i.SetSysClockTo72)
    i.Set_System                             0x08001f2c   Section        0  hw_config.o(i.Set_System)
    i.Set_USBClock                           0x08001f7c   Section        0  hw_config.o(i.Set_USBClock)
    i.Setup0_Process                         0x08001f90   Section        0  usb_core.o(i.Setup0_Process)
    i.Standard_ClearFeature                  0x08002048   Section        0  usb_core.o(i.Standard_ClearFeature)
    i.Standard_GetConfiguration              0x080021b4   Section        0  usb_core.o(i.Standard_GetConfiguration)
    i.Standard_GetDescriptorData             0x080021e0   Section        0  usb_core.o(i.Standard_GetDescriptorData)
    i.Standard_GetInterface                  0x08002204   Section        0  usb_core.o(i.Standard_GetInterface)
    i.Standard_GetStatus                     0x08002230   Section        0  usb_core.o(i.Standard_GetStatus)
    i.Standard_SetConfiguration              0x08002330   Section        0  usb_core.o(i.Standard_SetConfiguration)
    i.Standard_SetDeviceFeature              0x08002378   Section        0  usb_core.o(i.Standard_SetDeviceFeature)
    i.Standard_SetEndPointFeature            0x080023a0   Section        0  usb_core.o(i.Standard_SetEndPointFeature)
    i.Standard_SetInterface                  0x08002470   Section        0  usb_core.o(i.Standard_SetInterface)
    i.Suspend                                0x080024dc   Section        0  usb_pwr.o(i.Suspend)
    i.SysTick_Handler                        0x080024de   Section        0  stm32_it.o(i.SysTick_Handler)
    i.SystemInit                             0x080024e0   Section        0  system_stm32f10x.o(i.SystemInit)
    i.TIM2_IRQHandler                        0x08002540   Section        0  tim.o(i.TIM2_IRQHandler)
    i.TIM3_IRQHandler                        0x080025f4   Section        0  tim.o(i.TIM3_IRQHandler)
    i.TIM4_IRQHandler                        0x080026ac   Section        0  tim.o(i.TIM4_IRQHandler)
    i.TIM_ClearITPendingBit                  0x08002764   Section        0  stm32f10x_tim.o(i.TIM_ClearITPendingBit)
    i.TIM_GetITStatus                        0x0800276a   Section        0  stm32f10x_tim.o(i.TIM_GetITStatus)
    i.USBWakeUp_IRQHandler                   0x0800278c   Section        0  stm32_it.o(i.USBWakeUp_IRQHandler)
    i.USB_Cable_Config                       0x08002798   Section        0  hw_config.o(i.USB_Cable_Config)
    i.USB_Init                               0x080027bc   Section        0  usb_init.o(i.USB_Init)
    i.USB_Initialize                         0x080027f8   Section        0  usb.o(i.USB_Initialize)
    i.USB_Interrupts_Config                  0x08002818   Section        0  hw_config.o(i.USB_Interrupts_Config)
    i.USB_Istr                               0x08002854   Section        0  usb_istr.o(i.USB_Istr)
    i.USB_LP_CAN1_RX0_IRQHandler             0x08002a20   Section        0  stm32_it.o(i.USB_LP_CAN1_RX0_IRQHandler)
    i.USB_SIL_Init                           0x08002a28   Section        0  usb_sil.o(i.USB_SIL_Init)
    i.USB_Send                               0x08002a4c   Section        0  usb.o(i.USB_Send)
    i.UsageFault_Handler                     0x08002a60   Section        0  stm32_it.o(i.UsageFault_Handler)
    i.UserToPMABufferCopy                    0x08002a64   Section        0  usb_mem.o(i.UserToPMABufferCopy)
    i.Virtual_Com_Port_Data_Setup            0x08002a9c   Section        0  usb_prop.o(i.Virtual_Com_Port_Data_Setup)
    i.Virtual_Com_Port_GetConfigDescriptor   0x08002b00   Section        0  usb_prop.o(i.Virtual_Com_Port_GetConfigDescriptor)
    i.Virtual_Com_Port_GetDeviceDescriptor   0x08002b14   Section        0  usb_prop.o(i.Virtual_Com_Port_GetDeviceDescriptor)
    i.Virtual_Com_Port_GetLineCoding         0x08002b28   Section        0  usb_prop.o(i.Virtual_Com_Port_GetLineCoding)
    i.Virtual_Com_Port_GetStringDescriptor   0x08002b44   Section        0  usb_prop.o(i.Virtual_Com_Port_GetStringDescriptor)
    i.Virtual_Com_Port_Get_Interface_Setting 0x08002b6c   Section        0  usb_prop.o(i.Virtual_Com_Port_Get_Interface_Setting)
    i.Virtual_Com_Port_NoData_Setup          0x08002b84   Section        0  usb_prop.o(i.Virtual_Com_Port_NoData_Setup)
    i.Virtual_Com_Port_Reset                 0x08002bac   Section        0  usb_prop.o(i.Virtual_Com_Port_Reset)
    i.Virtual_Com_Port_SetConfiguration      0x08002c94   Section        0  usb_prop.o(i.Virtual_Com_Port_SetConfiguration)
    i.Virtual_Com_Port_SetDeviceAddress      0x08002cac   Section        0  usb_prop.o(i.Virtual_Com_Port_SetDeviceAddress)
    i.Virtual_Com_Port_SetLineCoding         0x08002cb8   Section        0  usb_prop.o(i.Virtual_Com_Port_SetLineCoding)
    i.Virtual_Com_Port_Status_In             0x08002cd4   Section        0  usb_prop.o(i.Virtual_Com_Port_Status_In)
    i.Virtual_Com_Port_Status_Out            0x08002ce8   Section        0  usb_prop.o(i.Virtual_Com_Port_Status_Out)
    i.Virtual_Com_Port_init                  0x08002cec   Section        0  usb_prop.o(i.Virtual_Com_Port_init)
    i.__NVIC_SystemReset                     0x08002d14   Section        0  apifunctions.o(i.__NVIC_SystemReset)
    __NVIC_SystemReset                       0x08002d15   Thumb Code    56  apifunctions.o(i.__NVIC_SystemReset)
    i.main                                   0x08002d54   Section        0  main.o(i.main)
    .constdata                               0x08002da0   Section      177  usb_desc.o(.constdata)
    .data                                    0x20000000   Section        4  main.o(.data)
    .data                                    0x20000004   Section        1  sysclk.o(.data)
    .data                                    0x20000008   Section        8  usb.o(.data)
    .data                                    0x20000010   Section        4  callback.o(.data)
    .data                                    0x20000014   Section       16  hw_config.o(.data)
    .data                                    0x20000024   Section        3  usb_core.o(.data)
    .data                                    0x20000027   Section       26  usb_desc.o(.data)
    .data                                    0x20000044   Section        5  usb_endp.o(.data)
    .data                                    0x2000004c   Section       20  usb_init.o(.data)
    .data                                    0x20000060   Section        4  usb_int.o(.data)
    .data                                    0x20000064   Section       68  usb_istr.o(.data)
    .data                                    0x200000a8   Section      148  usb_prop.o(.data)
    .data                                    0x2000013c   Section       12  usb_pwr.o(.data)
    .data                                    0x20000148   Section        1  settings.o(.data)
    .bss                                     0x2000014c   Section      272  main.o(.bss)
    .bss                                     0x2000025c   Section       64  usb.o(.bss)
    .bss                                     0x2000029c   Section       64  hw_config.o(.bss)
    .bss                                     0x200002dc   Section       28  usb_init.o(.bss)
    .bss                                     0x200002f8   Section       96  libspace.o(.bss)
    HEAP                                     0x20000358   Section      512  startup_stm32f10x_md.o(HEAP)
    Heap_Mem                                 0x20000358   Data         512  startup_stm32f10x_md.o(HEAP)
    STACK                                    0x20000558   Section     1024  startup_stm32f10x_md.o(STACK)
    Stack_Mem                                0x20000558   Data        1024  startup_stm32f10x_md.o(STACK)
    __initial_sp                             0x20000958   Data           0  startup_stm32f10x_md.o(STACK)

    Global Symbols

    Symbol Name                              Value     Ov Type        Size  Object(Section)

    BuildAttributes$$THM_ISAv4$P$D$K$B$S$PE$A:L22UL41UL21$X:L11$S22US41US21$IEEE1$IW$USESV6$~STKCKD$USESV7$~SHL$OSPACE$ROPI$EBA8$UX$STANDARDLIB$REQ8$PRES8$EABIv2 0x00000000   Number         0  anon$$obj.o ABSOLUTE
    __ARM_use_no_argv                        0x00000000   Number         0  main.o ABSOLUTE
    __ARM_exceptions_init                     - Undefined Weak Reference
    __alloca_initialize                       - Undefined Weak Reference
    __arm_preinit_                            - Undefined Weak Reference
    __cpp_initialize__aeabi_                  - Undefined Weak Reference
    __cxa_finalize                            - Undefined Weak Reference
    __rt_locale                               - Undefined Weak Reference
    __sigvec_lookup                           - Undefined Weak Reference
    _atexit_init                              - Undefined Weak Reference
    _call_atexit_fns                          - Undefined Weak Reference
    _clock_init                               - Undefined Weak Reference
    _fp_trap_init                             - Undefined Weak Reference
    _fp_trap_shutdown                         - Undefined Weak Reference
    _get_lc_collate                           - Undefined Weak Reference
    _get_lc_ctype                             - Undefined Weak Reference
    _get_lc_monetary                          - Undefined Weak Reference
    _get_lc_numeric                           - Undefined Weak Reference
    _get_lc_time                              - Undefined Weak Reference
    _getenv_init                              - Undefined Weak Reference
    _handle_redirection                       - Undefined Weak Reference
    _init_alloc                               - Undefined Weak Reference
    _init_user_alloc                          - Undefined Weak Reference
    _initio                                   - Undefined Weak Reference
    _rand_init                                - Undefined Weak Reference
    _signal_finish                            - Undefined Weak Reference
    _signal_init                              - Undefined Weak Reference
    _terminate_alloc                          - Undefined Weak Reference
    _terminate_user_alloc                     - Undefined Weak Reference
    _terminateio                              - Undefined Weak Reference
    __Vectors_Size                           0x000000ec   Number         0  startup_stm32f10x_md.o ABSOLUTE
    __Vectors                                0x08000000   Data           4  startup_stm32f10x_md.o(RESET)
    __Vectors_End                            0x080000ec   Data           0  startup_stm32f10x_md.o(RESET)
    __main                                   0x080000ed   Thumb Code     8  __main.o(!!!main)
    __scatterload                            0x080000f5   Thumb Code     0  __scatter.o(!!!scatter)
    __scatterload_rt2                        0x080000f5   Thumb Code    44  __scatter.o(!!!scatter)
    __scatterload_rt2_thumb_only             0x080000f5   Thumb Code     0  __scatter.o(!!!scatter)
    __scatterload_null                       0x08000103   Thumb Code     0  __scatter.o(!!!scatter)
    __decompress                             0x08000129   Thumb Code    90  __dczerorl2.o(!!dczerorl2)
    __decompress1                            0x08000129   Thumb Code     0  __dczerorl2.o(!!dczerorl2)
    __scatterload_zeroinit                   0x08000185   Thumb Code    28  __scatter_zi.o(!!handler_zi)
    __rt_lib_init                            0x080001a1   Thumb Code     0  libinit.o(.ARM.Collect$$libinit$$00000000)
    __rt_lib_init_alloca_1                   0x080001a3   Thumb Code     0  libinit2.o(.ARM.Collect$$libinit$$0000002E)
    __rt_lib_init_argv_1                     0x080001a3   Thumb Code     0  libinit2.o(.ARM.Collect$$libinit$$0000002C)
    __rt_lib_init_atexit_1                   0x080001a3   Thumb Code     0  libinit2.o(.ARM.Collect$$libinit$$0000001B)
    __rt_lib_init_clock_1                    0x080001a3   Thumb Code     0  libinit2.o(.ARM.Collect$$libinit$$00000021)
    __rt_lib_init_cpp_1                      0x080001a3   Thumb Code     0  libinit2.o(.ARM.Collect$$libinit$$00000032)
    __rt_lib_init_exceptions_1               0x080001a3   Thumb Code     0  libinit2.o(.ARM.Collect$$libinit$$00000030)
    __rt_lib_init_fp_1                       0x080001a3   Thumb Code     0  libinit2.o(.ARM.Collect$$libinit$$00000002)
    __rt_lib_init_fp_trap_1                  0x080001a3   Thumb Code     0  libinit2.o(.ARM.Collect$$libinit$$0000001F)
    __rt_lib_init_getenv_1                   0x080001a3   Thumb Code     0  libinit2.o(.ARM.Collect$$libinit$$00000023)
    __rt_lib_init_heap_1                     0x080001a3   Thumb Code     0  libinit2.o(.ARM.Collect$$libinit$$0000000A)
    __rt_lib_init_lc_collate_1               0x080001a3   Thumb Code     0  libinit2.o(.ARM.Collect$$libinit$$00000011)
    __rt_lib_init_lc_ctype_1                 0x080001a3   Thumb Code     0  libinit2.o(.ARM.Collect$$libinit$$00000013)
    __rt_lib_init_lc_monetary_1              0x080001a3   Thumb Code     0  libinit2.o(.ARM.Collect$$libinit$$00000015)
    __rt_lib_init_lc_numeric_1               0x080001a3   Thumb Code     0  libinit2.o(.ARM.Collect$$libinit$$00000017)
    __rt_lib_init_lc_time_1                  0x080001a3   Thumb Code     0  libinit2.o(.ARM.Collect$$libinit$$00000019)
    __rt_lib_init_preinit_1                  0x080001a3   Thumb Code     0  libinit2.o(.ARM.Collect$$libinit$$00000004)
    __rt_lib_init_rand_1                     0x080001a3   Thumb Code     0  libinit2.o(.ARM.Collect$$libinit$$0000000E)
    __rt_lib_init_return                     0x080001a3   Thumb Code     0  libinit2.o(.ARM.Collect$$libinit$$00000033)
    __rt_lib_init_signal_1                   0x080001a3   Thumb Code     0  libinit2.o(.ARM.Collect$$libinit$$0000001D)
    __rt_lib_init_stdio_1                    0x080001a3   Thumb Code     0  libinit2.o(.ARM.Collect$$libinit$$00000025)
    __rt_lib_init_user_alloc_1               0x080001a3   Thumb Code     0  libinit2.o(.ARM.Collect$$libinit$$0000000C)
    __rt_lib_shutdown                        0x080001a5   Thumb Code     0  libshutdown.o(.ARM.Collect$$libshutdown$$00000000)
    __rt_lib_shutdown_cpp_1                  0x080001a7   Thumb Code     0  libshutdown2.o(.ARM.Collect$$libshutdown$$00000002)
    __rt_lib_shutdown_fp_trap_1              0x080001a7   Thumb Code     0  libshutdown2.o(.ARM.Collect$$libshutdown$$00000007)
    __rt_lib_shutdown_heap_1                 0x080001a7   Thumb Code     0  libshutdown2.o(.ARM.Collect$$libshutdown$$0000000F)
    __rt_lib_shutdown_return                 0x080001a7   Thumb Code     0  libshutdown2.o(.ARM.Collect$$libshutdown$$00000010)
    __rt_lib_shutdown_signal_1               0x080001a7   Thumb Code     0  libshutdown2.o(.ARM.Collect$$libshutdown$$0000000A)
    __rt_lib_shutdown_stdio_1                0x080001a7   Thumb Code     0  libshutdown2.o(.ARM.Collect$$libshutdown$$00000004)
    __rt_lib_shutdown_user_alloc_1           0x080001a7   Thumb Code     0  libshutdown2.o(.ARM.Collect$$libshutdown$$0000000C)
    __rt_entry                               0x080001a9   Thumb Code     0  __rtentry.o(.ARM.Collect$$rtentry$$00000000)
    __rt_entry_presh_1                       0x080001a9   Thumb Code     0  __rtentry2.o(.ARM.Collect$$rtentry$$00000002)
    __rt_entry_sh                            0x080001a9   Thumb Code     0  __rtentry4.o(.ARM.Collect$$rtentry$$00000004)
    __rt_entry_li                            0x080001af   Thumb Code     0  __rtentry2.o(.ARM.Collect$$rtentry$$0000000A)
    __rt_entry_postsh_1                      0x080001af   Thumb Code     0  __rtentry2.o(.ARM.Collect$$rtentry$$00000009)
    __rt_entry_main                          0x080001b3   Thumb Code     0  __rtentry2.o(.ARM.Collect$$rtentry$$0000000D)
    __rt_entry_postli_1                      0x080001b3   Thumb Code     0  __rtentry2.o(.ARM.Collect$$rtentry$$0000000C)
    __rt_exit                                0x080001bb   Thumb Code     0  rtexit.o(.ARM.Collect$$rtexit$$00000000)
    __rt_exit_ls                             0x080001bd   Thumb Code     0  rtexit2.o(.ARM.Collect$$rtexit$$00000003)
    __rt_exit_prels_1                        0x080001bd   Thumb Code     0  rtexit2.o(.ARM.Collect$$rtexit$$00000002)
    __rt_exit_exit                           0x080001c1   Thumb Code     0  rtexit2.o(.ARM.Collect$$rtexit$$00000004)
    Reset_Handler                            0x080001c9   Thumb Code     8  startup_stm32f10x_md.o(.text)
    ADC1_2_IRQHandler                        0x080001e3   Thumb Code     0  startup_stm32f10x_md.o(.text)
    CAN1_RX1_IRQHandler                      0x080001e3   Thumb Code     0  startup_stm32f10x_md.o(.text)
    CAN1_SCE_IRQHandler                      0x080001e3   Thumb Code     0  startup_stm32f10x_md.o(.text)
    DMA1_Channel1_IRQHandler                 0x080001e3   Thumb Code     0  startup_stm32f10x_md.o(.text)
    DMA1_Channel2_IRQHandler                 0x080001e3   Thumb Code     0  startup_stm32f10x_md.o(.text)
    DMA1_Channel3_IRQHandler                 0x080001e3   Thumb Code     0  startup_stm32f10x_md.o(.text)
    DMA1_Channel4_IRQHandler                 0x080001e3   Thumb Code     0  startup_stm32f10x_md.o(.text)
    DMA1_Channel5_IRQHandler                 0x080001e3   Thumb Code     0  startup_stm32f10x_md.o(.text)
    DMA1_Channel6_IRQHandler                 0x080001e3   Thumb Code     0  startup_stm32f10x_md.o(.text)
    DMA1_Channel7_IRQHandler                 0x080001e3   Thumb Code     0  startup_stm32f10x_md.o(.text)
    FLASH_IRQHandler                         0x080001e3   Thumb Code     0  startup_stm32f10x_md.o(.text)
    I2C1_ER_IRQHandler                       0x080001e3   Thumb Code     0  startup_stm32f10x_md.o(.text)
    I2C1_EV_IRQHandler                       0x080001e3   Thumb Code     0  startup_stm32f10x_md.o(.text)
    I2C2_ER_IRQHandler                       0x080001e3   Thumb Code     0  startup_stm32f10x_md.o(.text)
    I2C2_EV_IRQHandler                       0x080001e3   Thumb Code     0  startup_stm32f10x_md.o(.text)
    PVD_IRQHandler                           0x080001e3   Thumb Code     0  startup_stm32f10x_md.o(.text)
    RCC_IRQHandler                           0x080001e3   Thumb Code     0  startup_stm32f10x_md.o(.text)
    RTCAlarm_IRQHandler                      0x080001e3   Thumb Code     0  startup_stm32f10x_md.o(.text)
    RTC_IRQHandler                           0x080001e3   Thumb Code     0  startup_stm32f10x_md.o(.text)
    SPI1_IRQHandler                          0x080001e3   Thumb Code     0  startup_stm32f10x_md.o(.text)
    SPI2_IRQHandler                          0x080001e3   Thumb Code     0  startup_stm32f10x_md.o(.text)
    TAMPER_IRQHandler                        0x080001e3   Thumb Code     0  startup_stm32f10x_md.o(.text)
    TIM1_BRK_IRQHandler                      0x080001e3   Thumb Code     0  startup_stm32f10x_md.o(.text)
    TIM1_CC_IRQHandler                       0x080001e3   Thumb Code     0  startup_stm32f10x_md.o(.text)
    TIM1_TRG_COM_IRQHandler                  0x080001e3   Thumb Code     0  startup_stm32f10x_md.o(.text)
    TIM1_UP_IRQHandler                       0x080001e3   Thumb Code     0  startup_stm32f10x_md.o(.text)
    USART1_IRQHandler                        0x080001e3   Thumb Code     0  startup_stm32f10x_md.o(.text)
    USART2_IRQHandler                        0x080001e3   Thumb Code     0  startup_stm32f10x_md.o(.text)
    USART3_IRQHandler                        0x080001e3   Thumb Code     0  startup_stm32f10x_md.o(.text)
    USB_HP_CAN1_TX_IRQHandler                0x080001e3   Thumb Code     0  startup_stm32f10x_md.o(.text)
    WWDG_IRQHandler                          0x080001e3   Thumb Code     0  startup_stm32f10x_md.o(.text)
    __user_initial_stackheap                 0x080001e5   Thumb Code     0  startup_stm32f10x_md.o(.text)
    __use_two_region_memory                  0x08000209   Thumb Code     2  heapauxi.o(.text)
    __rt_heap_escrow$2region                 0x0800020b   Thumb Code     2  heapauxi.o(.text)
    __rt_heap_expand$2region                 0x0800020d   Thumb Code     2  heapauxi.o(.text)
    __user_setup_stackheap                   0x0800020f   Thumb Code    74  sys_stackheap_outer.o(.text)
    exit                                     0x08000259   Thumb Code    18  exit.o(.text)
    __user_libspace                          0x0800026d   Thumb Code     8  libspace.o(.text)
    __user_perproc_libspace                  0x0800026d   Thumb Code     0  libspace.o(.text)
    __user_perthread_libspace                0x0800026d   Thumb Code     0  libspace.o(.text)
    _sys_exit                                0x08000275   Thumb Code     8  sys_exit.o(.text)
    __I$use$semihosting                      0x08000281   Thumb Code     0  use_no_semi.o(.text)
    __use_no_semihosting_swi                 0x08000281   Thumb Code     2  use_no_semi.o(.text)
    BusFault_Handler                         0x08000283   Thumb Code     4  stm32_it.o(i.BusFault_Handler)
    __semihosting_library_function           0x08000283   Thumb Code     0  indicate_semi.o(.text)
    ByteSwap                                 0x08000287   Thumb Code    12  usb_regs.o(i.ByteSwap)
    CDC_Receive_DATA                         0x08000295   Thumb Code    18  hw_config.o(i.CDC_Receive_DATA)
    CDC_Send_DATA                            0x080002ad   Thumb Code    50  hw_config.o(i.CDC_Send_DATA)
    CTR_LP                                   0x080002e5   Thumb Code   616  usb_int.o(i.CTR_LP)
    CheckBootloaderCommand                   0x0800056d   Thumb Code    18  bootmod.o(i.CheckBootloaderCommand)
    CheckCoreCommand                         0x08000589   Thumb Code    24  coremod.o(i.CheckCoreCommand)
    CheckforModules                          0x080005b9   Thumb Code    44  requesthandler.o(i.CheckforModules)
    ClearDTOG_RX                             0x080005fd   Thumb Code    48  usb_regs.o(i.ClearDTOG_RX)
    ClearDTOG_TX                             0x08000631   Thumb Code    48  usb_regs.o(i.ClearDTOG_TX)
    Clear_Status_Out                         0x08000665   Thumb Code    34  usb_regs.o(i.Clear_Status_Out)
    DebugMon_Handler                         0x08000aa1   Thumb Code     2  stm32_it.o(i.DebugMon_Handler)
    EP1_IN_Callback                          0x08000aa5   Thumb Code     8  usb_endp.o(i.EP1_IN_Callback)
    EP3_OUT_Callback                         0x08000ab1   Thumb Code    80  usb_endp.o(i.EP3_OUT_Callback)
    EXTI0_IRQHandler                         0x08000b1d   Thumb Code    34  exti.o(i.EXTI0_IRQHandler)
    EXTI15_10_IRQHandler                     0x08000b45   Thumb Code   208  exti.o(i.EXTI15_10_IRQHandler)
    EXTI1_IRQHandler                         0x08000c19   Thumb Code    34  exti.o(i.EXTI1_IRQHandler)
    EXTI2_IRQHandler                         0x08000c41   Thumb Code    34  exti.o(i.EXTI2_IRQHandler)
    EXTI3_IRQHandler                         0x08000c69   Thumb Code    34  exti.o(i.EXTI3_IRQHandler)
    EXTI4_IRQHandler                         0x08000c91   Thumb Code    34  exti.o(i.EXTI4_IRQHandler)
    EXTI9_5_IRQHandler                       0x08000cb9   Thumb Code   162  exti.o(i.EXTI9_5_IRQHandler)
    EXTI_ClearITPendingBit                   0x08000d61   Thumb Code     6  stm32f10x_exti.o(i.EXTI_ClearITPendingBit)
    EXTI_GetITStatus                         0x08000d6d   Thumb Code    34  stm32f10x_exti.o(i.EXTI_GetITStatus)
    EXTI_Init                                0x08000d95   Thumb Code   142  stm32f10x_exti.o(i.EXTI_Init)
    FLASH_ErasePage                          0x08000e29   Thumb Code    72  stm32f10x_flash.o(i.FLASH_ErasePage)
    FLASH_GetBank1Status                     0x08000e75   Thumb Code    48  stm32f10x_flash.o(i.FLASH_GetBank1Status)
    FLASH_Init                               0x08000ea9   Thumb Code    16  flash.o(i.FLASH_Init)
    FLASH_Lock                               0x08000eb9   Thumb Code    14  stm32f10x_flash.o(i.FLASH_Lock)
    FLASH_PrefetchBufferCmd                  0x08000ecd   Thumb Code    22  stm32f10x_flash.o(i.FLASH_PrefetchBufferCmd)
    FLASH_ProgramWord                        0x08000ee9   Thumb Code   102  stm32f10x_flash.o(i.FLASH_ProgramWord)
    FLASH_ReadSettings                       0x08000f55   Thumb Code    40  flash.o(i.FLASH_ReadSettings)
    FLASH_SetLatency                         0x08000f7d   Thumb Code    18  stm32f10x_flash.o(i.FLASH_SetLatency)
    FLASH_Unlock                             0x08000f95   Thumb Code    12  stm32f10x_flash.o(i.FLASH_Unlock)
    FLASH_WaitForLastOperation               0x08000fad   Thumb Code    38  stm32f10x_flash.o(i.FLASH_WaitForLastOperation)
    FLASH_WriteSettings                      0x08000fd3   Thumb Code    72  flash.o(i.FLASH_WriteSettings)
    GPIO_Init                                0x0800101b   Thumb Code   278  stm32f10x_gpio.o(i.GPIO_Init)
    GPIO_ResetBits                           0x08001131   Thumb Code     4  stm32f10x_gpio.o(i.GPIO_ResetBits)
    GPIO_SetBits                             0x08001135   Thumb Code     4  stm32f10x_gpio.o(i.GPIO_SetBits)
    GetEPRxAddr                              0x08001139   Thumb Code    24  usb_regs.o(i.GetEPRxAddr)
    GetEPRxCount                             0x08001159   Thumb Code    26  usb_regs.o(i.GetEPRxCount)
    GetEPTxAddr                              0x0800117d   Thumb Code    22  usb_regs.o(i.GetEPTxAddr)
    Get_SerialNum                            0x0800119d   Thumb Code    42  hw_config.o(i.Get_SerialNum)
    HardFault_Handler                        0x080011d1   Thumb Code     4  stm32_it.o(i.HardFault_Handler)
    HeaderCmp                                0x080011d5   Thumb Code   110  protocol.o(i.HeaderCmp)
    In0_Process                              0x08001249   Thumb Code    98  usb_core.o(i.In0_Process)
    InitializeAPI                            0x080012b9   Thumb Code   238  apifunctions.o(i.InitializeAPI)
    Leave_LowPowerMode                       0x08001439   Thumb Code    44  hw_config.o(i.Leave_LowPowerMode)
    MemManage_Handler                        0x08001471   Thumb Code     4  stm32_it.o(i.MemManage_Handler)
    NMI_Handler                              0x08001475   Thumb Code     2  stm32_it.o(i.NMI_Handler)
    NOP_Process                              0x08001477   Thumb Code     2  usb_core.o(i.NOP_Process)
    NVIC_Init                                0x08001479   Thumb Code   100  misc.o(i.NVIC_Init)
    NVIC_PriorityGroupConfig                 0x080014e9   Thumb Code    10  misc.o(i.NVIC_PriorityGroupConfig)
    Out0_Process                             0x08001635   Thumb Code    70  usb_core.o(i.Out0_Process)
    PMAToUserBufferCopy                      0x08001685   Thumb Code    34  usb_mem.o(i.PMAToUserBufferCopy)
    PendSV_Handler                           0x080016ad   Thumb Code     2  stm32_it.o(i.PendSV_Handler)
    Post0_Process                            0x080016b1   Thumb Code    54  usb_core.o(i.Post0_Process)
    PowerOn                                  0x080016f9   Thumb Code    54  usb_pwr.o(i.PowerOn)
    RCC_APB1PeriphClockCmd                   0x08001739   Thumb Code    26  stm32f10x_rcc.o(i.RCC_APB1PeriphClockCmd)
    RCC_APB2PeriphClockCmd                   0x08001759   Thumb Code    26  stm32f10x_rcc.o(i.RCC_APB2PeriphClockCmd)
    RCC_DeInit                               0x08001779   Thumb Code    64  stm32f10x_rcc.o(i.RCC_DeInit)
    RCC_GetFlagStatus                        0x080017c5   Thumb Code    56  stm32f10x_rcc.o(i.RCC_GetFlagStatus)
    RCC_GetSYSCLKSource                      0x08001801   Thumb Code    10  stm32f10x_rcc.o(i.RCC_GetSYSCLKSource)
    RCC_HCLKConfig                           0x08001811   Thumb Code    18  stm32f10x_rcc.o(i.RCC_HCLKConfig)
    RCC_HSEConfig                            0x08001829   Thumb Code    70  stm32f10x_rcc.o(i.RCC_HSEConfig)
    RCC_PCLK1Config                          0x08001875   Thumb Code    18  stm32f10x_rcc.o(i.RCC_PCLK1Config)
    RCC_PCLK2Config                          0x0800188d   Thumb Code    20  stm32f10x_rcc.o(i.RCC_PCLK2Config)
    RCC_PLLCmd                               0x080018a5   Thumb Code     6  stm32f10x_rcc.o(i.RCC_PLLCmd)
    RCC_PLLConfig                            0x080018b1   Thumb Code    24  stm32f10x_rcc.o(i.RCC_PLLConfig)
    RCC_SYSCLKConfig                         0x080018cd   Thumb Code    18  stm32f10x_rcc.o(i.RCC_SYSCLKConfig)
    RCC_USBCLKConfig                         0x080018e5   Thumb Code     6  stm32f10x_rcc.o(i.RCC_USBCLKConfig)
    RCC_WaitForHSEStartUp                    0x080018f1   Thumb Code    56  stm32f10x_rcc.o(i.RCC_WaitForHSEStartUp)
    Resume                                   0x08001929   Thumb Code   194  usb_pwr.o(i.Resume)
    Resume_Init                              0x080019f9   Thumb Code    30  usb_pwr.o(i.Resume_Init)
    RunApp                                   0x08001a1d   Thumb Code    22  applauncher.o(i.RunApp)
    SVC_Handler                              0x08001a39   Thumb Code     2  stm32_it.o(i.SVC_Handler)
    SYSCLK_104Mhz                            0x08001a3b   Thumb Code    12  sysclk.o(i.SYSCLK_104Mhz)
    SYSCLK_112Mhz                            0x08001a47   Thumb Code    12  sysclk.o(i.SYSCLK_112Mhz)
    SYSCLK_120Mhz                            0x08001a53   Thumb Code    12  sysclk.o(i.SYSCLK_120Mhz)
    SYSCLK_128Mhz                            0x08001a5f   Thumb Code    12  sysclk.o(i.SYSCLK_128Mhz)
    SYSCLK_16Mhz                             0x08001a6b   Thumb Code    10  sysclk.o(i.SYSCLK_16Mhz)
    SYSCLK_24Mhz                             0x08001a75   Thumb Code    12  sysclk.o(i.SYSCLK_24Mhz)
    SYSCLK_32Mhz                             0x08001a81   Thumb Code    12  sysclk.o(i.SYSCLK_32Mhz)
    SYSCLK_40Mhz                             0x08001a8d   Thumb Code    12  sysclk.o(i.SYSCLK_40Mhz)
    SYSCLK_48Mhz                             0x08001a99   Thumb Code    12  sysclk.o(i.SYSCLK_48Mhz)
    SYSCLK_56Mhz                             0x08001aa5   Thumb Code    12  sysclk.o(i.SYSCLK_56Mhz)
    SYSCLK_64Mhz                             0x08001ab1   Thumb Code    12  sysclk.o(i.SYSCLK_64Mhz)
    SYSCLK_72Mhz                             0x08001abd   Thumb Code    12  sysclk.o(i.SYSCLK_72Mhz)
    SYSCLK_80Mhz                             0x08001ac9   Thumb Code    12  sysclk.o(i.SYSCLK_80Mhz)
    SYSCLK_88Mhz                             0x08001ad5   Thumb Code    12  sysclk.o(i.SYSCLK_88Mhz)
    SYSCLK_96Mhz                             0x08001ae1   Thumb Code    12  sysclk.o(i.SYSCLK_96Mhz)
    SYSCLK_Set                               0x08001aed   Thumb Code   312  sysclk.o(i.SYSCLK_Set)
    SetBTABLE                                0x08001c2d   Thumb Code    12  usb_regs.o(i.SetBTABLE)
    SetDeviceAddress                         0x08001c3d   Thumb Code    68  usb_core.o(i.SetDeviceAddress)
    SetEPRxAddr                              0x08001c8d   Thumb Code    26  usb_regs.o(i.SetEPRxAddr)
    SetEPRxCount                             0x08001cb1   Thumb Code    68  usb_regs.o(i.SetEPRxCount)
    SetEPRxStatus                            0x08001cfd   Thumb Code    60  usb_regs.o(i.SetEPRxStatus)
    SetEPRxValid                             0x08001d3d   Thumb Code    48  usb_regs.o(i.SetEPRxValid)
    SetEPTxAddr                              0x08001d71   Thumb Code    24  usb_regs.o(i.SetEPTxAddr)
    SetEPTxCount                             0x08001d91   Thumb Code    20  usb_regs.o(i.SetEPTxCount)
    SetEPTxStatus                            0x08001dad   Thumb Code    60  usb_regs.o(i.SetEPTxStatus)
    SetEPTxValid                             0x08001ded   Thumb Code    48  usb_regs.o(i.SetEPTxValid)
    SetEPType                                0x08001e21   Thumb Code    32  usb_regs.o(i.SetEPType)
    Set_System                               0x08001f2d   Thumb Code    70  hw_config.o(i.Set_System)
    Set_USBClock                             0x08001f7d   Thumb Code    18  hw_config.o(i.Set_USBClock)
    Setup0_Process                           0x08001f91   Thumb Code   170  usb_core.o(i.Setup0_Process)
    Standard_ClearFeature                    0x08002049   Thumb Code   342  usb_core.o(i.Standard_ClearFeature)
    Standard_GetConfiguration                0x080021b5   Thumb Code    34  usb_core.o(i.Standard_GetConfiguration)
    Standard_GetDescriptorData               0x080021e1   Thumb Code    32  usb_core.o(i.Standard_GetDescriptorData)
    Standard_GetInterface                    0x08002205   Thumb Code    34  usb_core.o(i.Standard_GetInterface)
    Standard_GetStatus                       0x08002231   Thumb Code   238  usb_core.o(i.Standard_GetStatus)
    Standard_SetConfiguration                0x08002331   Thumb Code    60  usb_core.o(i.Standard_SetConfiguration)
    Standard_SetDeviceFeature                0x08002379   Thumb Code    30  usb_core.o(i.Standard_SetDeviceFeature)
    Standard_SetEndPointFeature              0x080023a1   Thumb Code   192  usb_core.o(i.Standard_SetEndPointFeature)
    Standard_SetInterface                    0x08002471   Thumb Code    96  usb_core.o(i.Standard_SetInterface)
    Suspend                                  0x080024dd   Thumb Code     2  usb_pwr.o(i.Suspend)
    SysTick_Handler                          0x080024df   Thumb Code     2  stm32_it.o(i.SysTick_Handler)
    SystemInit                               0x080024e1   Thumb Code    78  system_stm32f10x.o(i.SystemInit)
    TIM2_IRQHandler                          0x08002541   Thumb Code   174  tim.o(i.TIM2_IRQHandler)
    TIM3_IRQHandler                          0x080025f5   Thumb Code   174  tim.o(i.TIM3_IRQHandler)
    TIM4_IRQHandler                          0x080026ad   Thumb Code   174  tim.o(i.TIM4_IRQHandler)
    TIM_ClearITPendingBit                    0x08002765   Thumb Code     6  stm32f10x_tim.o(i.TIM_ClearITPendingBit)
    TIM_GetITStatus                          0x0800276b   Thumb Code    34  stm32f10x_tim.o(i.TIM_GetITStatus)
    USBWakeUp_IRQHandler                     0x0800278d   Thumb Code    12  stm32_it.o(i.USBWakeUp_IRQHandler)
    USB_Cable_Config                         0x08002799   Thumb Code    30  hw_config.o(i.USB_Cable_Config)
    USB_Init                                 0x080027bd   Thumb Code    36  usb_init.o(i.USB_Init)
    USB_Initialize                           0x080027f9   Thumb Code    26  usb.o(i.USB_Initialize)
    USB_Interrupts_Config                    0x08002819   Thumb Code    60  hw_config.o(i.USB_Interrupts_Config)
    USB_Istr                                 0x08002855   Thumb Code   422  usb_istr.o(i.USB_Istr)
    USB_LP_CAN1_RX0_IRQHandler               0x08002a21   Thumb Code     8  stm32_it.o(i.USB_LP_CAN1_RX0_IRQHandler)
    USB_SIL_Init                             0x08002a29   Thumb Code    28  usb_sil.o(i.USB_SIL_Init)
    USB_Send                                 0x08002a4d   Thumb Code    16  usb.o(i.USB_Send)
    UsageFault_Handler                       0x08002a61   Thumb Code     4  stm32_it.o(i.UsageFault_Handler)
    UserToPMABufferCopy                      0x08002a65   Thumb Code    52  usb_mem.o(i.UserToPMABufferCopy)
    Virtual_Com_Port_Data_Setup              0x08002a9d   Thumb Code    82  usb_prop.o(i.Virtual_Com_Port_Data_Setup)
    Virtual_Com_Port_GetConfigDescriptor     0x08002b01   Thumb Code    14  usb_prop.o(i.Virtual_Com_Port_GetConfigDescriptor)
    Virtual_Com_Port_GetDeviceDescriptor     0x08002b15   Thumb Code    14  usb_prop.o(i.Virtual_Com_Port_GetDeviceDescriptor)
    Virtual_Com_Port_GetLineCoding           0x08002b29   Thumb Code    20  usb_prop.o(i.Virtual_Com_Port_GetLineCoding)
    Virtual_Com_Port_GetStringDescriptor     0x08002b45   Thumb Code    32  usb_prop.o(i.Virtual_Com_Port_GetStringDescriptor)
    Virtual_Com_Port_Get_Interface_Setting   0x08002b6d   Thumb Code    22  usb_prop.o(i.Virtual_Com_Port_Get_Interface_Setting)
    Virtual_Com_Port_NoData_Setup            0x08002b85   Thumb Code    36  usb_prop.o(i.Virtual_Com_Port_NoData_Setup)
    Virtual_Com_Port_Reset                   0x08002bad   Thumb Code   216  usb_prop.o(i.Virtual_Com_Port_Reset)
    Virtual_Com_Port_SetConfiguration        0x08002c95   Thumb Code    14  usb_prop.o(i.Virtual_Com_Port_SetConfiguration)
    Virtual_Com_Port_SetDeviceAddress        0x08002cad   Thumb Code     8  usb_prop.o(i.Virtual_Com_Port_SetDeviceAddress)
    Virtual_Com_Port_SetLineCoding           0x08002cb9   Thumb Code    20  usb_prop.o(i.Virtual_Com_Port_SetLineCoding)
    Virtual_Com_Port_Status_In               0x08002cd5   Thumb Code    16  usb_prop.o(i.Virtual_Com_Port_Status_In)
    Virtual_Com_Port_Status_Out              0x08002ce9   Thumb Code     2  usb_prop.o(i.Virtual_Com_Port_Status_Out)
    Virtual_Com_Port_init                    0x08002ced   Thumb Code    30  usb_prop.o(i.Virtual_Com_Port_init)
    main                                     0x08002d55   Thumb Code    54  main.o(i.main)
    Virtual_Com_Port_DeviceDescriptor        0x08002da0   Data          18  usb_desc.o(.constdata)
    Virtual_Com_Port_ConfigDescriptor        0x08002db2   Data          67  usb_desc.o(.constdata)
    Virtual_Com_Port_StringLangID            0x08002df5   Data           4  usb_desc.o(.constdata)
    Virtual_Com_Port_StringVendor            0x08002df9   Data          38  usb_desc.o(.constdata)
    Virtual_Com_Port_StringProduct           0x08002e1f   Data          50  usb_desc.o(.constdata)
    Region$$Table$$Base                      0x08002e54   Number         0  anon$$obj.o(Region$$Table)
    Region$$Table$$Limit                     0x08002e74   Number         0  anon$$obj.o(Region$$Table)
    adr                                      0x20000000   Data           4  main.o(.data)
    SYSCLK_CLK                               0x20000004   Data           1  sysclk.o(.data)
    USB_PacketSent                           0x20000008   Data           4  usb.o(.data)
    USB_PacketReceived                       0x2000000c   Data           4  usb.o(.data)
    receiveCallback                          0x20000010   Data           4  callback.o(.data)
    HSEStartUpStatus                         0x20000014   Data           1  hw_config.o(.data)
    EXTI_InitStructure                       0x20000018   Data           8  hw_config.o(.data)
    Send_length                              0x20000020   Data           4  hw_config.o(.data)
    StatusInfo                               0x20000024   Data           2  usb_core.o(.data)
    Data_Mul_MaxPacketSize                   0x20000026   Data           1  usb_core.o(.data)
    Virtual_Com_Port_StringSerial            0x20000027   Data          26  usb_desc.o(.data)
    USB_ReceivedLength                       0x20000044   Data           4  usb_endp.o(.data)
    running                                  0x20000048   Data           1  usb_endp.o(.data)
    EPindex                                  0x2000004c   Data           1  usb_init.o(.data)
    pInformation                             0x20000050   Data           4  usb_init.o(.data)
    pProperty                                0x20000054   Data           4  usb_init.o(.data)
    SaveState                                0x20000058   Data           2  usb_init.o(.data)
    wInterrupt_Mask                          0x2000005a   Data           2  usb_init.o(.data)
    pUser_Standard_Requests                  0x2000005c   Data           4  usb_init.o(.data)
    SaveRState                               0x20000060   Data           2  usb_int.o(.data)
    SaveTState                               0x20000062   Data           2  usb_int.o(.data)
    wIstr                                    0x20000064   Data           2  usb_istr.o(.data)
    bIntPackSOF                              0x20000066   Data           1  usb_istr.o(.data)
    esof_counter                             0x20000068   Data           4  usb_istr.o(.data)
    wCNTR                                    0x2000006c   Data           4  usb_istr.o(.data)
    pEpInt_IN                                0x20000070   Data          28  usb_istr.o(.data)
    pEpInt_OUT                               0x2000008c   Data          28  usb_istr.o(.data)
    Request                                  0x200000a8   Data           1  usb_prop.o(.data)
    linecoding                               0x200000ac   Data           8  usb_prop.o(.data)
    Device_Table                             0x200000b4   Data           2  usb_prop.o(.data)
    Device_Property                          0x200000b8   Data          48  usb_prop.o(.data)
    User_Standard_Requests                   0x200000e8   Data          36  usb_prop.o(.data)
    Device_Descriptor                        0x2000010c   Data           8  usb_prop.o(.data)
    Config_Descriptor                        0x20000114   Data           8  usb_prop.o(.data)
    String_Descriptor                        0x2000011c   Data          32  usb_prop.o(.data)
    bDeviceState                             0x2000013c   Data           4  usb_pwr.o(.data)
    fSuspendEnabled                          0x20000140   Data           1  usb_pwr.o(.data)
    ResumeS                                  0x20000141   Data           2  usb_pwr.o(.data)
    remotewakeupon                           0x20000144   Data           4  usb_pwr.o(.data)
    Settings                                 0x20000148   Data           1  settings.o(.data)
    api                                      0x2000014c   Data         272  main.o(.bss)
    USB_SendBuffer                           0x2000025c   Data          64  usb.o(.bss)
    USB_ReceiveBuffer                        0x2000029c   Data          64  hw_config.o(.bss)
    Device_Info                              0x200002dc   Data          28  usb_init.o(.bss)
    __libspace_start                         0x200002f8   Data          96  libspace.o(.bss)
    __temporary_stack_top$libspace           0x20000358   Data           0  libspace.o(.bss)



==============================================================================

Memory Map of the image

  Image Entry point : 0x080000ed

  Load Region LR_IROM1 (Base: 0x08000000, Size: 0x00002fc0, Max: 0x00003800, ABSOLUTE, COMPRESSED[0x00002ef4])

    Execution Region ER_IROM1 (Exec base: 0x08000000, Load base: 0x08000000, Size: 0x00002e74, Max: 0x00003800, ABSOLUTE)

    Exec Addr    Load Addr    Size         Type   Attr      Idx    E Section Name        Object

    0x08000000   0x08000000   0x000000ec   Data   RO         3474    RESET               startup_stm32f10x_md.o
    0x080000ec   0x080000ec   0x00000008   Code   RO         3529  * !!!main             c_w.l(__main.o)
    0x080000f4   0x080000f4   0x00000034   Code   RO         3688    !!!scatter          c_w.l(__scatter.o)
    0x08000128   0x08000128   0x0000005a   Code   RO         3686    !!dczerorl2         c_w.l(__dczerorl2.o)
    0x08000182   0x08000182   0x00000002   PAD
    0x08000184   0x08000184   0x0000001c   Code   RO         3690    !!handler_zi        c_w.l(__scatter_zi.o)
    0x080001a0   0x080001a0   0x00000002   Code   RO         3556    .ARM.Collect$$libinit$$00000000  c_w.l(libinit.o)
    0x080001a2   0x080001a2   0x00000000   Code   RO         3563    .ARM.Collect$$libinit$$00000002  c_w.l(libinit2.o)
    0x080001a2   0x080001a2   0x00000000   Code   RO         3565    .ARM.Collect$$libinit$$00000004  c_w.l(libinit2.o)
    0x080001a2   0x080001a2   0x00000000   Code   RO         3568    .ARM.Collect$$libinit$$0000000A  c_w.l(libinit2.o)
    0x080001a2   0x080001a2   0x00000000   Code   RO         3570    .ARM.Collect$$libinit$$0000000C  c_w.l(libinit2.o)
    0x080001a2   0x080001a2   0x00000000   Code   RO         3572    .ARM.Collect$$libinit$$0000000E  c_w.l(libinit2.o)
    0x080001a2   0x080001a2   0x00000000   Code   RO         3575    .ARM.Collect$$libinit$$00000011  c_w.l(libinit2.o)
    0x080001a2   0x080001a2   0x00000000   Code   RO         3577    .ARM.Collect$$libinit$$00000013  c_w.l(libinit2.o)
    0x080001a2   0x080001a2   0x00000000   Code   RO         3579    .ARM.Collect$$libinit$$00000015  c_w.l(libinit2.o)
    0x080001a2   0x080001a2   0x00000000   Code   RO         3581    .ARM.Collect$$libinit$$00000017  c_w.l(libinit2.o)
    0x080001a2   0x080001a2   0x00000000   Code   RO         3583    .ARM.Collect$$libinit$$00000019  c_w.l(libinit2.o)
    0x080001a2   0x080001a2   0x00000000   Code   RO         3585    .ARM.Collect$$libinit$$0000001B  c_w.l(libinit2.o)
    0x080001a2   0x080001a2   0x00000000   Code   RO         3587    .ARM.Collect$$libinit$$0000001D  c_w.l(libinit2.o)
    0x080001a2   0x080001a2   0x00000000   Code   RO         3589    .ARM.Collect$$libinit$$0000001F  c_w.l(libinit2.o)
    0x080001a2   0x080001a2   0x00000000   Code   RO         3591    .ARM.Collect$$libinit$$00000021  c_w.l(libinit2.o)
    0x080001a2   0x080001a2   0x00000000   Code   RO         3593    .ARM.Collect$$libinit$$00000023  c_w.l(libinit2.o)
    0x080001a2   0x080001a2   0x00000000   Code   RO         3595    .ARM.Collect$$libinit$$00000025  c_w.l(libinit2.o)
    0x080001a2   0x080001a2   0x00000000   Code   RO         3599    .ARM.Collect$$libinit$$0000002C  c_w.l(libinit2.o)
    0x080001a2   0x080001a2   0x00000000   Code   RO         3601    .ARM.Collect$$libinit$$0000002E  c_w.l(libinit2.o)
    0x080001a2   0x080001a2   0x00000000   Code   RO         3603    .ARM.Collect$$libinit$$00000030  c_w.l(libinit2.o)
    0x080001a2   0x080001a2   0x00000000   Code   RO         3605    .ARM.Collect$$libinit$$00000032  c_w.l(libinit2.o)
    0x080001a2   0x080001a2   0x00000002   Code   RO         3606    .ARM.Collect$$libinit$$00000033  c_w.l(libinit2.o)
    0x080001a4   0x080001a4   0x00000002   Code   RO         3626    .ARM.Collect$$libshutdown$$00000000  c_w.l(libshutdown.o)
    0x080001a6   0x080001a6   0x00000000   Code   RO         3639    .ARM.Collect$$libshutdown$$00000002  c_w.l(libshutdown2.o)
    0x080001a6   0x080001a6   0x00000000   Code   RO         3641    .ARM.Collect$$libshutdown$$00000004  c_w.l(libshutdown2.o)
    0x080001a6   0x080001a6   0x00000000   Code   RO         3644    .ARM.Collect$$libshutdown$$00000007  c_w.l(libshutdown2.o)
    0x080001a6   0x080001a6   0x00000000   Code   RO         3647    .ARM.Collect$$libshutdown$$0000000A  c_w.l(libshutdown2.o)
    0x080001a6   0x080001a6   0x00000000   Code   RO         3649    .ARM.Collect$$libshutdown$$0000000C  c_w.l(libshutdown2.o)
    0x080001a6   0x080001a6   0x00000000   Code   RO         3652    .ARM.Collect$$libshutdown$$0000000F  c_w.l(libshutdown2.o)
    0x080001a6   0x080001a6   0x00000002   Code   RO         3653    .ARM.Collect$$libshutdown$$00000010  c_w.l(libshutdown2.o)
    0x080001a8   0x080001a8   0x00000000   Code   RO         3531    .ARM.Collect$$rtentry$$00000000  c_w.l(__rtentry.o)
    0x080001a8   0x080001a8   0x00000000   Code   RO         3533    .ARM.Collect$$rtentry$$00000002  c_w.l(__rtentry2.o)
    0x080001a8   0x080001a8   0x00000006   Code   RO         3545    .ARM.Collect$$rtentry$$00000004  c_w.l(__rtentry4.o)
    0x080001ae   0x080001ae   0x00000000   Code   RO         3535    .ARM.Collect$$rtentry$$00000009  c_w.l(__rtentry2.o)
    0x080001ae   0x080001ae   0x00000004   Code   RO         3536    .ARM.Collect$$rtentry$$0000000A  c_w.l(__rtentry2.o)
    0x080001b2   0x080001b2   0x00000000   Code   RO         3538    .ARM.Collect$$rtentry$$0000000C  c_w.l(__rtentry2.o)
    0x080001b2   0x080001b2   0x00000008   Code   RO         3539    .ARM.Collect$$rtentry$$0000000D  c_w.l(__rtentry2.o)
    0x080001ba   0x080001ba   0x00000002   Code   RO         3560    .ARM.Collect$$rtexit$$00000000  c_w.l(rtexit.o)
    0x080001bc   0x080001bc   0x00000000   Code   RO         3608    .ARM.Collect$$rtexit$$00000002  c_w.l(rtexit2.o)
    0x080001bc   0x080001bc   0x00000004   Code   RO         3609    .ARM.Collect$$rtexit$$00000003  c_w.l(rtexit2.o)
    0x080001c0   0x080001c0   0x00000006   Code   RO         3610    .ARM.Collect$$rtexit$$00000004  c_w.l(rtexit2.o)
    0x080001c6   0x080001c6   0x00000002   PAD
    0x080001c8   0x080001c8   0x00000040   Code   RO         3475    .text               startup_stm32f10x_md.o
    0x08000208   0x08000208   0x00000006   Code   RO         3527    .text               c_w.l(heapauxi.o)
    0x0800020e   0x0800020e   0x0000004a   Code   RO         3547    .text               c_w.l(sys_stackheap_outer.o)
    0x08000258   0x08000258   0x00000012   Code   RO         3549    .text               c_w.l(exit.o)
    0x0800026a   0x0800026a   0x00000002   PAD
    0x0800026c   0x0800026c   0x00000008   Code   RO         3557    .text               c_w.l(libspace.o)
    0x08000274   0x08000274   0x0000000c   Code   RO         3618    .text               c_w.l(sys_exit.o)
    0x08000280   0x08000280   0x00000002   Code   RO         3629    .text               c_w.l(use_no_semi.o)
    0x08000282   0x08000282   0x00000000   Code   RO         3631    .text               c_w.l(indicate_semi.o)
    0x08000282   0x08000282   0x00000004   Code   RO          786    i.BusFault_Handler  stm32_it.o
    0x08000286   0x08000286   0x0000000c   Code   RO         1374    i.ByteSwap          usb_regs.o
    0x08000292   0x08000292   0x00000002   PAD
    0x08000294   0x08000294   0x00000018   Code   RO          698    i.CDC_Receive_DATA  hw_config.o
    0x080002ac   0x080002ac   0x00000038   Code   RO          699    i.CDC_Send_DATA     hw_config.o
    0x080002e4   0x080002e4   0x00000288   Code   RO         1099    i.CTR_LP            usb_int.o
    0x0800056c   0x0800056c   0x0000001c   Code   RO         1887    i.CheckBootloaderCommand  bootmod.o
    0x08000588   0x08000588   0x00000030   Code   RO         1911    i.CheckCoreCommand  coremod.o
    0x080005b8   0x080005b8   0x00000044   Code   RO         1863    i.CheckforModules   requesthandler.o
    0x080005fc   0x080005fc   0x00000034   Code   RO         1375    i.ClearDTOG_RX      usb_regs.o
    0x08000630   0x08000630   0x00000034   Code   RO         1376    i.ClearDTOG_TX      usb_regs.o
    0x08000664   0x08000664   0x00000028   Code   RO         1381    i.Clear_Status_Out  usb_regs.o
    0x0800068c   0x0800068c   0x000000c0   Code   RO          873    i.DataStageIn       usb_core.o
    0x0800074c   0x0800074c   0x000000bc   Code   RO          874    i.DataStageOut      usb_core.o
    0x08000808   0x08000808   0x00000298   Code   RO          875    i.Data_Setup0       usb_core.o
    0x08000aa0   0x08000aa0   0x00000002   Code   RO          787    i.DebugMon_Handler  stm32_it.o
    0x08000aa2   0x08000aa2   0x00000002   PAD
    0x08000aa4   0x08000aa4   0x0000000c   Code   RO         1029    i.EP1_IN_Callback   usb_endp.o
    0x08000ab0   0x08000ab0   0x0000006c   Code   RO         1030    i.EP3_OUT_Callback  usb_endp.o
    0x08000b1c   0x08000b1c   0x00000028   Code   RO          500    i.EXTI0_IRQHandler  exti.o
    0x08000b44   0x08000b44   0x000000d4   Code   RO          501    i.EXTI15_10_IRQHandler  exti.o
    0x08000c18   0x08000c18   0x00000028   Code   RO          502    i.EXTI1_IRQHandler  exti.o
    0x08000c40   0x08000c40   0x00000028   Code   RO          503    i.EXTI2_IRQHandler  exti.o
    0x08000c68   0x08000c68   0x00000028   Code   RO          504    i.EXTI3_IRQHandler  exti.o
    0x08000c90   0x08000c90   0x00000028   Code   RO          505    i.EXTI4_IRQHandler  exti.o
    0x08000cb8   0x08000cb8   0x000000a8   Code   RO          506    i.EXTI9_5_IRQHandler  exti.o
    0x08000d60   0x08000d60   0x0000000c   Code   RO         2326    i.EXTI_ClearITPendingBit  stm32f10x_exti.o
    0x08000d6c   0x08000d6c   0x00000028   Code   RO         2330    i.EXTI_GetITStatus  stm32f10x_exti.o
    0x08000d94   0x08000d94   0x00000094   Code   RO         2331    i.EXTI_Init         stm32f10x_exti.o
    0x08000e28   0x08000e28   0x0000004c   Code   RO         2396    i.FLASH_ErasePage   stm32f10x_flash.o
    0x08000e74   0x08000e74   0x00000034   Code   RO         2397    i.FLASH_GetBank1Status  stm32f10x_flash.o
    0x08000ea8   0x08000ea8   0x00000010   Code   RO          560    i.FLASH_Init        flash.o
    0x08000eb8   0x08000eb8   0x00000014   Code   RO         2406    i.FLASH_Lock        stm32f10x_flash.o
    0x08000ecc   0x08000ecc   0x0000001c   Code   RO         2408    i.FLASH_PrefetchBufferCmd  stm32f10x_flash.o
    0x08000ee8   0x08000ee8   0x0000006c   Code   RO         2411    i.FLASH_ProgramWord  stm32f10x_flash.o
    0x08000f54   0x08000f54   0x00000028   Code   RO          561    i.FLASH_ReadSettings  flash.o
    0x08000f7c   0x08000f7c   0x00000018   Code   RO         2413    i.FLASH_SetLatency  stm32f10x_flash.o
    0x08000f94   0x08000f94   0x00000018   Code   RO         2414    i.FLASH_Unlock      stm32f10x_flash.o
    0x08000fac   0x08000fac   0x00000026   Code   RO         2418    i.FLASH_WaitForLastOperation  stm32f10x_flash.o
    0x08000fd2   0x08000fd2   0x00000048   Code   RO          562    i.FLASH_WriteSettings  flash.o
    0x0800101a   0x0800101a   0x00000116   Code   RO         2583    i.GPIO_Init         stm32f10x_gpio.o
    0x08001130   0x08001130   0x00000004   Code   RO         2590    i.GPIO_ResetBits    stm32f10x_gpio.o
    0x08001134   0x08001134   0x00000004   Code   RO         2591    i.GPIO_SetBits      stm32f10x_gpio.o
    0x08001138   0x08001138   0x00000020   Code   RO         1393    i.GetEPRxAddr       usb_regs.o
    0x08001158   0x08001158   0x00000024   Code   RO         1394    i.GetEPRxCount      usb_regs.o
    0x0800117c   0x0800117c   0x00000020   Code   RO         1396    i.GetEPTxAddr       usb_regs.o
    0x0800119c   0x0800119c   0x00000034   Code   RO          701    i.Get_SerialNum     hw_config.o
    0x080011d0   0x080011d0   0x00000004   Code   RO          788    i.HardFault_Handler  stm32_it.o
    0x080011d4   0x080011d4   0x00000074   Code   RO         1818    i.HeaderCmp         protocol.o
    0x08001248   0x08001248   0x00000070   Code   RO          876    i.In0_Process       usb_core.o
    0x080012b8   0x080012b8   0x00000140   Code   RO          197    i.InitializeAPI     apifunctions.o
    0x080013f8   0x080013f8   0x0000003e   Code   RO          702    i.IntToUnicode      hw_config.o
    0x08001436   0x08001436   0x00000002   PAD
    0x08001438   0x08001438   0x00000038   Code   RO          703    i.Leave_LowPowerMode  hw_config.o
    0x08001470   0x08001470   0x00000004   Code   RO          789    i.MemManage_Handler  stm32_it.o
    0x08001474   0x08001474   0x00000002   Code   RO          790    i.NMI_Handler       stm32_it.o
    0x08001476   0x08001476   0x00000002   Code   RO          877    i.NOP_Process       usb_core.o
    0x08001478   0x08001478   0x00000070   Code   RO         1959    i.NVIC_Init         misc.o
    0x080014e8   0x080014e8   0x00000014   Code   RO         1960    i.NVIC_PriorityGroupConfig  misc.o
    0x080014fc   0x080014fc   0x00000138   Code   RO          878    i.NoData_Setup0     usb_core.o
    0x08001634   0x08001634   0x00000050   Code   RO          879    i.Out0_Process      usb_core.o
    0x08001684   0x08001684   0x00000028   Code   RO         1170    i.PMAToUserBufferCopy  usb_mem.o
    0x080016ac   0x080016ac   0x00000002   Code   RO          791    i.PendSV_Handler    stm32_it.o
    0x080016ae   0x080016ae   0x00000002   PAD
    0x080016b0   0x080016b0   0x00000048   Code   RO          880    i.Post0_Process     usb_core.o
    0x080016f8   0x080016f8   0x00000040   Code   RO         1314    i.PowerOn           usb_pwr.o
    0x08001738   0x08001738   0x00000020   Code   RO         2705    i.RCC_APB1PeriphClockCmd  stm32f10x_rcc.o
    0x08001758   0x08001758   0x00000020   Code   RO         2707    i.RCC_APB2PeriphClockCmd  stm32f10x_rcc.o
    0x08001778   0x08001778   0x0000004c   Code   RO         2714    i.RCC_DeInit        stm32f10x_rcc.o
    0x080017c4   0x080017c4   0x0000003c   Code   RO         2716    i.RCC_GetFlagStatus  stm32f10x_rcc.o
    0x08001800   0x08001800   0x00000010   Code   RO         2718    i.RCC_GetSYSCLKSource  stm32f10x_rcc.o
    0x08001810   0x08001810   0x00000018   Code   RO         2719    i.RCC_HCLKConfig    stm32f10x_rcc.o
    0x08001828   0x08001828   0x0000004c   Code   RO         2720    i.RCC_HSEConfig     stm32f10x_rcc.o
    0x08001874   0x08001874   0x00000018   Code   RO         2726    i.RCC_PCLK1Config   stm32f10x_rcc.o
    0x0800188c   0x0800188c   0x00000018   Code   RO         2727    i.RCC_PCLK2Config   stm32f10x_rcc.o
    0x080018a4   0x080018a4   0x0000000c   Code   RO         2728    i.RCC_PLLCmd        stm32f10x_rcc.o
    0x080018b0   0x080018b0   0x0000001c   Code   RO         2729    i.RCC_PLLConfig     stm32f10x_rcc.o
    0x080018cc   0x080018cc   0x00000018   Code   RO         2732    i.RCC_SYSCLKConfig  stm32f10x_rcc.o
    0x080018e4   0x080018e4   0x0000000c   Code   RO         2733    i.RCC_USBCLKConfig  stm32f10x_rcc.o
    0x080018f0   0x080018f0   0x00000038   Code   RO         2734    i.RCC_WaitForHSEStartUp  stm32f10x_rcc.o
    0x08001928   0x08001928   0x000000d0   Code   RO         1315    i.Resume            usb_pwr.o
    0x080019f8   0x080019f8   0x00000024   Code   RO         1316    i.Resume_Init       usb_pwr.o
    0x08001a1c   0x08001a1c   0x0000001c   Code   RO         1782    i.RunApp            applauncher.o
    0x08001a38   0x08001a38   0x00000002   Code   RO          792    i.SVC_Handler       stm32_it.o
    0x08001a3a   0x08001a3a   0x0000000c   Code   RO          270    i.SYSCLK_104Mhz     sysclk.o
    0x08001a46   0x08001a46   0x0000000c   Code   RO          271    i.SYSCLK_112Mhz     sysclk.o
    0x08001a52   0x08001a52   0x0000000c   Code   RO          272    i.SYSCLK_120Mhz     sysclk.o
    0x08001a5e   0x08001a5e   0x0000000c   Code   RO          273    i.SYSCLK_128Mhz     sysclk.o
    0x08001a6a   0x08001a6a   0x0000000a   Code   RO          274    i.SYSCLK_16Mhz      sysclk.o
    0x08001a74   0x08001a74   0x0000000c   Code   RO          275    i.SYSCLK_24Mhz      sysclk.o
    0x08001a80   0x08001a80   0x0000000c   Code   RO          276    i.SYSCLK_32Mhz      sysclk.o
    0x08001a8c   0x08001a8c   0x0000000c   Code   RO          277    i.SYSCLK_40Mhz      sysclk.o
    0x08001a98   0x08001a98   0x0000000c   Code   RO          278    i.SYSCLK_48Mhz      sysclk.o
    0x08001aa4   0x08001aa4   0x0000000c   Code   RO          279    i.SYSCLK_56Mhz      sysclk.o
    0x08001ab0   0x08001ab0   0x0000000c   Code   RO          280    i.SYSCLK_64Mhz      sysclk.o
    0x08001abc   0x08001abc   0x0000000c   Code   RO          281    i.SYSCLK_72Mhz      sysclk.o
    0x08001ac8   0x08001ac8   0x0000000c   Code   RO          282    i.SYSCLK_80Mhz      sysclk.o
    0x08001ad4   0x08001ad4   0x0000000c   Code   RO          283    i.SYSCLK_88Mhz      sysclk.o
    0x08001ae0   0x08001ae0   0x0000000c   Code   RO          284    i.SYSCLK_96Mhz      sysclk.o
    0x08001aec   0x08001aec   0x00000140   Code   RO          285    i.SYSCLK_Set        sysclk.o
    0x08001c2c   0x08001c2c   0x00000010   Code   RO         1404    i.SetBTABLE         usb_regs.o
    0x08001c3c   0x08001c3c   0x00000050   Code   RO          881    i.SetDeviceAddress  usb_core.o
    0x08001c8c   0x08001c8c   0x00000024   Code   RO         1418    i.SetEPRxAddr       usb_regs.o
    0x08001cb0   0x08001cb0   0x0000004c   Code   RO         1419    i.SetEPRxCount      usb_regs.o
    0x08001cfc   0x08001cfc   0x00000040   Code   RO         1420    i.SetEPRxStatus     usb_regs.o
    0x08001d3c   0x08001d3c   0x00000034   Code   RO         1421    i.SetEPRxValid      usb_regs.o
    0x08001d70   0x08001d70   0x00000020   Code   RO         1422    i.SetEPTxAddr       usb_regs.o
    0x08001d90   0x08001d90   0x0000001c   Code   RO         1423    i.SetEPTxCount      usb_regs.o
    0x08001dac   0x08001dac   0x00000040   Code   RO         1424    i.SetEPTxStatus     usb_regs.o
    0x08001dec   0x08001dec   0x00000034   Code   RO         1425    i.SetEPTxValid      usb_regs.o
    0x08001e20   0x08001e20   0x00000024   Code   RO         1426    i.SetEPType         usb_regs.o
    0x08001e44   0x08001e44   0x00000008   Code   RO         3482    i.SetSysClock       system_stm32f10x.o
    0x08001e4c   0x08001e4c   0x000000e0   Code   RO         3483    i.SetSysClockTo72   system_stm32f10x.o
    0x08001f2c   0x08001f2c   0x00000050   Code   RO          704    i.Set_System        hw_config.o
    0x08001f7c   0x08001f7c   0x00000012   Code   RO          705    i.Set_USBClock      hw_config.o
    0x08001f8e   0x08001f8e   0x00000002   PAD
    0x08001f90   0x08001f90   0x000000b8   Code   RO          882    i.Setup0_Process    usb_core.o
    0x08002048   0x08002048   0x0000016c   Code   RO          883    i.Standard_ClearFeature  usb_core.o
    0x080021b4   0x080021b4   0x0000002c   Code   RO          884    i.Standard_GetConfiguration  usb_core.o
    0x080021e0   0x080021e0   0x00000024   Code   RO          885    i.Standard_GetDescriptorData  usb_core.o
    0x08002204   0x08002204   0x0000002c   Code   RO          886    i.Standard_GetInterface  usb_core.o
    0x08002230   0x08002230   0x00000100   Code   RO          887    i.Standard_GetStatus  usb_core.o
    0x08002330   0x08002330   0x00000048   Code   RO          888    i.Standard_SetConfiguration  usb_core.o
    0x08002378   0x08002378   0x00000028   Code   RO          889    i.Standard_SetDeviceFeature  usb_core.o
    0x080023a0   0x080023a0   0x000000d0   Code   RO          890    i.Standard_SetEndPointFeature  usb_core.o
    0x08002470   0x08002470   0x0000006c   Code   RO          891    i.Standard_SetInterface  usb_core.o
    0x080024dc   0x080024dc   0x00000002   Code   RO         1317    i.Suspend           usb_pwr.o
    0x080024de   0x080024de   0x00000002   Code   RO          793    i.SysTick_Handler   stm32_it.o
    0x080024e0   0x080024e0   0x00000060   Code   RO         3485    i.SystemInit        system_stm32f10x.o
    0x08002540   0x08002540   0x000000b4   Code   RO          456    i.TIM2_IRQHandler   tim.o
    0x080025f4   0x080025f4   0x000000b8   Code   RO          457    i.TIM3_IRQHandler   tim.o
    0x080026ac   0x080026ac   0x000000b8   Code   RO          458    i.TIM4_IRQHandler   tim.o
    0x08002764   0x08002764   0x00000006   Code   RO         2926    i.TIM_ClearITPendingBit  stm32f10x_tim.o
    0x0800276a   0x0800276a   0x00000022   Code   RO         2952    i.TIM_GetITStatus   stm32f10x_tim.o
    0x0800278c   0x0800278c   0x0000000c   Code   RO          794    i.USBWakeUp_IRQHandler  stm32_it.o
    0x08002798   0x08002798   0x00000024   Code   RO          706    i.USB_Cable_Config  hw_config.o
    0x080027bc   0x080027bc   0x0000003c   Code   RO         1063    i.USB_Init          usb_init.o
    0x080027f8   0x080027f8   0x00000020   Code   RO          596    i.USB_Initialize    usb.o
    0x08002818   0x08002818   0x0000003c   Code   RO          707    i.USB_Interrupts_Config  hw_config.o
    0x08002854   0x08002854   0x000001cc   Code   RO         1140    i.USB_Istr          usb_istr.o
    0x08002a20   0x08002a20   0x00000008   Code   RO          795    i.USB_LP_CAN1_RX0_IRQHandler  stm32_it.o
    0x08002a28   0x08002a28   0x00000024   Code   RO         1746    i.USB_SIL_Init      usb_sil.o
    0x08002a4c   0x08002a4c   0x00000014   Code   RO          597    i.USB_Send          usb.o
    0x08002a60   0x08002a60   0x00000004   Code   RO          796    i.UsageFault_Handler  stm32_it.o
    0x08002a64   0x08002a64   0x00000038   Code   RO         1171    i.UserToPMABufferCopy  usb_mem.o
    0x08002a9c   0x08002a9c   0x00000064   Code   RO         1200    i.Virtual_Com_Port_Data_Setup  usb_prop.o
    0x08002b00   0x08002b00   0x00000014   Code   RO         1201    i.Virtual_Com_Port_GetConfigDescriptor  usb_prop.o
    0x08002b14   0x08002b14   0x00000014   Code   RO         1202    i.Virtual_Com_Port_GetDeviceDescriptor  usb_prop.o
    0x08002b28   0x08002b28   0x0000001c   Code   RO         1203    i.Virtual_Com_Port_GetLineCoding  usb_prop.o
    0x08002b44   0x08002b44   0x00000028   Code   RO         1204    i.Virtual_Com_Port_GetStringDescriptor  usb_prop.o
    0x08002b6c   0x08002b6c   0x00000016   Code   RO         1205    i.Virtual_Com_Port_Get_Interface_Setting  usb_prop.o
    0x08002b82   0x08002b82   0x00000002   PAD
    0x08002b84   0x08002b84   0x00000028   Code   RO         1206    i.Virtual_Com_Port_NoData_Setup  usb_prop.o
    0x08002bac   0x08002bac   0x000000e8   Code   RO         1207    i.Virtual_Com_Port_Reset  usb_prop.o
    0x08002c94   0x08002c94   0x00000018   Code   RO         1208    i.Virtual_Com_Port_SetConfiguration  usb_prop.o
    0x08002cac   0x08002cac   0x0000000c   Code   RO         1209    i.Virtual_Com_Port_SetDeviceAddress  usb_prop.o
    0x08002cb8   0x08002cb8   0x0000001c   Code   RO         1210    i.Virtual_Com_Port_SetLineCoding  usb_prop.o
    0x08002cd4   0x08002cd4   0x00000014   Code   RO         1211    i.Virtual_Com_Port_Status_In  usb_prop.o
    0x08002ce8   0x08002ce8   0x00000002   Code   RO         1212    i.Virtual_Com_Port_Status_Out  usb_prop.o
    0x08002cea   0x08002cea   0x00000002   PAD
    0x08002cec   0x08002cec   0x00000028   Code   RO         1213    i.Virtual_Com_Port_init  usb_prop.o
    0x08002d14   0x08002d14   0x00000040   Code   RO          198    i.__NVIC_SystemReset  apifunctions.o
    0x08002d54   0x08002d54   0x0000004c   Code   RO            4    i.main              main.o
    0x08002da0   0x08002da0   0x000000b1   Data   RO         1004    .constdata          usb_desc.o
    0x08002e51   0x08002e51   0x00000003   PAD
    0x08002e54   0x08002e54   0x00000020   Data   RO         3684    Region$$Table       anon$$obj.o


    Execution Region RW_IRAM1 (Exec base: 0x20000000, Load base: 0x08002e74, Size: 0x00000958, Max: 0x00000c00, ABSOLUTE, COMPRESSED[0x00000080])

    Exec Addr    Load Addr    Size         Type   Attr      Idx    E Section Name        Object

    0x20000000   COMPRESSED   0x00000004   Data   RW            6    .data               main.o
    0x20000004   COMPRESSED   0x00000001   Data   RW          286    .data               sysclk.o
    0x20000005   COMPRESSED   0x00000003   PAD
    0x20000008   COMPRESSED   0x00000008   Data   RW          599    .data               usb.o
    0x20000010   COMPRESSED   0x00000004   Data   RW          683    .data               callback.o
    0x20000014   COMPRESSED   0x00000010   Data   RW          709    .data               hw_config.o
    0x20000024   COMPRESSED   0x00000003   Data   RW          892    .data               usb_core.o
    0x20000027   COMPRESSED   0x0000001a   Data   RW         1005    .data               usb_desc.o
    0x20000041   COMPRESSED   0x00000003   PAD
    0x20000044   COMPRESSED   0x00000005   Data   RW         1031    .data               usb_endp.o
    0x20000049   COMPRESSED   0x00000003   PAD
    0x2000004c   COMPRESSED   0x00000014   Data   RW         1065    .data               usb_init.o
    0x20000060   COMPRESSED   0x00000004   Data   RW         1100    .data               usb_int.o
    0x20000064   COMPRESSED   0x00000044   Data   RW         1141    .data               usb_istr.o
    0x200000a8   COMPRESSED   0x00000094   Data   RW         1214    .data               usb_prop.o
    0x2000013c   COMPRESSED   0x0000000c   Data   RW         1320    .data               usb_pwr.o
    0x20000148   COMPRESSED   0x00000001   Data   RW         1935    .data               settings.o
    0x20000149   COMPRESSED   0x00000003   PAD
    0x2000014c        -       0x00000110   Zero   RW            5    .bss                main.o
    0x2000025c        -       0x00000040   Zero   RW          598    .bss                usb.o
    0x2000029c        -       0x00000040   Zero   RW          708    .bss                hw_config.o
    0x200002dc        -       0x0000001c   Zero   RW         1064    .bss                usb_init.o
    0x200002f8        -       0x00000060   Zero   RW         3558    .bss                c_w.l(libspace.o)
    0x20000358        -       0x00000200   Zero   RW         3473    HEAP                startup_stm32f10x_md.o
    0x20000558        -       0x00000400   Zero   RW         3472    STACK               startup_stm32f10x_md.o


==============================================================================

Image component sizes


      Code (inc. data)   RO Data    RW Data    ZI Data      Debug   Object Name

       384         90          0          0          0       1028   apifunctions.o
        28          6          0          0          0       4217   applauncher.o
        28         10          0          0          0        449   bootmod.o
         0          0          0          4          0        590   callback.o
        48         24          0          0          0        487   coremod.o
       580         40          0          0          0       3259   exti.o
       128          0          0          0          0       2172   flash.o
       444         50          0         16         64       6652   hw_config.o
        76         22          0          4        272     257145   main.o
       132         22          0          0          0       1911   misc.o
       116          6          0          0          0        740   protocol.o
        68         24          0          0          0        474   requesthandler.o
         0          0          0          1          0        439   settings.o
        64         26        236          0       1536        788   startup_stm32f10x_md.o
        46          0          0          0          0       4430   stm32_it.o
       200         18          0          0          0       2556   stm32f10x_exti.o
       370         44          0          0          0       6731   stm32f10x_flash.o
       286          0          0          0          0       3476   stm32f10x_gpio.o
       496         78          0          0          0      11201   stm32f10x_rcc.o
        40          0          0          0          0       2134   stm32f10x_tim.o
       498          8          0          1          0       7163   sysclk.o
       328         28          0          0          0       2001   system_stm32f10x.o
       548         26          0          0          0       1578   tim.o
        52         10          0          8         64       4661   usb.o
      3058        288          0          3          0      13251   usb_core.o
         0          0        177         26          0       1091   usb_desc.o
       120         32          0          5          0       1130   usb_endp.o
        60         24          0         20         28       3970   usb_init.o
       648         32          0          4          0       1664   usb_int.o
       460         38          0         68          0       1595   usb_istr.o
        96         10          0          0          0       1688   usb_mem.o
       628        102          0        148          0      10981   usb_prop.o
       310         38          0         12          0       3276   usb_pwr.o
       712        100          0          0          0       8731   usb_regs.o
        36          8          0          0          0        423   usb_sil.o

    ----------------------------------------------------------------------
     11102       1204        448        332       1964     374082   Object Totals
         0          0         32          0          0          0   (incl. Generated)
        14          0          3         12          0          0   (incl. Padding)

    ----------------------------------------------------------------------

      Code (inc. data)   RO Data    RW Data    ZI Data      Debug   Library Member Name

        90          0          0          0          0          0   __dczerorl2.o
         8          0          0          0          0         68   __main.o
         0          0          0          0          0          0   __rtentry.o
        12          0          0          0          0          0   __rtentry2.o
         6          0          0          0          0          0   __rtentry4.o
        52          8          0          0          0          0   __scatter.o
        28          0          0          0          0          0   __scatter_zi.o
        18          0          0          0          0         80   exit.o
         6          0          0          0          0        152   heapauxi.o
         0          0          0          0          0          0   indicate_semi.o
         2          0          0          0          0          0   libinit.o
         2          0          0          0          0          0   libinit2.o
         2          0          0          0          0          0   libshutdown.o
         2          0          0          0          0          0   libshutdown2.o
         8          4          0          0         96         68   libspace.o
         2          0          0          0          0          0   rtexit.o
        10          0          0          0          0          0   rtexit2.o
        12          4          0          0          0         68   sys_exit.o
        74          0          0          0          0         80   sys_stackheap_outer.o
         2          0          0          0          0         68   use_no_semi.o

    ----------------------------------------------------------------------
       342         16          0          0         96        584   Library Totals
         6          0          0          0          0          0   (incl. Padding)

    ----------------------------------------------------------------------

      Code (inc. data)   RO Data    RW Data    ZI Data      Debug   Library Name

       336         16          0          0         96        584   c_w.l

    ----------------------------------------------------------------------
       342         16          0          0         96        584   Library Totals

    ----------------------------------------------------------------------

==============================================================================


      Code (inc. data)   RO Data    RW Data    ZI Data      Debug   

     11444       1220        448        332       2060     366654   Grand Totals
     11444       1220        448        128       2060     366654   ELF Image Totals (compressed)
     11444       1220        448        128          0          0   ROM Totals

==============================================================================

    Total RO  Size (Code + RO Data)                11892 (  11.61kB)
    Total RW  Size (RW Data + ZI Data)              2392 (   2.34kB)
    Total ROM Size (Code + RO Data + RW Data)      12020 (  11.74kB)

==============================================================================

