Component: ARM Compiler 5.06 update 6 (build 750) Tool: armlink [4d35ed]

==============================================================================

Section Cross References

    main.o(i.Callback2) refers to main.o(.data) for cnt
    main.o(i.main) refers to usb.o(i.USB_Initialize) for USB_Initialize
    main.o(i.main) refers to sysclk.o(i.SYSCLK_16Mhz) for SYSCLK_16Mhz
    main.o(i.main) refers to blueberryapi.o(i.CreateSoftLink) for CreateSoftLink
    main.o(i.main) refers to gpio.o(i.PinMode) for PinMode
    main.o(i.main) refers to tim.o(i.TIM2_Init) for TIM2_Init
    main.o(i.main) refers to tim.o(i.TIM3_Init) for TIM3_Init
    main.o(i.main) refers to adc.o(i.ADC_Initialize) for ADC_Initialize
    main.o(i.main) refers to eventtimer.o(i.Event_Register) for Event_Register
    main.o(i.main) refers to requesthandler.o(i.ProcessCommand) for ProcessCommand
    main.o(i.main) refers to main.o(.bss) for Link
    main.o(i.main) refers to main.o(.constdata) for .constdata
    main.o(i.main) refers to main.o(i.Callback2) for Callback2
    main.o(i.main) refers to main.o(.data) for cnt
    main.o(i.wDelay) refers to main.o(.data) for count
    stopwatch.o(i.Stopwatch_GetTime) refers to stopwatch.o(i.CalculateEllipsedTime) for CalculateEllipsedTime
    stopwatch.o(i.Stopwatch_GetTime) refers to stopwatch.o(.data) for Stopwatch1_Data
    stopwatch.o(i.Stopwatch_GetTime) refers to tim.o(.data) for TIM2_Period
    stopwatch.o(i.Stopwatch_Start) refers to stopwatch.o(i.Set_Stopwatch_StartData) for Set_Stopwatch_StartData
    stopwatch.o(i.Stopwatch_Start) refers to stopwatch.o(.data) for Stopwatch1_Data
    stopwatch.o(i.Stopwatch_Stop) refers to stopwatch.o(i.Set_Stopwatch_StopData) for Set_Stopwatch_StopData
    stopwatch.o(i.Stopwatch_Stop) refers to stopwatch.o(.data) for Stopwatch1_Data
    eventtimer.o(i.Event_Register) refers to eventtimer.o(i.FilterDuration) for FilterDuration
    eventtimer.o(i.Event_Register) refers to eventtimer.o(i.CalculateTargetCNT) for CalculateTargetCNT
    eventtimer.o(i.Event_Register) refers to eventtimer.o(i.SetEventData) for SetEventData
    eventtimer.o(i.Event_Register) refers to tim.o(.data) for TIM2_Period
    eventtimer.o(i.Event_Register) refers to eventtimer.o(.bss) for EventTimer1_Data
    debug.o(i.On_GetWatchDefReq) refers to debug.o(i.Watch_Register) for Watch_Register
    debug.o(i.On_GetWatchDefReq) refers to debug.o(.data) for testvar
    adc.o(i.ADC_Initialize) refers to adc.o(i.__ADC_Initialize) for __ADC_Initialize
    adc.o(i.ADC_Initialize) refers to adc.o(.data) for ADC_Initialized
    adc.o(i.ADC_PA0) refers to adc.o(.bss) for ADCBuffer
    adc.o(i.ADC_PA0_Init) refers to adc.o(i.ADC_Initialize) for ADC_Initialize
    adc.o(i.ADC_PA0_Init) refers to stm32f10x_rcc.o(i.RCC_APB2PeriphClockCmd) for RCC_APB2PeriphClockCmd
    adc.o(i.ADC_PA0_Init) refers to stm32f10x_gpio.o(i.GPIO_Init) for GPIO_Init
    adc.o(i.ADC_PA0_Init) refers to common.o(.data) for GPIO_InitStructure
    adc.o(i.ADC_PA1) refers to adc.o(.bss) for ADCBuffer
    adc.o(i.ADC_PA1_Init) refers to adc.o(i.ADC_Initialize) for ADC_Initialize
    adc.o(i.ADC_PA1_Init) refers to stm32f10x_rcc.o(i.RCC_APB2PeriphClockCmd) for RCC_APB2PeriphClockCmd
    adc.o(i.ADC_PA1_Init) refers to stm32f10x_gpio.o(i.GPIO_Init) for GPIO_Init
    adc.o(i.ADC_PA1_Init) refers to common.o(.data) for GPIO_InitStructure
    adc.o(i.ADC_PA2) refers to adc.o(.bss) for ADCBuffer
    adc.o(i.ADC_PA2_Init) refers to adc.o(i.ADC_Initialize) for ADC_Initialize
    adc.o(i.ADC_PA2_Init) refers to stm32f10x_rcc.o(i.RCC_APB2PeriphClockCmd) for RCC_APB2PeriphClockCmd
    adc.o(i.ADC_PA2_Init) refers to stm32f10x_gpio.o(i.GPIO_Init) for GPIO_Init
    adc.o(i.ADC_PA2_Init) refers to common.o(.data) for GPIO_InitStructure
    adc.o(i.ADC_PA3) refers to adc.o(.bss) for ADCBuffer
    adc.o(i.ADC_PA3_Init) refers to adc.o(i.ADC_Initialize) for ADC_Initialize
    adc.o(i.ADC_PA3_Init) refers to stm32f10x_rcc.o(i.RCC_APB2PeriphClockCmd) for RCC_APB2PeriphClockCmd
    adc.o(i.ADC_PA3_Init) refers to stm32f10x_gpio.o(i.GPIO_Init) for GPIO_Init
    adc.o(i.ADC_PA3_Init) refers to common.o(.data) for GPIO_InitStructure
    adc.o(i.ADC_PA4) refers to adc.o(.bss) for ADCBuffer
    adc.o(i.ADC_PA4_Init) refers to adc.o(i.ADC_Initialize) for ADC_Initialize
    adc.o(i.ADC_PA4_Init) refers to stm32f10x_rcc.o(i.RCC_APB2PeriphClockCmd) for RCC_APB2PeriphClockCmd
    adc.o(i.ADC_PA4_Init) refers to stm32f10x_gpio.o(i.GPIO_Init) for GPIO_Init
    adc.o(i.ADC_PA4_Init) refers to common.o(.data) for GPIO_InitStructure
    adc.o(i.ADC_PA5) refers to adc.o(.bss) for ADCBuffer
    adc.o(i.ADC_PA5_Init) refers to adc.o(i.ADC_Initialize) for ADC_Initialize
    adc.o(i.ADC_PA5_Init) refers to stm32f10x_rcc.o(i.RCC_APB2PeriphClockCmd) for RCC_APB2PeriphClockCmd
    adc.o(i.ADC_PA5_Init) refers to stm32f10x_gpio.o(i.GPIO_Init) for GPIO_Init
[...]
    i.SYSCLK_Set                             0x080020c4   Section        0  sysclk.o(i.SYSCLK_Set)
    i.SendFreq                               0x08002234   Section        0  response_core.o(i.SendFreq)
    i.SendIdentification                     0x08002258   Section        0  response_core.o(i.SendIdentification)
    i.SendTemp                               0x08002274   Section        0  response_core.o(i.SendTemp)
    i.Serial_SendData                        0x08002294   Section        0  protocol.o(i.Serial_SendData)
    i.SetBTABLE                              0x0800232c   Section        0  usb_regs.o(i.SetBTABLE)
    i.SetDeviceAddress                       0x0800233c   Section        0  usb_core.o(i.SetDeviceAddress)
    i.SetEPRxAddr                            0x0800238c   Section        0  usb_regs.o(i.SetEPRxAddr)
    i.SetEPRxCount                           0x080023b0   Section        0  usb_regs.o(i.SetEPRxCount)
    i.SetEPRxStatus                          0x080023fc   Section        0  usb_regs.o(i.SetEPRxStatus)
    i.SetEPRxValid                           0x0800243c   Section        0  usb_regs.o(i.SetEPRxValid)
    i.SetEPTxAddr                            0x08002470   Section        0  usb_regs.o(i.SetEPTxAddr)
    i.SetEPTxCount                           0x08002490   Section        0  usb_regs.o(i.SetEPTxCount)
    i.SetEPTxStatus                          0x080024ac   Section        0  usb_regs.o(i.SetEPTxStatus)
    i.SetEPTxValid                           0x080024ec   Section        0  usb_regs.o(i.SetEPTxValid)
    i.SetEPType                              0x08002520   Section        0  usb_regs.o(i.SetEPType)
    i.SetEventData                           0x08002544   Section        0  eventtimer.o(i.SetEventData)
    i.SetFreq                                0x08002564   Section        0  response_core.o(i.SetFreq)
    i.SetSysClock                            0x08002664   Section        0  system_stm32f10x.o(i.SetSysClock)
    SetSysClock                              0x08002665   Thumb Code     8  system_stm32f10x.o(i.SetSysClock)
    i.SetSysClockTo72                        0x0800266c   Section        0  system_stm32f10x.o(i.SetSysClockTo72)
    SetSysClockTo72                          0x0800266d   Thumb Code   214  system_stm32f10x.o(i.SetSysClockTo72)
    i.Set_System                             0x0800274c   Section        0  hw_config.o(i.Set_System)
    i.Set_USBClock                           0x0800279c   Section        0  hw_config.o(i.Set_USBClock)
    i.Setup0_Process                         0x080027b0   Section        0  usb_core.o(i.Setup0_Process)
    i.Standard_ClearFeature                  0x08002868   Section        0  usb_core.o(i.Standard_ClearFeature)
    i.Standard_GetConfiguration              0x080029d4   Section        0  usb_core.o(i.Standard_GetConfiguration)
    i.Standard_GetDescriptorData             0x08002a00   Section        0  usb_core.o(i.Standard_GetDescriptorData)
    i.Standard_GetInterface                  0x08002a24   Section        0  usb_core.o(i.Standard_GetInterface)
    i.Standard_GetStatus                     0x08002a50   Section        0  usb_core.o(i.Standard_GetStatus)
    i.Standard_SetConfiguration              0x08002b50   Section        0  usb_core.o(i.Standard_SetConfiguration)
    i.Standard_SetDeviceFeature              0x08002b98   Section        0  usb_core.o(i.Standard_SetDeviceFeature)
    i.Standard_SetEndPointFeature            0x08002bc0   Section        0  usb_core.o(i.Standard_SetEndPointFeature)
    i.Standard_SetInterface                  0x08002c90   Section        0  usb_core.o(i.Standard_SetInterface)
    i.Suspend                                0x08002cfc   Section        0  usb_pwr.o(i.Suspend)
    i.SysTick_Handler                        0x08002cfe   Section        0  stm32_it.o(i.SysTick_Handler)
    i.SystemInit                             0x08002d00   Section        0  system_stm32f10x.o(i.SystemInit)
    i.TIM1_Init                              0x08002d60   Section        0  tim.o(i.TIM1_Init)
    i.TIM2_IRQHandler                        0x08002db0   Section        0  tim.o(i.TIM2_IRQHandler)
    i.TIM2_Init                              0x08002e80   Section        0  tim.o(i.TIM2_Init)
    i.TIM3_IRQHandler                        0x08002f58   Section        0  tim.o(i.TIM3_IRQHandler)
    i.TIM3_Init                              0x0800302c   Section        0  tim.o(i.TIM3_Init)
    i.TIM4_Init                              0x08003104   Section        0  tim.o(i.TIM4_Init)
    i.TIM_ClearITPendingBit                  0x08003150   Section        0  stm32f10x_tim.o(i.TIM_ClearITPendingBit)
    i.TIM_Cmd                                0x08003156   Section        0  stm32f10x_tim.o(i.TIM_Cmd)
    i.TIM_DeInit                             0x08003170   Section        0  stm32f10x_tim.o(i.TIM_DeInit)
    i.TIM_GetITStatus                        0x08003358   Section        0  stm32f10x_tim.o(i.TIM_GetITStatus)
    i.TIM_ITConfig                           0x0800337a   Section        0  stm32f10x_tim.o(i.TIM_ITConfig)
    i.TIM_TimeBaseInit                       0x0800338c   Section        0  stm32f10x_tim.o(i.TIM_TimeBaseInit)
    i.TIM_TimeBaseStructInit                 0x08003430   Section        0  stm32f10x_tim.o(i.TIM_TimeBaseStructInit)
    i.USBWakeUp_IRQHandler                   0x08003442   Section        0  stm32_it.o(i.USBWakeUp_IRQHandler)
    i.USB_Cable_Config                       0x08003450   Section        0  hw_config.o(i.USB_Cable_Config)
    i.USB_Init                               0x08003474   Section        0  usb_init.o(i.USB_Init)
    i.USB_Initialize                         0x080034b0   Section        0  usb.o(i.USB_Initialize)
    i.USB_Interrupts_Config                  0x080034d0   Section        0  hw_config.o(i.USB_Interrupts_Config)
    i.USB_Istr                               0x0800350c   Section        0  usb_istr.o(i.USB_Istr)
    i.USB_LP_CAN1_RX0_IRQHandler             0x080036d8   Section        0  stm32_it.o(i.USB_LP_CAN1_RX0_IRQHandler)
    i.USB_SIL_Init                           0x080036e0   Section        0  usb_sil.o(i.USB_SIL_Init)
    i.UsageFault_Handler                     0x08003704   Section        0  stm32_it.o(i.UsageFault_Handler)
    i.UserToPMABufferCopy                    0x08003708   Section        0  usb_mem.o(i.UserToPMABufferCopy)
    i.Virtual_Com_Port_Data_Setup            0x08003740   Section        0  usb_prop.o(i.Virtual_Com_Port_Data_Setup)
    i.Virtual_Com_Port_GetConfigDescriptor   0x080037a4   Section        0  usb_prop.o(i.Virtual_Com_Port_GetConfigDescriptor)
    i.Virtual_Com_Port_GetDeviceDescriptor   0x080037b8   Section        0  usb_prop.o(i.Virtual_Com_Port_GetDeviceDescriptor)
    i.Virtual_Com_Port_GetLineCoding         0x080037cc   Section        0  usb_prop.o(i.Virtual_Com_Port_GetLineCoding)
    i.Virtual_Com_Port_GetStringDescriptor   0x080037e8   Section        0  usb_prop.o(i.Virtual_Com_Port_GetStringDescriptor)
    i.Virtual_Com_Port_Get_Interface_Setting 0x08003810   Section        0  usb_prop.o(i.Virtual_Com_Port_Get_Interface_Setting)
    i.Virtual_Com_Port_NoData_Setup          0x08003828   Section        0  usb_prop.o(i.Virtual_Com_Port_NoData_Setup)
    i.Virtual_Com_Port_Reset                 0x08003850   Section        0  usb_prop.o(i.Virtual_Com_Port_Reset)
    i.Virtual_Com_Port_SetConfiguration      0x08003938   Section        0  usb_prop.o(i.Virtual_Com_Port_SetConfiguration)
    i.Virtual_Com_Port_SetDeviceAddress      0x08003950   Section        0  usb_prop.o(i.Virtual_Com_Port_SetDeviceAddress)
    i.Virtual_Com_Port_SetLineCoding         0x0800395c   Section        0  usb_prop.o(i.Virtual_Com_Port_SetLineCoding)
    i.Virtual_Com_Port_Status_In             0x08003978   Section        0  usb_prop.o(i.Virtual_Com_Port_Status_In)
    i.Virtual_Com_Port_Status_Out            0x0800398c   Section        0  usb_prop.o(i.Virtual_Com_Port_Status_Out)
    i.Virtual_Com_Port_init                  0x08003990   Section        0  usb_prop.o(i.Virtual_Com_Port_init)
    i.__ADC_Initialize                       0x080039b8   Section        0  adc.o(i.__ADC_Initialize)
    i.main                                   0x08003b40   Section        0  main.o(i.main)
    .constdata                               0x08003ba0   Section        4  main.o(.constdata)
    .constdata                               0x08003ba4   Section      177  usb_desc.o(.constdata)
    .data                                    0x20000000   Section       22  main.o(.data)
    .data                                    0x20000016   Section       48  stopwatch.o(.data)
    .data                                    0x20000046   Section        1  adc.o(.data)
    .data                                    0x20000048   Section       16  common.o(.data)
    .data                                    0x20000058   Section        1  sysclk.o(.data)
    .data                                    0x2000005a   Section        9  tim.o(.data)
    .data                                    0x20000064   Section      193  exti.o(.data)
    .data                                    0x20000128   Section        8  usb.o(.data)
    .data                                    0x20000130   Section        4  callback.o(.data)
    .data                                    0x20000134   Section       16  hw_config.o(.data)
    .data                                    0x20000144   Section        3  usb_core.o(.data)
    .data                                    0x20000147   Section       26  usb_desc.o(.data)
    .data                                    0x20000164   Section        5  usb_endp.o(.data)
    .data                                    0x2000016c   Section       20  usb_init.o(.data)
    .data                                    0x20000180   Section        4  usb_int.o(.data)
    .data                                    0x20000184   Section       68  usb_istr.o(.data)
    .data                                    0x200001c8   Section      148  usb_prop.o(.data)
    .data                                    0x2000025c   Section       12  usb_pwr.o(.data)
    .data                                    0x20000268   Section        1  protocol.o(.data)
    .data                                    0x2000026a   Section        6  response_core.o(.data)
    .bss                                     0x20000270   Section      128  main.o(.bss)
    .bss                                     0x200002f0   Section      160  eventtimer.o(.bss)
    .bss                                     0x20000390   Section       22  adc.o(.bss)
    .bss                                     0x200003a6   Section       26  common.o(.bss)
    .bss                                     0x200003c0   Section       64  hw_config.o(.bss)
    .bss                                     0x20000400   Section       28  usb_init.o(.bss)
    .bss                                     0x2000041c   Section       63  protocol.o(.bss)
    .bss                                     0x2000045c   Section       96  libspace.o(.bss)
    HEAP                                     0x200004c0   Section      512  startup_stm32f10x_md.o(HEAP)
    Heap_Mem                                 0x200004c0   Data         512  startup_stm32f10x_md.o(HEAP)
    STACK                                    0x200006c0   Section     1024  startup_stm32f10x_md.o(STACK)
    Stack_Mem                                0x200006c0   Data        1024  startup_stm32f10x_md.o(STACK)
    __initial_sp                             0x20000ac0   Data           0  startup_stm32f10x_md.o(STACK)

    Global Symbols

    Symbol Name                              Value     Ov Type        Size  Object(Section)

    BuildAttributes$$THM_ISAv4$P$D$K$B$S$PE$A:L22UL41UL21$X:L11$S22US41US21$IEEE1$IW$USESV6$~STKCKD$USESV7$~SHL$OSPACE$ROPI$EBA8$UX$STANDARDLIB$REQ8$PRES8$EABIv2 0x00000000   Number         0  anon$$obj.o ABSOLUTE
    __ARM_use_no_argv                        0x00000000   Number         0  main.o ABSOLUTE
    __ARM_exceptions_init                     - Undefined Weak Reference
    __alloca_initialize                       - Undefined Weak Reference
    __arm_preinit_                            - Undefined Weak Reference
    __cpp_initialize__aeabi_                  - Undefined Weak Reference
    __cxa_finalize                            - Undefined Weak Reference
    __rt_locale                               - Undefined Weak Reference
    __sigvec_lookup                           - Undefined Weak Reference
    _atexit_init                              - Undefined Weak Reference
    _call_atexit_fns                          - Undefined Weak Reference
    _clock_init                               - Undefined Weak Reference
    _fp_trap_init                             - Undefined Weak Reference
    _fp_trap_shutdown                         - Undefined Weak Reference
    _get_lc_collate                           - Undefined Weak Reference
    _get_lc_ctype                             - Undefined Weak Reference
    _get_lc_monetary                          - Undefined Weak Reference
    _get_lc_numeric                           - Undefined Weak Reference
    _get_lc_time                              - Undefined Weak Reference
    _getenv_init                              - Undefined Weak Reference
    _handle_redirection                       - Undefined Weak Reference
    _init_alloc                               - Undefined Weak Reference
    _init_user_alloc                          - Undefined Weak Reference
    _initio                                   - Undefined Weak Reference
    _rand_init                                - Undefined Weak Reference
    _signal_finish                            - Undefined Weak Reference
    _signal_init                              - Undefined Weak Reference
    _terminate_alloc                          - Undefined Weak Reference
    _terminate_user_alloc                     - Undefined Weak Reference
    _terminateio                              - Undefined Weak Reference
    __Vectors_Size                           0x000000ec   Number         0  startup_stm32f10x_md.o ABSOLUTE
    __Vectors                                0x08000000   Data           4  startup_stm32f10x_md.o(RESET)
    __Vectors_End                            0x080000ec   Data           0  startup_stm32f10x_md.o(RESET)
    __main                                   0x080000ed   Thumb Code     8  __main.o(!!!main)
    __scatterload                            0x080000f5   Thumb Code     0  __scatter.o(!!!scatter)
    __scatterload_rt2                        0x080000f5   Thumb Code    44  __scatter.o(!!!scatter)
    __scatterload_rt2_thumb_only             0x080000f5   Thumb Code     0  __scatter.o(!!!scatter)
    __scatterload_null                       0x08000103   Thumb Code     0  __scatter.o(!!!scatter)
    __decompress                             0x08000129   Thumb Code    90  __dczerorl2.o(!!dczerorl2)
    __decompress1                            0x08000129   Thumb Code     0  __dczerorl2.o(!!dczerorl2)
    __scatterload_zeroinit                   0x08000185   Thumb Code    28  __scatter_zi.o(!!handler_zi)
    __rt_lib_init                            0x080001a1   Thumb Code     0  libinit.o(.ARM.Collect$$libinit$$00000000)
    __rt_lib_init_alloca_1                   0x080001a3   Thumb Code     0  libinit2.o(.ARM.Collect$$libinit$$0000002E)
    __rt_lib_init_argv_1                     0x080001a3   Thumb Code     0  libinit2.o(.ARM.Collect$$libinit$$0000002C)
    __rt_lib_init_atexit_1                   0x080001a3   Thumb Code     0  libinit2.o(.ARM.Collect$$libinit$$0000001B)
    __rt_lib_init_clock_1                    0x080001a3   Thumb Code     0  libinit2.o(.ARM.Collect$$libinit$$00000021)
    __rt_lib_init_cpp_1                      0x080001a3   Thumb Code     0  libinit2.o(.ARM.Collect$$libinit$$00000032)
    __rt_lib_init_exceptions_1               0x080001a3   Thumb Code     0  libinit2.o(.ARM.Collect$$libinit$$00000030)
    __rt_lib_init_fp_1                       0x080001a3   Thumb Code     0  libinit2.o(.ARM.Collect$$libinit$$00000002)
    __rt_lib_init_fp_trap_1                  0x080001a3   Thumb Code     0  libinit2.o(.ARM.Collect$$libinit$$0000001F)
    __rt_lib_init_getenv_1                   0x080001a3   Thumb Code     0  libinit2.o(.ARM.Collect$$libinit$$00000023)
    __rt_lib_init_heap_1                     0x080001a3   Thumb Code     0  libinit2.o(.ARM.Collect$$libinit$$0000000A)
    __rt_lib_init_lc_collate_1               0x080001a3   Thumb Code     0  libinit2.o(.ARM.Collect$$libinit$$00000011)
    __rt_lib_init_lc_ctype_1                 0x080001a3   Thumb Code     0  libinit2.o(.ARM.Collect$$libinit$$00000013)
    __rt_lib_init_lc_monetary_1              0x080001a3   Thumb Code     0  libinit2.o(.ARM.Collect$$libinit$$00000015)
    __rt_lib_init_lc_numeric_1               0x080001a3   Thumb Code     0  libinit2.o(.ARM.Collect$$libinit$$00000017)
    __rt_lib_init_lc_time_1                  0x080001a3   Thumb Code     0  libinit2.o(.ARM.Collect$$libinit$$00000019)
    __rt_lib_init_preinit_1                  0x080001a3   Thumb Code     0  libinit2.o(.ARM.Collect$$libinit$$00000004)
    __rt_lib_init_rand_1                     0x080001a3   Thumb Code     0  libinit2.o(.ARM.Collect$$libinit$$0000000E)
    __rt_lib_init_return                     0x080001a3   Thumb Code     0  libinit2.o(.ARM.Collect$$libinit$$00000033)
    __rt_lib_init_signal_1                   0x080001a3   Thumb Code     0  libinit2.o(.ARM.Collect$$libinit$$0000001D)
    __rt_lib_init_stdio_1                    0x080001a3   Thumb Code     0  libinit2.o(.ARM.Collect$$libinit$$00000025)
    __rt_lib_init_user_alloc_1               0x080001a3   Thumb Code     0  libinit2.o(.ARM.Collect$$libinit$$0000000C)
    __rt_lib_shutdown                        0x080001a5   Thumb Code     0  libshutdown.o(.ARM.Collect$$libshutdown$$00000000)
    __rt_lib_shutdown_cpp_1                  0x080001a7   Thumb Code     0  libshutdown2.o(.ARM.Collect$$libshutdown$$00000002)
    __rt_lib_shutdown_fp_trap_1              0x080001a7   Thumb Code     0  libshutdown2.o(.ARM.Collect$$libshutdown$$00000007)
    __rt_lib_shutdown_heap_1                 0x080001a7   Thumb Code     0  libshutdown2.o(.ARM.Collect$$libshutdown$$0000000F)
    __rt_lib_shutdown_return                 0x080001a7   Thumb Code     0  libshutdown2.o(.ARM.Collect$$libshutdown$$00000010)
    __rt_lib_shutdown_signal_1               0x080001a7   Thumb Code     0  libshutdown2.o(.ARM.Collect$$libshutdown$$0000000A)
    __rt_lib_shutdown_stdio_1                0x080001a7   Thumb Code     0  libshutdown2.o(.ARM.Collect$$libshutdown$$00000004)
    __rt_lib_shutdown_user_alloc_1           0x080001a7   Thumb Code     0  libshutdown2.o(.ARM.Collect$$libshutdown$$0000000C)
    __rt_entry                               0x080001a9   Thumb Code     0  __rtentry.o(.ARM.Collect$$rtentry$$00000000)
    __rt_entry_presh_1                       0x080001a9   Thumb Code     0  __rtentry2.o(.ARM.Collect$$rtentry$$00000002)
    __rt_entry_sh                            0x080001a9   Thumb Code     0  __rtentry4.o(.ARM.Collect$$rtentry$$00000004)
    __rt_entry_li                            0x080001af   Thumb Code     0  __rtentry2.o(.ARM.Collect$$rtentry$$0000000A)
    __rt_entry_postsh_1                      0x080001af   Thumb Code     0  __rtentry2.o(.ARM.Collect$$rtentry$$00000009)
    __rt_entry_main                          0x080001b3   Thumb Code     0  __rtentry2.o(.ARM.Collect$$rtentry$$0000000D)
    __rt_entry_postli_1                      0x080001b3   Thumb Code     0  __rtentry2.o(.ARM.Collect$$rtentry$$0000000C)
    __rt_exit                                0x080001bb   Thumb Code     0  rtexit.o(.ARM.Collect$$rtexit$$00000000)
    __rt_exit_ls                             0x080001bd   Thumb Code     0  rtexit2.o(.ARM.Collect$$rtexit$$00000003)
    __rt_exit_prels_1                        0x080001bd   Thumb Code     0  rtexit2.o(.ARM.Collect$$rtexit$$00000002)
    __rt_exit_exit                           0x080001c1   Thumb Code     0  rtexit2.o(.ARM.Collect$$rtexit$$00000004)
    Reset_Handler                            0x080001c9   Thumb Code     8  startup_stm32f10x_md.o(.text)
    ADC1_2_IRQHandler                        0x080001e3   Thumb Code     0  startup_stm32f10x_md.o(.text)
    CAN1_RX1_IRQHandler                      0x080001e3   Thumb Code     0  startup_stm32f10x_md.o(.text)
    CAN1_SCE_IRQHandler                      0x080001e3   Thumb Code     0  startup_stm32f10x_md.o(.text)
    DMA1_Channel1_IRQHandler                 0x080001e3   Thumb Code     0  startup_stm32f10x_md.o(.text)
    DMA1_Channel2_IRQHandler                 0x080001e3   Thumb Code     0  startup_stm32f10x_md.o(.text)
    DMA1_Channel3_IRQHandler                 0x080001e3   Thumb Code     0  startup_stm32f10x_md.o(.text)
    DMA1_Channel4_IRQHandler                 0x080001e3   Thumb Code     0  startup_stm32f10x_md.o(.text)
    DMA1_Channel5_IRQHandler                 0x080001e3   Thumb Code     0  startup_stm32f10x_md.o(.text)
    DMA1_Channel6_IRQHandler                 0x080001e3   Thumb Code     0  startup_stm32f10x_md.o(.text)
    DMA1_Channel7_IRQHandler                 0x080001e3   Thumb Code     0  startup_stm32f10x_md.o(.text)
    FLASH_IRQHandler                         0x080001e3   Thumb Code     0  startup_stm32f10x_md.o(.text)
    I2C1_ER_IRQHandler                       0x080001e3   Thumb Code     0  startup_stm32f10x_md.o(.text)
    I2C1_EV_IRQHandler                       0x080001e3   Thumb Code     0  startup_stm32f10x_md.o(.text)
    I2C2_ER_IRQHandler                       0x080001e3   Thumb Code     0  startup_stm32f10x_md.o(.text)
    I2C2_EV_IRQHandler                       0x080001e3   Thumb Code     0  startup_stm32f10x_md.o(.text)
    PVD_IRQHandler                           0x080001e3   Thumb Code     0  startup_stm32f10x_md.o(.text)
    RCC_IRQHandler                           0x080001e3   Thumb Code     0  startup_stm32f10x_md.o(.text)
    RTCAlarm_IRQHandler                      0x080001e3   Thumb Code     0  startup_stm32f10x_md.o(.text)
    RTC_IRQHandler                           0x080001e3   Thumb Code     0  startup_stm32f10x_md.o(.text)
    SPI1_IRQHandler                          0x080001e3   Thumb Code     0  startup_stm32f10x_md.o(.text)
    SPI2_IRQHandler                          0x080001e3   Thumb Code     0  startup_stm32f10x_md.o(.text)
    TAMPER_IRQHandler                        0x080001e3   Thumb Code     0  startup_stm32f10x_md.o(.text)
    TIM1_BRK_IRQHandler                      0x080001e3   Thumb Code     0  startup_stm32f10x_md.o(.text)
    TIM1_CC_IRQHandler                       0x080001e3   Thumb Code     0  startup_stm32f10x_md.o(.text)
    TIM1_TRG_COM_IRQHandler                  0x080001e3   Thumb Code     0  startup_stm32f10x_md.o(.text)
    TIM1_UP_IRQHandler                       0x080001e3   Thumb Code     0  startup_stm32f10x_md.o(.text)
    TIM4_IRQHandler                          0x080001e3   Thumb Code     0  startup_stm32f10x_md.o(.text)
    USART1_IRQHandler                        0x080001e3   Thumb Code     0  startup_stm32f10x_md.o(.text)
    USART2_IRQHandler                        0x080001e3   Thumb Code     0  startup_stm32f10x_md.o(.text)
    USART3_IRQHandler                        0x080001e3   Thumb Code     0  startup_stm32f10x_md.o(.text)
    USB_HP_CAN1_TX_IRQHandler                0x080001e3   Thumb Code     0  startup_stm32f10x_md.o(.text)
    WWDG_IRQHandler                          0x080001e3   Thumb Code     0  startup_stm32f10x_md.o(.text)
    __user_initial_stackheap                 0x080001e5   Thumb Code     0  startup_stm32f10x_md.o(.text)
    __use_two_region_memory                  0x08000209   Thumb Code     2  heapauxi.o(.text)
    __rt_heap_escrow$2region                 0x0800020b   Thumb Code     2  heapauxi.o(.text)
    __rt_heap_expand$2region                 0x0800020d   Thumb Code     2  heapauxi.o(.text)
    __user_setup_stackheap                   0x0800020f   Thumb Code    74  sys_stackheap_outer.o(.text)
    exit                                     0x08000259   Thumb Code    18  exit.o(.text)
    __user_libspace                          0x0800026d   Thumb Code     8  libspace.o(.text)
    __user_perproc_libspace                  0x0800026d   Thumb Code     0  libspace.o(.text)
    __user_perthread_libspace                0x0800026d   Thumb Code     0  libspace.o(.text)
    _sys_exit                                0x08000275   Thumb Code     8  sys_exit.o(.text)
    __I$use$semihosting                      0x08000281   Thumb Code     0  use_no_semi.o(.text)
    __use_no_semihosting_swi                 0x08000281   Thumb Code     2  use_no_semi.o(.text)
    ADC_Cmd                                  0x08000283   Thumb Code    22  stm32f10x_adc.o(i.ADC_Cmd)
    __semihosting_library_function           0x08000283   Thumb Code     0  indicate_semi.o(.text)
    ADC_DMACmd                               0x08000299   Thumb Code    22  stm32f10x_adc.o(i.ADC_DMACmd)
    ADC_GetCalibrationStatus                 0x080002af   Thumb Code    20  stm32f10x_adc.o(i.ADC_GetCalibrationStatus)
    ADC_GetResetCalibrationStatus            0x080002c3   Thumb Code    20  stm32f10x_adc.o(i.ADC_GetResetCalibrationStatus)
    ADC_Init                                 0x080002d9   Thumb Code    70  stm32f10x_adc.o(i.ADC_Init)
    ADC_Initialize                           0x08000329   Thumb Code    20  adc.o(i.ADC_Initialize)
    ADC_RegularChannelConfig                 0x08000341   Thumb Code   184  stm32f10x_adc.o(i.ADC_RegularChannelConfig)
    ADC_ResetCalibration                     0x080003f9   Thumb Code    10  stm32f10x_adc.o(i.ADC_ResetCalibration)
    ADC_SoftwareStartConvCmd                 0x08000403   Thumb Code    22  stm32f10x_adc.o(i.ADC_SoftwareStartConvCmd)
    ADC_StartCalibration                     0x08000419   Thumb Code    10  stm32f10x_adc.o(i.ADC_StartCalibration)
    ADC_TempSensorVrefintCmd                 0x08000425   Thumb Code    30  stm32f10x_adc.o(i.ADC_TempSensorVrefintCmd)
    BusFault_Handler                         0x08000449   Thumb Code     4  stm32_it.o(i.BusFault_Handler)
    ByteSwap                                 0x0800044d   Thumb Code    12  usb_regs.o(i.ByteSwap)
    CDC_Receive_DATA                         0x08000459   Thumb Code    18  hw_config.o(i.CDC_Receive_DATA)
    CDC_Send_DATA                            0x08000471   Thumb Code    50  hw_config.o(i.CDC_Send_DATA)
    CTR_LP                                   0x080004a9   Thumb Code   616  usb_int.o(i.CTR_LP)
    CalculateTargetCNT                       0x08000731   Thumb Code    90  eventtimer.o(i.CalculateTargetCNT)
    Callback2                                0x0800078d   Thumb Code    22  main.o(i.Callback2)
    CheckEventTimer                          0x080007b1   Thumb Code    48  tim.o(i.CheckEventTimer)
    ClearDTOG_RX                             0x080007e1   Thumb Code    48  usb_regs.o(i.ClearDTOG_RX)
    ClearDTOG_TX                             0x08000815   Thumb Code    48  usb_regs.o(i.ClearDTOG_TX)
    Clear_Status_Out                         0x08000849   Thumb Code    34  usb_regs.o(i.Clear_Status_Out)
    CreateSoftLink                           0x08000871   Thumb Code     2  blueberryapi.o(i.CreateSoftLink)
    DMA_Cmd                                  0x08000873   Thumb Code    24  stm32f10x_dma.o(i.DMA_Cmd)
    DMA_Init                                 0x0800088b   Thumb Code    60  stm32f10x_dma.o(i.DMA_Init)
    DebugMon_Handler                         0x08000cdd   Thumb Code     2  stm32_it.o(i.DebugMon_Handler)
    DecreaseIteration_EventTimer             0x08000cdf   Thumb Code    18  tim.o(i.DecreaseIteration_EventTimer)
    EP1_IN_Callback                          0x08000cf1   Thumb Code     8  usb_endp.o(i.EP1_IN_Callback)
    EP3_OUT_Callback                         0x08000cfd   Thumb Code    72  usb_endp.o(i.EP3_OUT_Callback)
    EXTI0_IRQHandler                         0x08000d5d   Thumb Code    54  exti.o(i.EXTI0_IRQHandler)
    EXTI15_10_IRQHandler                     0x08000da1   Thumb Code   352  exti.o(i.EXTI15_10_IRQHandler)
    EXTI1_IRQHandler                         0x08000f49   Thumb Code    54  exti.o(i.EXTI1_IRQHandler)
    EXTI2_IRQHandler                         0x08000f8d   Thumb Code    54  exti.o(i.EXTI2_IRQHandler)
    EXTI3_IRQHandler                         0x08000fd1   Thumb Code    54  exti.o(i.EXTI3_IRQHandler)
    EXTI4_IRQHandler                         0x08001015   Thumb Code    54  exti.o(i.EXTI4_IRQHandler)
    EXTI9_5_IRQHandler                       0x08001059   Thumb Code   270  exti.o(i.EXTI9_5_IRQHandler)
    EXTI_ClearITPendingBit                   0x080011a5   Thumb Code     6  stm32f10x_exti.o(i.EXTI_ClearITPendingBit)
    EXTI_GetITStatus                         0x080011b1   Thumb Code    34  stm32f10x_exti.o(i.EXTI_GetITStatus)
    EXTI_Init                                0x080011d9   Thumb Code   142  stm32f10x_exti.o(i.EXTI_Init)
    Event_Register                           0x0800126d   Thumb Code   442  eventtimer.o(i.Event_Register)
    FillStruct                               0x08001459   Thumb Code    38  protocol.o(i.FillStruct)
    FilterDuration                           0x08001485   Thumb Code    42  eventtimer.o(i.FilterDuration)
    GPIO_Init                                0x080014af   Thumb Code   278  stm32f10x_gpio.o(i.GPIO_Init)
    GPIO_ReadInputDataBit                    0x080015c5   Thumb Code    18  stm32f10x_gpio.o(i.GPIO_ReadInputDataBit)
    GPIO_ResetBits                           0x080015d7   Thumb Code     4  stm32f10x_gpio.o(i.GPIO_ResetBits)
    GPIO_SetBits                             0x080015db   Thumb Code     4  stm32f10x_gpio.o(i.GPIO_SetBits)
    GetCoreTemp                              0x080015e1   Thumb Code    26  adc.o(i.GetCoreTemp)
    GetEPRxAddr                              0x08001601   Thumb Code    24  usb_regs.o(i.GetEPRxAddr)
    GetEPRxCount                             0x08001621   Thumb Code    26  usb_regs.o(i.GetEPRxCount)
    GetEPTxAddr                              0x08001645   Thumb Code    22  usb_regs.o(i.GetEPTxAddr)
    Get_SerialNum                            0x08001665   Thumb Code    42  hw_config.o(i.Get_SerialNum)
    HardFault_Handler                        0x08001699   Thumb Code     4  stm32_it.o(i.HardFault_Handler)
    HeaderCmp                                0x0800169d   Thumb Code    44  protocol.o(i.HeaderCmp)
    In0_Process                              0x080016cd   Thumb Code    98  usb_core.o(i.In0_Process)
    IncreaseIteration_Stopwatch              0x0800173d   Thumb Code    14  tim.o(i.IncreaseIteration_Stopwatch)
    Leave_LowPowerMode                       0x08001789   Thumb Code    32  hw_config.o(i.Leave_LowPowerMode)
    MemManage_Handler                        0x080017b1   Thumb Code     4  stm32_it.o(i.MemManage_Handler)
    NMI_Handler                              0x080017b5   Thumb Code     2  stm32_it.o(i.NMI_Handler)
    NOP_Process                              0x080017b7   Thumb Code     2  usb_core.o(i.NOP_Process)
    NVIC_Init                                0x080017b9   Thumb Code   100  misc.o(i.NVIC_Init)
    NVIC_PriorityGroupConfig                 0x08001829   Thumb Code    10  misc.o(i.NVIC_PriorityGroupConfig)
    Out0_Process                             0x08001975   Thumb Code    70  usb_core.o(i.Out0_Process)
    PMAToUserBufferCopy                      0x080019c5   Thumb Code    34  usb_mem.o(i.PMAToUserBufferCopy)
    PendSV_Handler                           0x080019ed   Thumb Code     2  stm32_it.o(i.PendSV_Handler)
    PinMode                                  0x080019f1   Thumb Code   288  gpio.o(i.PinMode)
    Post0_Process                            0x08001b2d   Thumb Code    54  usb_core.o(i.Post0_Process)
    PowerOn                                  0x08001b75   Thumb Code    54  usb_pwr.o(i.PowerOn)
    ProcessCommand                           0x08001bb5   Thumb Code   140  requesthandler.o(i.ProcessCommand)
    RCC_ADCCLKConfig                         0x08001cb5   Thumb Code    18  stm32f10x_rcc.o(i.RCC_ADCCLKConfig)
    RCC_AHBPeriphClockCmd                    0x08001ccd   Thumb Code    26  stm32f10x_rcc.o(i.RCC_AHBPeriphClockCmd)
    RCC_APB1PeriphClockCmd                   0x08001ced   Thumb Code    26  stm32f10x_rcc.o(i.RCC_APB1PeriphClockCmd)
    RCC_APB1PeriphResetCmd                   0x08001d0d   Thumb Code    26  stm32f10x_rcc.o(i.RCC_APB1PeriphResetCmd)
    RCC_APB2PeriphClockCmd                   0x08001d2d   Thumb Code    26  stm32f10x_rcc.o(i.RCC_APB2PeriphClockCmd)
    RCC_APB2PeriphResetCmd                   0x08001d4d   Thumb Code    26  stm32f10x_rcc.o(i.RCC_APB2PeriphResetCmd)
    RCC_DeInit                               0x08001d6d   Thumb Code    64  stm32f10x_rcc.o(i.RCC_DeInit)
    RCC_GetFlagStatus                        0x08001db9   Thumb Code    56  stm32f10x_rcc.o(i.RCC_GetFlagStatus)
    RCC_GetSYSCLKSource                      0x08001df5   Thumb Code    10  stm32f10x_rcc.o(i.RCC_GetSYSCLKSource)
    RCC_HCLKConfig                           0x08001e05   Thumb Code    18  stm32f10x_rcc.o(i.RCC_HCLKConfig)
    RCC_HSEConfig                            0x08001e1d   Thumb Code    70  stm32f10x_rcc.o(i.RCC_HSEConfig)
    RCC_PCLK1Config                          0x08001e69   Thumb Code    18  stm32f10x_rcc.o(i.RCC_PCLK1Config)
    RCC_PCLK2Config                          0x08001e81   Thumb Code    20  stm32f10x_rcc.o(i.RCC_PCLK2Config)
    RCC_PLLCmd                               0x08001e99   Thumb Code     6  stm32f10x_rcc.o(i.RCC_PLLCmd)
    RCC_PLLConfig                            0x08001ea5   Thumb Code    24  stm32f10x_rcc.o(i.RCC_PLLConfig)
    RCC_SYSCLKConfig                         0x08001ec1   Thumb Code    18  stm32f10x_rcc.o(i.RCC_SYSCLKConfig)
    RCC_USBCLKConfig                         0x08001ed9   Thumb Code     6  stm32f10x_rcc.o(i.RCC_USBCLKConfig)
    RCC_WaitForHSEStartUp                    0x08001ee5   Thumb Code    56  stm32f10x_rcc.o(i.RCC_WaitForHSEStartUp)
    Resume                                   0x08001f1d   Thumb Code   194  usb_pwr.o(i.Resume)
    Resume_Init                              0x08001fed   Thumb Code    30  usb_pwr.o(i.Resume_Init)
    SVC_Handler                              0x08002011   Thumb Code     2  stm32_it.o(i.SVC_Handler)
    SYSCLK_104Mhz                            0x08002013   Thumb Code    12  sysclk.o(i.SYSCLK_104Mhz)
    SYSCLK_112Mhz                            0x0800201f   Thumb Code    12  sysclk.o(i.SYSCLK_112Mhz)
    SYSCLK_120Mhz                            0x0800202b   Thumb Code    12  sysclk.o(i.SYSCLK_120Mhz)
    SYSCLK_128Mhz                            0x08002037   Thumb Code    12  sysclk.o(i.SYSCLK_128Mhz)
    SYSCLK_16Mhz                             0x08002043   Thumb Code    10  sysclk.o(i.SYSCLK_16Mhz)
    SYSCLK_24Mhz                             0x0800204d   Thumb Code    12  sysclk.o(i.SYSCLK_24Mhz)
    SYSCLK_32Mhz                             0x08002059   Thumb Code    12  sysclk.o(i.SYSCLK_32Mhz)
    SYSCLK_40Mhz                             0x08002065   Thumb Code    12  sysclk.o(i.SYSCLK_40Mhz)
    SYSCLK_48Mhz                             0x08002071   Thumb Code    12  sysclk.o(i.SYSCLK_48Mhz)
    SYSCLK_56Mhz                             0x0800207d   Thumb Code    12  sysclk.o(i.SYSCLK_56Mhz)
    SYSCLK_64Mhz                             0x08002089   Thumb Code    12  sysclk.o(i.SYSCLK_64Mhz)
    SYSCLK_72Mhz                             0x08002095   Thumb Code    12  sysclk.o(i.SYSCLK_72Mhz)
    SYSCLK_80Mhz                             0x080020a1   Thumb Code    12  sysclk.o(i.SYSCLK_80Mhz)
    SYSCLK_88Mhz                             0x080020ad   Thumb Code    12  sysclk.o(i.SYSCLK_88Mhz)
    SYSCLK_96Mhz                             0x080020b9   Thumb Code    12  sysclk.o(i.SYSCLK_96Mhz)
    SYSCLK_Set                               0x080020c5   Thumb Code   348  sysclk.o(i.SYSCLK_Set)
    SendFreq                                 0x08002235   Thumb Code    20  response_core.o(i.SendFreq)
    SendIdentification                       0x08002259   Thumb Code    14  response_core.o(i.SendIdentification)
    SendTemp                                 0x08002275   Thumb Code    20  response_core.o(i.SendTemp)
    Serial_SendData                          0x08002295   Thumb Code   144  protocol.o(i.Serial_SendData)
    SetBTABLE                                0x0800232d   Thumb Code    12  usb_regs.o(i.SetBTABLE)
    SetDeviceAddress                         0x0800233d   Thumb Code    68  usb_core.o(i.SetDeviceAddress)
    SetEPRxAddr                              0x0800238d   Thumb Code    26  usb_regs.o(i.SetEPRxAddr)
    SetEPRxCount                             0x080023b1   Thumb Code    68  usb_regs.o(i.SetEPRxCount)
    SetEPRxStatus                            0x080023fd   Thumb Code    60  usb_regs.o(i.SetEPRxStatus)
    SetEPRxValid                             0x0800243d   Thumb Code    48  usb_regs.o(i.SetEPRxValid)
    SetEPTxAddr                              0x08002471   Thumb Code    24  usb_regs.o(i.SetEPTxAddr)
    SetEPTxCount                             0x08002491   Thumb Code    20  usb_regs.o(i.SetEPTxCount)
    SetEPTxStatus                            0x080024ad   Thumb Code    60  usb_regs.o(i.SetEPTxStatus)
    SetEPTxValid                             0x080024ed   Thumb Code    48  usb_regs.o(i.SetEPTxValid)
    SetEPType                                0x08002521   Thumb Code    32  usb_regs.o(i.SetEPType)
    SetEventData                             0x08002545   Thumb Code    30  eventtimer.o(i.SetEventData)
    SetFreq                                  0x08002565   Thumb Code   234  response_core.o(i.SetFreq)
    Set_System                               0x0800274d   Thumb Code    70  hw_config.o(i.Set_System)
    Set_USBClock                             0x0800279d   Thumb Code    18  hw_config.o(i.Set_USBClock)
    Setup0_Process                           0x080027b1   Thumb Code   170  usb_core.o(i.Setup0_Process)
    Standard_ClearFeature                    0x08002869   Thumb Code   342  usb_core.o(i.Standard_ClearFeature)
    Standard_GetConfiguration                0x080029d5   Thumb Code    34  usb_core.o(i.Standard_GetConfiguration)
    Standard_GetDescriptorData               0x08002a01   Thumb Code    32  usb_core.o(i.Standard_GetDescriptorData)
    Standard_GetInterface                    0x08002a25   Thumb Code    34  usb_core.o(i.Standard_GetInterface)
    Standard_GetStatus                       0x08002a51   Thumb Code   238  usb_core.o(i.Standard_GetStatus)
    Standard_SetConfiguration                0x08002b51   Thumb Code    60  usb_core.o(i.Standard_SetConfiguration)
    Standard_SetDeviceFeature                0x08002b99   Thumb Code    30  usb_core.o(i.Standard_SetDeviceFeature)
    Standard_SetEndPointFeature              0x08002bc1   Thumb Code   192  usb_core.o(i.Standard_SetEndPointFeature)
    Standard_SetInterface                    0x08002c91   Thumb Code    96  usb_core.o(i.Standard_SetInterface)
    Suspend                                  0x08002cfd   Thumb Code     2  usb_pwr.o(i.Suspend)
    SysTick_Handler                          0x08002cff   Thumb Code     2  stm32_it.o(i.SysTick_Handler)
    SystemInit                               0x08002d01   Thumb Code    78  system_stm32f10x.o(i.SystemInit)
    TIM1_Init                                0x08002d61   Thumb Code    64  tim.o(i.TIM1_Init)
    TIM2_IRQHandler                          0x08002db1   Thumb Code   174  tim.o(i.TIM2_IRQHandler)
    TIM2_Init                                0x08002e81   Thumb Code   194  tim.o(i.TIM2_Init)
    TIM3_IRQHandler                          0x08002f59   Thumb Code   174  tim.o(i.TIM3_IRQHandler)
    TIM3_Init                                0x0800302d   Thumb Code   190  tim.o(i.TIM3_Init)
    TIM4_Init                                0x08003105   Thumb Code    64  tim.o(i.TIM4_Init)
    TIM_ClearITPendingBit                    0x08003151   Thumb Code     6  stm32f10x_tim.o(i.TIM_ClearITPendingBit)
    TIM_Cmd                                  0x08003157   Thumb Code    24  stm32f10x_tim.o(i.TIM_Cmd)
    TIM_DeInit                               0x08003171   Thumb Code   424  stm32f10x_tim.o(i.TIM_DeInit)
    TIM_GetITStatus                          0x08003359   Thumb Code    34  stm32f10x_tim.o(i.TIM_GetITStatus)
    TIM_ITConfig                             0x0800337b   Thumb Code    18  stm32f10x_tim.o(i.TIM_ITConfig)
    TIM_TimeBaseInit                         0x0800338d   Thumb Code   122  stm32f10x_tim.o(i.TIM_TimeBaseInit)
    TIM_TimeBaseStructInit                   0x08003431   Thumb Code    18  stm32f10x_tim.o(i.TIM_TimeBaseStructInit)
    USBWakeUp_IRQHandler                     0x08003443   Thumb Code    12  stm32_it.o(i.USBWakeUp_IRQHandler)
    USB_Cable_Config                         0x08003451   Thumb Code    30  hw_config.o(i.USB_Cable_Config)
    USB_Init                                 0x08003475   Thumb Code    36  usb_init.o(i.USB_Init)
    USB_Initialize                           0x080034b1   Thumb Code    26  usb.o(i.USB_Initialize)
    USB_Interrupts_Config                    0x080034d1   Thumb Code    60  hw_config.o(i.USB_Interrupts_Config)
    USB_Istr                                 0x0800350d   Thumb Code   422  usb_istr.o(i.USB_Istr)
    USB_LP_CAN1_RX0_IRQHandler               0x080036d9   Thumb Code     8  stm32_it.o(i.USB_LP_CAN1_RX0_IRQHandler)
    USB_SIL_Init                             0x080036e1   Thumb Code    28  usb_sil.o(i.USB_SIL_Init)
    UsageFault_Handler                       0x08003705   Thumb Code     4  stm32_it.o(i.UsageFault_Handler)
    UserToPMABufferCopy                      0x08003709   Thumb Code    52  usb_mem.o(i.UserToPMABufferCopy)
    Virtual_Com_Port_Data_Setup              0x08003741   Thumb Code    82  usb_prop.o(i.Virtual_Com_Port_Data_Setup)
    Virtual_Com_Port_GetConfigDescriptor     0x080037a5   Thumb Code    14  usb_prop.o(i.Virtual_Com_Port_GetConfigDescriptor)
    Virtual_Com_Port_GetDeviceDescriptor     0x080037b9   Thumb Code    14  usb_prop.o(i.Virtual_Com_Port_GetDeviceDescriptor)
    Virtual_Com_Port_GetLineCoding           0x080037cd   Thumb Code    20  usb_prop.o(i.Virtual_Com_Port_GetLineCoding)
    Virtual_Com_Port_GetStringDescriptor     0x080037e9   Thumb Code    32  usb_prop.o(i.Virtual_Com_Port_GetStringDescriptor)
    Virtual_Com_Port_Get_Interface_Setting   0x08003811   Thumb Code    22  usb_prop.o(i.Virtual_Com_Port_Get_Interface_Setting)
    Virtual_Com_Port_NoData_Setup            0x08003829   Thumb Code    36  usb_prop.o(i.Virtual_Com_Port_NoData_Setup)
    Virtual_Com_Port_Reset                   0x08003851   Thumb Code   216  usb_prop.o(i.Virtual_Com_Port_Reset)
    Virtual_Com_Port_SetConfiguration        0x08003939   Thumb Code    14  usb_prop.o(i.Virtual_Com_Port_SetConfiguration)
    Virtual_Com_Port_SetDeviceAddress        0x08003951   Thumb Code     8  usb_prop.o(i.Virtual_Com_Port_SetDeviceAddress)
    Virtual_Com_Port_SetLineCoding           0x0800395d   Thumb Code    20  usb_prop.o(i.Virtual_Com_Port_SetLineCoding)
    Virtual_Com_Port_Status_In               0x08003979   Thumb Code    16  usb_prop.o(i.Virtual_Com_Port_Status_In)
    Virtual_Com_Port_Status_Out              0x0800398d   Thumb Code     2  usb_prop.o(i.Virtual_Com_Port_Status_Out)
    Virtual_Com_Port_init                    0x08003991   Thumb Code    30  usb_prop.o(i.Virtual_Com_Port_init)
    __ADC_Initialize                         0x080039b9   Thumb Code   380  adc.o(i.__ADC_Initialize)
    main                                     0x08003b41   Thumb Code    76  main.o(i.main)
    Virtual_Com_Port_DeviceDescriptor        0x08003ba4   Data          18  usb_desc.o(.constdata)
    Virtual_Com_Port_ConfigDescriptor        0x08003bb6   Data          67  usb_desc.o(.constdata)
    Virtual_Com_Port_StringLangID            0x08003bf9   Data           4  usb_desc.o(.constdata)
    Virtual_Com_Port_StringVendor            0x08003bfd   Data          38  usb_desc.o(.constdata)
    Virtual_Com_Port_StringProduct           0x08003c23   Data          50  usb_desc.o(.constdata)
    Region$$Table$$Base                      0x08003c58   Number         0  anon$$obj.o(Region$$Table)
    Region$$Table$$Limit                     0x08003c78   Number         0  anon$$obj.o(Region$$Table)
    count                                    0x20000000   Data           4  main.o(.data)
    blink_count                              0x20000004   Data           4  main.o(.data)
    brk                                      0x20000008   Data           1  main.o(.data)
    cnt                                      0x2000000c   Data           4  main.o(.data)
    max                                      0x20000010   Data           4  main.o(.data)
    breakat                                  0x20000014   Data           2  main.o(.data)
    Stopwatch1_Data                          0x20000016   Data           6  stopwatch.o(.data)
    Stopwatch2_Data                          0x2000001c   Data           6  stopwatch.o(.data)
    Stopwatch3_Data                          0x20000022   Data           6  stopwatch.o(.data)
    Stopwatch4_Data                          0x20000028   Data           6  stopwatch.o(.data)
    Stopwatch5_Data                          0x2000002e   Data           6  stopwatch.o(.data)
    Stopwatch6_Data                          0x20000034   Data           6  stopwatch.o(.data)
    Stopwatch7_Data                          0x2000003a   Data           6  stopwatch.o(.data)
    Stopwatch8_Data                          0x20000040   Data           6  stopwatch.o(.data)
    ADC_Initialized                          0x20000046   Data           1  adc.o(.data)
    GPIO_InitStructure                       0x20000048   Data           4  common.o(.data)
    EXTI_InitStruct                          0x2000004c   Data           8  common.o(.data)
    NVIC_InitStruct                          0x20000054   Data           4  common.o(.data)
    SYSCLK_CLK                               0x20000058   Data           1  sysclk.o(.data)
    TIM1_Initialized                         0x2000005a   Data           1  tim.o(.data)
    TIM2_Initialized                         0x2000005b   Data           1  tim.o(.data)
    TIM2_Period                              0x2000005c   Data           2  tim.o(.data)
    TIM3_Initialized                         0x2000005e   Data           1  tim.o(.data)
    TIM3_Period                              0x20000060   Data           2  tim.o(.data)
    TIM4_Initialized                         0x20000062   Data           1  tim.o(.data)
    EXTI0_RaisingCallback                    0x20000064   Data           4  exti.o(.data)
    EXTI1_RaisingCallback                    0x20000068   Data           4  exti.o(.data)
    EXTI2_RaisingCallback                    0x2000006c   Data           4  exti.o(.data)
    EXTI3_RaisingCallback                    0x20000070   Data           4  exti.o(.data)
    EXTI4_RaisingCallback                    0x20000074   Data           4  exti.o(.data)
    EXTI5_RaisingCallback                    0x20000078   Data           4  exti.o(.data)
    EXTI6_RaisingCallback                    0x2000007c   Data           4  exti.o(.data)
    EXTI7_RaisingCallback                    0x20000080   Data           4  exti.o(.data)
    EXTI8_RaisingCallback                    0x20000084   Data           4  exti.o(.data)
    EXTI9_RaisingCallback                    0x20000088   Data           4  exti.o(.data)
    EXTI10_RaisingCallback                   0x2000008c   Data           4  exti.o(.data)
    EXTI11_RaisingCallback                   0x20000090   Data           4  exti.o(.data)
    EXTI12_RaisingCallback                   0x20000094   Data           4  exti.o(.data)
    EXTI13_RaisingCallback                   0x20000098   Data           4  exti.o(.data)
    EXTI14_RaisingCallback                   0x2000009c   Data           4  exti.o(.data)
    EXTI15_RaisingCallback                   0x200000a0   Data           4  exti.o(.data)
    EXTI0_FallingCallback                    0x200000a4   Data           4  exti.o(.data)
    EXTI1_FallingCallback                    0x200000a8   Data           4  exti.o(.data)
    EXTI2_FallingCallback                    0x200000ac   Data           4  exti.o(.data)
    EXTI3_FallingCallback                    0x200000b0   Data           4  exti.o(.data)
    EXTI4_FallingCallback                    0x200000b4   Data           4  exti.o(.data)
    EXTI5_FallingCallback                    0x200000b8   Data           4  exti.o(.data)
    EXTI6_FallingCallback                    0x200000bc   Data           4  exti.o(.data)
    EXTI7_FallingCallback                    0x200000c0   Data           4  exti.o(.data)
    EXTI8_FallingCallback                    0x200000c4   Data           4  exti.o(.data)
    EXTI9_FallingCallback                    0x200000c8   Data           4  exti.o(.data)
    EXTI10_FallingCallback                   0x200000cc   Data           4  exti.o(.data)
    EXTI11_FallingCallback                   0x200000d0   Data           4  exti.o(.data)
    EXTI12_FallingCallback                   0x200000d4   Data           4  exti.o(.data)
    EXTI13_FallingCallback                   0x200000d8   Data           4  exti.o(.data)
    EXTI14_FallingCallback                   0x200000dc   Data           4  exti.o(.data)
    EXTI15_FallingCallback                   0x200000e0   Data           4  exti.o(.data)
    EXTI0_Port                               0x200000e4   Data           4  exti.o(.data)
    EXTI1_Port                               0x200000e8   Data           4  exti.o(.data)
    EXTI2_Port                               0x200000ec   Data           4  exti.o(.data)
    EXTI3_Port                               0x200000f0   Data           4  exti.o(.data)
    EXTI4_Port                               0x200000f4   Data           4  exti.o(.data)
    EXTI5_Port                               0x200000f8   Data           4  exti.o(.data)
    EXTI6_Port                               0x200000fc   Data           4  exti.o(.data)
    EXTI7_Port                               0x20000100   Data           4  exti.o(.data)
    EXTI8_Port                               0x20000104   Data           4  exti.o(.data)
    EXTI9_Port                               0x20000108   Data           4  exti.o(.data)
    EXTI10_Port                              0x2000010c   Data           4  exti.o(.data)
    EXTI11_Port                              0x20000110   Data           4  exti.o(.data)
    EXTI12_Port                              0x20000114   Data           4  exti.o(.data)
    EXTI13_Port                              0x20000118   Data           4  exti.o(.data)
    EXTI14_Port                              0x2000011c   Data           4  exti.o(.data)
    EXTI15_Port                              0x20000120   Data           4  exti.o(.data)
    EXTI_Initialized                         0x20000124   Data           1  exti.o(.data)
    USB_PacketSent                           0x20000128   Data           4  usb.o(.data)
    USB_PacketReceived                       0x2000012c   Data           4  usb.o(.data)
    receiveCallback                          0x20000130   Data           4  callback.o(.data)
    HSEStartUpStatus                         0x20000134   Data           1  hw_config.o(.data)
    EXTI_InitStructure                       0x20000138   Data           8  hw_config.o(.data)
    Send_length                              0x20000140   Data           4  hw_config.o(.data)
    StatusInfo                               0x20000144   Data           2  usb_core.o(.data)
    Data_Mul_MaxPacketSize                   0x20000146   Data           1  usb_core.o(.data)
    Virtual_Com_Port_StringSerial            0x20000147   Data          26  usb_desc.o(.data)
    USB_ReceivedLength                       0x20000164   Data           4  usb_endp.o(.data)
    running                                  0x20000168   Data           1  usb_endp.o(.data)
    EPindex                                  0x2000016c   Data           1  usb_init.o(.data)
    pInformation                             0x20000170   Data           4  usb_init.o(.data)
    pProperty                                0x20000174   Data           4  usb_init.o(.data)
    SaveState                                0x20000178   Data           2  usb_init.o(.data)
    wInterrupt_Mask                          0x2000017a   Data           2  usb_init.o(.data)
    pUser_Standard_Requests                  0x2000017c   Data           4  usb_init.o(.data)
    SaveRState                               0x20000180   Data           2  usb_int.o(.data)
    SaveTState                               0x20000182   Data           2  usb_int.o(.data)
    wIstr                                    0x20000184   Data           2  usb_istr.o(.data)
    bIntPackSOF                              0x20000186   Data           1  usb_istr.o(.data)
    esof_counter                             0x20000188   Data           4  usb_istr.o(.data)
    wCNTR                                    0x2000018c   Data           4  usb_istr.o(.data)
    pEpInt_IN                                0x20000190   Data          28  usb_istr.o(.data)
    pEpInt_OUT                               0x200001ac   Data          28  usb_istr.o(.data)
    Request                                  0x200001c8   Data           1  usb_prop.o(.data)
    linecoding                               0x200001cc   Data           8  usb_prop.o(.data)
    Device_Table                             0x200001d4   Data           2  usb_prop.o(.data)
    Device_Property                          0x200001d8   Data          48  usb_prop.o(.data)
    User_Standard_Requests                   0x20000208   Data          36  usb_prop.o(.data)
    Device_Descriptor                        0x2000022c   Data           8  usb_prop.o(.data)
    Config_Descriptor                        0x20000234   Data           8  usb_prop.o(.data)
    String_Descriptor                        0x2000023c   Data          32  usb_prop.o(.data)
    bDeviceState                             0x2000025c   Data           4  usb_pwr.o(.data)
    fSuspendEnabled                          0x20000260   Data           1  usb_pwr.o(.data)
    ResumeS                                  0x20000261   Data           2  usb_pwr.o(.data)
    remotewakeupon                           0x20000264   Data           4  usb_pwr.o(.data)
    bufferidx                                0x20000268   Data           1  protocol.o(.data)
    ts                                       0x2000026a   Data           6  response_core.o(.data)
    Link                                     0x20000270   Data         128  main.o(.bss)
    EventTimer1_Data                         0x200002f0   Data          20  eventtimer.o(.bss)
    EventTimer2_Data                         0x20000304   Data          20  eventtimer.o(.bss)
    EventTimer3_Data                         0x20000318   Data          20  eventtimer.o(.bss)
    EventTimer4_Data                         0x2000032c   Data          20  eventtimer.o(.bss)
    EventTimer5_Data                         0x20000340   Data          20  eventtimer.o(.bss)
    EventTimer6_Data                         0x20000354   Data          20  eventtimer.o(.bss)
    EventTimer7_Data                         0x20000368   Data          20  eventtimer.o(.bss)
    EventTimer8_Data                         0x2000037c   Data          20  eventtimer.o(.bss)
    ADCBuffer                                0x20000390   Data          22  adc.o(.bss)
    TIM_TimeBaseInitStructure                0x200003a6   Data          10  common.o(.bss)
    TIM_OCInitStructure                      0x200003b0   Data          16  common.o(.bss)
    USB_ReceiveBuffer                        0x200003c0   Data          64  hw_config.o(.bss)
    Device_Info                              0x20000400   Data          28  usb_init.o(.bss)
    buffer                                   0x2000041c   Data          63  protocol.o(.bss)
    __libspace_start                         0x2000045c   Data          96  libspace.o(.bss)
    __temporary_stack_top$libspace           0x200004bc   Data           0  libspace.o(.bss)



==============================================================================

Memory Map of the image

  Image Entry point : 0x080001c9

  Load Region LR_1 (Base: 0x08000000, Size: 0x00003ee8, Max: 0xffffffff, ABSOLUTE, COMPRESSED[0x00003d04])

    Execution Region ER_RO (Exec base: 0x08000000, Load base: 0x08000000, Size: 0x00003c78, Max: 0xffffffff, ABSOLUTE)

    Exec Addr    Load Addr    Size         Type   Attr      Idx    E Section Name        Object

    0x08000000   0x08000000   0x000000ec   Data   RO         4454    RESET               startup_stm32f10x_md.o
    0x080000ec   0x080000ec   0x00000008   Code   RO         4509  * !!!main             c_w.l(__main.o)
    0x080000f4   0x080000f4   0x00000034   Code   RO         4668    !!!scatter          c_w.l(__scatter.o)
    0x08000128   0x08000128   0x0000005a   Code   RO         4666    !!dczerorl2         c_w.l(__dczerorl2.o)
    0x08000182   0x08000182   0x00000002   PAD
    0x08000184   0x08000184   0x0000001c   Code   RO         4670    !!handler_zi        c_w.l(__scatter_zi.o)
    0x080001a0   0x080001a0   0x00000002   Code   RO         4536    .ARM.Collect$$libinit$$00000000  c_w.l(libinit.o)
    0x080001a2   0x080001a2   0x00000000   Code   RO         4543    .ARM.Collect$$libinit$$00000002  c_w.l(libinit2.o)
    0x080001a2   0x080001a2   0x00000000   Code   RO         4545    .ARM.Collect$$libinit$$00000004  c_w.l(libinit2.o)
    0x080001a2   0x080001a2   0x00000000   Code   RO         4548    .ARM.Collect$$libinit$$0000000A  c_w.l(libinit2.o)
    0x080001a2   0x080001a2   0x00000000   Code   RO         4550    .ARM.Collect$$libinit$$0000000C  c_w.l(libinit2.o)
    0x080001a2   0x080001a2   0x00000000   Code   RO         4552    .ARM.Collect$$libinit$$0000000E  c_w.l(libinit2.o)
    0x080001a2   0x080001a2   0x00000000   Code   RO         4555    .ARM.Collect$$libinit$$00000011  c_w.l(libinit2.o)
    0x080001a2   0x080001a2   0x00000000   Code   RO         4557    .ARM.Collect$$libinit$$00000013  c_w.l(libinit2.o)
    0x080001a2   0x080001a2   0x00000000   Code   RO         4559    .ARM.Collect$$libinit$$00000015  c_w.l(libinit2.o)
    0x080001a2   0x080001a2   0x00000000   Code   RO         4561    .ARM.Collect$$libinit$$00000017  c_w.l(libinit2.o)
    0x080001a2   0x080001a2   0x00000000   Code   RO         4563    .ARM.Collect$$libinit$$00000019  c_w.l(libinit2.o)
    0x080001a2   0x080001a2   0x00000000   Code   RO         4565    .ARM.Collect$$libinit$$0000001B  c_w.l(libinit2.o)
    0x080001a2   0x080001a2   0x00000000   Code   RO         4567    .ARM.Collect$$libinit$$0000001D  c_w.l(libinit2.o)
    0x080001a2   0x080001a2   0x00000000   Code   RO         4569    .ARM.Collect$$libinit$$0000001F  c_w.l(libinit2.o)
    0x080001a2   0x080001a2   0x00000000   Code   RO         4571    .ARM.Collect$$libinit$$00000021  c_w.l(libinit2.o)
    0x080001a2   0x080001a2   0x00000000   Code   RO         4573    .ARM.Collect$$libinit$$00000023  c_w.l(libinit2.o)
    0x080001a2   0x080001a2   0x00000000   Code   RO         4575    .ARM.Collect$$libinit$$00000025  c_w.l(libinit2.o)
    0x080001a2   0x080001a2   0x00000000   Code   RO         4579    .ARM.Collect$$libinit$$0000002C  c_w.l(libinit2.o)
    0x080001a2   0x080001a2   0x00000000   Code   RO         4581    .ARM.Collect$$libinit$$0000002E  c_w.l(libinit2.o)
    0x080001a2   0x080001a2   0x00000000   Code   RO         4583    .ARM.Collect$$libinit$$00000030  c_w.l(libinit2.o)
    0x080001a2   0x080001a2   0x00000000   Code   RO         4585    .ARM.Collect$$libinit$$00000032  c_w.l(libinit2.o)
    0x080001a2   0x080001a2   0x00000002   Code   RO         4586    .ARM.Collect$$libinit$$00000033  c_w.l(libinit2.o)
    0x080001a4   0x080001a4   0x00000002   Code   RO         4606    .ARM.Collect$$libshutdown$$00000000  c_w.l(libshutdown.o)
    0x080001a6   0x080001a6   0x00000000   Code   RO         4619    .ARM.Collect$$libshutdown$$00000002  c_w.l(libshutdown2.o)
    0x080001a6   0x080001a6   0x00000000   Code   RO         4621    .ARM.Collect$$libshutdown$$00000004  c_w.l(libshutdown2.o)
    0x080001a6   0x080001a6   0x00000000   Code   RO         4624    .ARM.Collect$$libshutdown$$00000007  c_w.l(libshutdown2.o)
    0x080001a6   0x080001a6   0x00000000   Code   RO         4627    .ARM.Collect$$libshutdown$$0000000A  c_w.l(libshutdown2.o)
    0x080001a6   0x080001a6   0x00000000   Code   RO         4629    .ARM.Collect$$libshutdown$$0000000C  c_w.l(libshutdown2.o)
    0x080001a6   0x080001a6   0x00000000   Code   RO         4632    .ARM.Collect$$libshutdown$$0000000F  c_w.l(libshutdown2.o)
    0x080001a6   0x080001a6   0x00000002   Code   RO         4633    .ARM.Collect$$libshutdown$$00000010  c_w.l(libshutdown2.o)
    0x080001a8   0x080001a8   0x00000000   Code   RO         4511    .ARM.Collect$$rtentry$$00000000  c_w.l(__rtentry.o)
    0x080001a8   0x080001a8   0x00000000   Code   RO         4513    .ARM.Collect$$rtentry$$00000002  c_w.l(__rtentry2.o)
    0x080001a8   0x080001a8   0x00000006   Code   RO         4525    .ARM.Collect$$rtentry$$00000004  c_w.l(__rtentry4.o)
    0x080001ae   0x080001ae   0x00000000   Code   RO         4515    .ARM.Collect$$rtentry$$00000009  c_w.l(__rtentry2.o)
    0x080001ae   0x080001ae   0x00000004   Code   RO         4516    .ARM.Collect$$rtentry$$0000000A  c_w.l(__rtentry2.o)
    0x080001b2   0x080001b2   0x00000000   Code   RO         4518    .ARM.Collect$$rtentry$$0000000C  c_w.l(__rtentry2.o)
    0x080001b2   0x080001b2   0x00000008   Code   RO         4519    .ARM.Collect$$rtentry$$0000000D  c_w.l(__rtentry2.o)
    0x080001ba   0x080001ba   0x00000002   Code   RO         4540    .ARM.Collect$$rtexit$$00000000  c_w.l(rtexit.o)
    0x080001bc   0x080001bc   0x00000000   Code   RO         4588    .ARM.Collect$$rtexit$$00000002  c_w.l(rtexit2.o)
    0x080001bc   0x080001bc   0x00000004   Code   RO         4589    .ARM.Collect$$rtexit$$00000003  c_w.l(rtexit2.o)
    0x080001c0   0x080001c0   0x00000006   Code   RO         4590    .ARM.Collect$$rtexit$$00000004  c_w.l(rtexit2.o)
    0x080001c6   0x080001c6   0x00000002   PAD
    0x080001c8   0x080001c8   0x00000040   Code   RO         4455  * .text               startup_stm32f10x_md.o
    0x08000208   0x08000208   0x00000006   Code   RO         4507    .text               c_w.l(heapauxi.o)
    0x0800020e   0x0800020e   0x0000004a   Code   RO         4527    .text               c_w.l(sys_stackheap_outer.o)
    0x08000258   0x08000258   0x00000012   Code   RO         4529    .text               c_w.l(exit.o)
    0x0800026a   0x0800026a   0x00000002   PAD
    0x0800026c   0x0800026c   0x00000008   Code   RO         4537    .text               c_w.l(libspace.o)
    0x08000274   0x08000274   0x0000000c   Code   RO         4598    .text               c_w.l(sys_exit.o)
    0x08000280   0x08000280   0x00000002   Code   RO         4609    .text               c_w.l(use_no_semi.o)
    0x08000282   0x08000282   0x00000000   Code   RO         4611    .text               c_w.l(indicate_semi.o)
    0x08000282   0x08000282   0x00000016   Code   RO         2993    i.ADC_Cmd           stm32f10x_adc.o
    0x08000298   0x08000298   0x00000016   Code   RO         2994    i.ADC_DMACmd        stm32f10x_adc.o
    0x080002ae   0x080002ae   0x00000014   Code   RO         3001    i.ADC_GetCalibrationStatus  stm32f10x_adc.o
    0x080002c2   0x080002c2   0x00000014   Code   RO         3007    i.ADC_GetResetCalibrationStatus  stm32f10x_adc.o
    0x080002d6   0x080002d6   0x00000002   PAD
    0x080002d8   0x080002d8   0x00000050   Code   RO         3011    i.ADC_Init          stm32f10x_adc.o
    0x08000328   0x08000328   0x00000018   Code   RO          476    i.ADC_Initialize    adc.o
    0x08000340   0x08000340   0x000000b8   Code   RO         3015    i.ADC_RegularChannelConfig  stm32f10x_adc.o
    0x080003f8   0x080003f8   0x0000000a   Code   RO         3016    i.ADC_ResetCalibration  stm32f10x_adc.o
    0x08000402   0x08000402   0x00000016   Code   RO         3018    i.ADC_SoftwareStartConvCmd  stm32f10x_adc.o
    0x08000418   0x08000418   0x0000000a   Code   RO         3020    i.ADC_StartCalibration  stm32f10x_adc.o
    0x08000422   0x08000422   0x00000002   PAD
    0x08000424   0x08000424   0x00000024   Code   RO         3022    i.ADC_TempSensorVrefintCmd  stm32f10x_adc.o
    0x08000448   0x08000448   0x00000004   Code   RO         1727    i.BusFault_Handler  stm32_it.o
    0x0800044c   0x0800044c   0x0000000c   Code   RO         2315    i.ByteSwap          usb_regs.o
    0x08000458   0x08000458   0x00000018   Code   RO         1639    i.CDC_Receive_DATA  hw_config.o
    0x08000470   0x08000470   0x00000038   Code   RO         1640    i.CDC_Send_DATA     hw_config.o
    0x080004a8   0x080004a8   0x00000288   Code   RO         2040    i.CTR_LP            usb_int.o
    0x08000730   0x08000730   0x0000005a   Code   RO          347    i.CalculateTargetCNT  eventtimer.o
    0x0800078a   0x0800078a   0x00000002   PAD
    0x0800078c   0x0800078c   0x00000024   Code   RO            4    i.Callback2         main.o
    0x080007b0   0x080007b0   0x00000030   Code   RO         1222    i.CheckEventTimer   tim.o
    0x080007e0   0x080007e0   0x00000034   Code   RO         2316    i.ClearDTOG_RX      usb_regs.o
    0x08000814   0x08000814   0x00000034   Code   RO         2317    i.ClearDTOG_TX      usb_regs.o
    0x08000848   0x08000848   0x00000028   Code   RO         2322    i.Clear_Status_Out  usb_regs.o
    0x08000870   0x08000870   0x00000002   Code   RO          448    i.CreateSoftLink    blueberryapi.o
    0x08000872   0x08000872   0x00000018   Code   RO         3223    i.DMA_Cmd           stm32f10x_dma.o
    0x0800088a   0x0800088a   0x0000003c   Code   RO         3229    i.DMA_Init          stm32f10x_dma.o
    0x080008c6   0x080008c6   0x00000002   PAD
    0x080008c8   0x080008c8   0x000000c0   Code   RO         1814    i.DataStageIn       usb_core.o
    0x08000988   0x08000988   0x000000bc   Code   RO         1815    i.DataStageOut      usb_core.o
    0x08000a44   0x08000a44   0x00000298   Code   RO         1816    i.Data_Setup0       usb_core.o
    0x08000cdc   0x08000cdc   0x00000002   Code   RO         1728    i.DebugMon_Handler  stm32_it.o
    0x08000cde   0x08000cde   0x00000012   Code   RO         1223    i.DecreaseIteration_EventTimer  tim.o
    0x08000cf0   0x08000cf0   0x0000000c   Code   RO         1970    i.EP1_IN_Callback   usb_endp.o
    0x08000cfc   0x08000cfc   0x00000060   Code   RO         1971    i.EP3_OUT_Callback  usb_endp.o
    0x08000d5c   0x08000d5c   0x00000044   Code   RO         1379    i.EXTI0_IRQHandler  exti.o
    0x08000da0   0x08000da0   0x000001a8   Code   RO         1380    i.EXTI15_10_IRQHandler  exti.o
    0x08000f48   0x08000f48   0x00000044   Code   RO         1381    i.EXTI1_IRQHandler  exti.o
    0x08000f8c   0x08000f8c   0x00000044   Code   RO         1382    i.EXTI2_IRQHandler  exti.o
    0x08000fd0   0x08000fd0   0x00000044   Code   RO         1383    i.EXTI3_IRQHandler  exti.o
    0x08001014   0x08001014   0x00000044   Code   RO         1384    i.EXTI4_IRQHandler  exti.o
    0x08001058   0x08001058   0x0000014c   Code   RO         1385    i.EXTI9_5_IRQHandler  exti.o
    0x080011a4   0x080011a4   0x0000000c   Code   RO         3306    i.EXTI_ClearITPendingBit  stm32f10x_exti.o
    0x080011b0   0x080011b0   0x00000028   Code   RO         3310    i.EXTI_GetITStatus  stm32f10x_exti.o
    0x080011d8   0x080011d8   0x00000094   Code   RO         3311    i.EXTI_Init         stm32f10x_exti.o
    0x0800126c   0x0800126c   0x000001ec   Code   RO          348    i.Event_Register    eventtimer.o
    0x08001458   0x08001458   0x0000002c   Code   RO         2801    i.FillStruct        protocol.o
    0x08001484   0x08001484   0x0000002a   Code   RO          349    i.FilterDuration    eventtimer.o
    0x080014ae   0x080014ae   0x00000116   Code   RO         3563    i.GPIO_Init         stm32f10x_gpio.o
    0x080015c4   0x080015c4   0x00000012   Code   RO         3567    i.GPIO_ReadInputDataBit  stm32f10x_gpio.o
    0x080015d6   0x080015d6   0x00000004   Code   RO         3570    i.GPIO_ResetBits    stm32f10x_gpio.o
    0x080015da   0x080015da   0x00000004   Code   RO         3571    i.GPIO_SetBits      stm32f10x_gpio.o
    0x080015de   0x080015de   0x00000002   PAD
    0x080015e0   0x080015e0   0x00000020   Code   RO          497    i.GetCoreTemp       adc.o
    0x08001600   0x08001600   0x00000020   Code   RO         2334    i.GetEPRxAddr       usb_regs.o
    0x08001620   0x08001620   0x00000024   Code   RO         2335    i.GetEPRxCount      usb_regs.o
    0x08001644   0x08001644   0x00000020   Code   RO         2337    i.GetEPTxAddr       usb_regs.o
    0x08001664   0x08001664   0x00000034   Code   RO         1642    i.Get_SerialNum     hw_config.o
    0x08001698   0x08001698   0x00000004   Code   RO         1729    i.HardFault_Handler  stm32_it.o
    0x0800169c   0x0800169c   0x00000030   Code   RO         2802    i.HeaderCmp         protocol.o
    0x080016cc   0x080016cc   0x00000070   Code   RO         1817    i.In0_Process       usb_core.o
    0x0800173c   0x0800173c   0x0000000e   Code   RO         1224    i.IncreaseIteration_Stopwatch  tim.o
    0x0800174a   0x0800174a   0x0000003e   Code   RO         1643    i.IntToUnicode      hw_config.o
    0x08001788   0x08001788   0x00000028   Code   RO         1644    i.Leave_LowPowerMode  hw_config.o
    0x080017b0   0x080017b0   0x00000004   Code   RO         1730    i.MemManage_Handler  stm32_it.o
    0x080017b4   0x080017b4   0x00000002   Code   RO         1731    i.NMI_Handler       stm32_it.o
    0x080017b6   0x080017b6   0x00000002   Code   RO         1818    i.NOP_Process       usb_core.o
    0x080017b8   0x080017b8   0x00000070   Code   RO         2939    i.NVIC_Init         misc.o
    0x08001828   0x08001828   0x00000014   Code   RO         2940    i.NVIC_PriorityGroupConfig  misc.o
    0x0800183c   0x0800183c   0x00000138   Code   RO         1819    i.NoData_Setup0     usb_core.o
    0x08001974   0x08001974   0x00000050   Code   RO         1820    i.Out0_Process      usb_core.o
    0x080019c4   0x080019c4   0x00000028   Code   RO         2111    i.PMAToUserBufferCopy  usb_mem.o
    0x080019ec   0x080019ec   0x00000002   Code   RO         1732    i.PendSV_Handler    stm32_it.o
    0x080019ee   0x080019ee   0x00000002   PAD
    0x080019f0   0x080019f0   0x0000013c   Code   RO          864    i.PinMode           gpio.o
    0x08001b2c   0x08001b2c   0x00000048   Code   RO         1821    i.Post0_Process     usb_core.o
    0x08001b74   0x08001b74   0x00000040   Code   RO         2255    i.PowerOn           usb_pwr.o
    0x08001bb4   0x08001bb4   0x00000100   Code   RO         2845    i.ProcessCommand    requesthandler.o
    0x08001cb4   0x08001cb4   0x00000018   Code   RO         3683    i.RCC_ADCCLKConfig  stm32f10x_rcc.o
    0x08001ccc   0x08001ccc   0x00000020   Code   RO         3684    i.RCC_AHBPeriphClockCmd  stm32f10x_rcc.o
    0x08001cec   0x08001cec   0x00000020   Code   RO         3685    i.RCC_APB1PeriphClockCmd  stm32f10x_rcc.o
    0x08001d0c   0x08001d0c   0x00000020   Code   RO         3686    i.RCC_APB1PeriphResetCmd  stm32f10x_rcc.o
    0x08001d2c   0x08001d2c   0x00000020   Code   RO         3687    i.RCC_APB2PeriphClockCmd  stm32f10x_rcc.o
    0x08001d4c   0x08001d4c   0x00000020   Code   RO         3688    i.RCC_APB2PeriphResetCmd  stm32f10x_rcc.o
    0x08001d6c   0x08001d6c   0x0000004c   Code   RO         3694    i.RCC_DeInit        stm32f10x_rcc.o
    0x08001db8   0x08001db8   0x0000003c   Code   RO         3696    i.RCC_GetFlagStatus  stm32f10x_rcc.o
    0x08001df4   0x08001df4   0x00000010   Code   RO         3698    i.RCC_GetSYSCLKSource  stm32f10x_rcc.o
    0x08001e04   0x08001e04   0x00000018   Code   RO         3699    i.RCC_HCLKConfig    stm32f10x_rcc.o
    0x08001e1c   0x08001e1c   0x0000004c   Code   RO         3700    i.RCC_HSEConfig     stm32f10x_rcc.o
    0x08001e68   0x08001e68   0x00000018   Code   RO         3706    i.RCC_PCLK1Config   stm32f10x_rcc.o
    0x08001e80   0x08001e80   0x00000018   Code   RO         3707    i.RCC_PCLK2Config   stm32f10x_rcc.o
    0x08001e98   0x08001e98   0x0000000c   Code   RO         3708    i.RCC_PLLCmd        stm32f10x_rcc.o
    0x08001ea4   0x08001ea4   0x0000001c   Code   RO         3709    i.RCC_PLLConfig     stm32f10x_rcc.o
    0x08001ec0   0x08001ec0   0x00000018   Code   RO         3712    i.RCC_SYSCLKConfig  stm32f10x_rcc.o
    0x08001ed8   0x08001ed8   0x0000000c   Code   RO         3713    i.RCC_USBCLKConfig  stm32f10x_rcc.o
    0x08001ee4   0x08001ee4   0x00000038   Code   RO         3714    i.RCC_WaitForHSEStartUp  stm32f10x_rcc.o
    0x08001f1c   0x08001f1c   0x000000d0   Code   RO         2256    i.Resume            usb_pwr.o
    0x08001fec   0x08001fec   0x00000024   Code   RO         2257    i.Resume_Init       usb_pwr.o
    0x08002010   0x08002010   0x00000002   Code   RO         1733    i.SVC_Handler       stm32_it.o
    0x08002012   0x08002012   0x0000000c   Code   RO          678    i.SYSCLK_104Mhz     sysclk.o
    0x0800201e   0x0800201e   0x0000000c   Code   RO          679    i.SYSCLK_112Mhz     sysclk.o
    0x0800202a   0x0800202a   0x0000000c   Code   RO          680    i.SYSCLK_120Mhz     sysclk.o
    0x08002036   0x08002036   0x0000000c   Code   RO          681    i.SYSCLK_128Mhz     sysclk.o
    0x08002042   0x08002042   0x0000000a   Code   RO          682    i.SYSCLK_16Mhz      sysclk.o
    0x0800204c   0x0800204c   0x0000000c   Code   RO          683    i.SYSCLK_24Mhz      sysclk.o
    0x08002058   0x08002058   0x0000000c   Code   RO          684    i.SYSCLK_32Mhz      sysclk.o
    0x08002064   0x08002064   0x0000000c   Code   RO          685    i.SYSCLK_40Mhz      sysclk.o
    0x08002070   0x08002070   0x0000000c   Code   RO          686    i.SYSCLK_48Mhz      sysclk.o
    0x0800207c   0x0800207c   0x0000000c   Code   RO          687    i.SYSCLK_56Mhz      sysclk.o
    0x08002088   0x08002088   0x0000000c   Code   RO          688    i.SYSCLK_64Mhz      sysclk.o
    0x08002094   0x08002094   0x0000000c   Code   RO          689    i.SYSCLK_72Mhz      sysclk.o
    0x080020a0   0x080020a0   0x0000000c   Code   RO          690    i.SYSCLK_80Mhz      sysclk.o
    0x080020ac   0x080020ac   0x0000000c   Code   RO          691    i.SYSCLK_88Mhz      sysclk.o
    0x080020b8   0x080020b8   0x0000000c   Code   RO          692    i.SYSCLK_96Mhz      sysclk.o
    0x080020c4   0x080020c4   0x00000170   Code   RO          693    i.SYSCLK_Set        sysclk.o
    0x08002234   0x08002234   0x00000024   Code   RO         2879    i.SendFreq          response_core.o
    0x08002258   0x08002258   0x0000001c   Code   RO         2880    i.SendIdentification  response_core.o
    0x08002274   0x08002274   0x00000020   Code   RO         2881    i.SendTemp          response_core.o
    0x08002294   0x08002294   0x00000098   Code   RO         2803    i.Serial_SendData   protocol.o
    0x0800232c   0x0800232c   0x00000010   Code   RO         2345    i.SetBTABLE         usb_regs.o
    0x0800233c   0x0800233c   0x00000050   Code   RO         1822    i.SetDeviceAddress  usb_core.o
    0x0800238c   0x0800238c   0x00000024   Code   RO         2359    i.SetEPRxAddr       usb_regs.o
    0x080023b0   0x080023b0   0x0000004c   Code   RO         2360    i.SetEPRxCount      usb_regs.o
    0x080023fc   0x080023fc   0x00000040   Code   RO         2361    i.SetEPRxStatus     usb_regs.o
    0x0800243c   0x0800243c   0x00000034   Code   RO         2362    i.SetEPRxValid      usb_regs.o
    0x08002470   0x08002470   0x00000020   Code   RO         2363    i.SetEPTxAddr       usb_regs.o
    0x08002490   0x08002490   0x0000001c   Code   RO         2364    i.SetEPTxCount      usb_regs.o
    0x080024ac   0x080024ac   0x00000040   Code   RO         2365    i.SetEPTxStatus     usb_regs.o
    0x080024ec   0x080024ec   0x00000034   Code   RO         2366    i.SetEPTxValid      usb_regs.o
    0x08002520   0x08002520   0x00000024   Code   RO         2367    i.SetEPType         usb_regs.o
    0x08002544   0x08002544   0x0000001e   Code   RO          350    i.SetEventData      eventtimer.o
    0x08002562   0x08002562   0x00000002   PAD
    0x08002564   0x08002564   0x00000100   Code   RO         2882    i.SetFreq           response_core.o
    0x08002664   0x08002664   0x00000008   Code   RO         4462    i.SetSysClock       system_stm32f10x.o
    0x0800266c   0x0800266c   0x000000e0   Code   RO         4463    i.SetSysClockTo72   system_stm32f10x.o
    0x0800274c   0x0800274c   0x00000050   Code   RO         1645    i.Set_System        hw_config.o
    0x0800279c   0x0800279c   0x00000012   Code   RO         1646    i.Set_USBClock      hw_config.o
    0x080027ae   0x080027ae   0x00000002   PAD
    0x080027b0   0x080027b0   0x000000b8   Code   RO         1823    i.Setup0_Process    usb_core.o
    0x08002868   0x08002868   0x0000016c   Code   RO         1824    i.Standard_ClearFeature  usb_core.o
    0x080029d4   0x080029d4   0x0000002c   Code   RO         1825    i.Standard_GetConfiguration  usb_core.o
    0x08002a00   0x08002a00   0x00000024   Code   RO         1826    i.Standard_GetDescriptorData  usb_core.o
    0x08002a24   0x08002a24   0x0000002c   Code   RO         1827    i.Standard_GetInterface  usb_core.o
    0x08002a50   0x08002a50   0x00000100   Code   RO         1828    i.Standard_GetStatus  usb_core.o
    0x08002b50   0x08002b50   0x00000048   Code   RO         1829    i.Standard_SetConfiguration  usb_core.o
    0x08002b98   0x08002b98   0x00000028   Code   RO         1830    i.Standard_SetDeviceFeature  usb_core.o
    0x08002bc0   0x08002bc0   0x000000d0   Code   RO         1831    i.Standard_SetEndPointFeature  usb_core.o
    0x08002c90   0x08002c90   0x0000006c   Code   RO         1832    i.Standard_SetInterface  usb_core.o
    0x08002cfc   0x08002cfc   0x00000002   Code   RO         2258    i.Suspend           usb_pwr.o
    0x08002cfe   0x08002cfe   0x00000002   Code   RO         1734    i.SysTick_Handler   stm32_it.o
    0x08002d00   0x08002d00   0x00000060   Code   RO         4465    i.SystemInit        system_stm32f10x.o
    0x08002d60   0x08002d60   0x00000050   Code   RO         1225    i.TIM1_Init         tim.o
    0x08002db0   0x08002db0   0x000000d0   Code   RO         1226    i.TIM2_IRQHandler   tim.o
    0x08002e80   0x08002e80   0x000000d8   Code   RO         1227    i.TIM2_Init         tim.o
    0x08002f58   0x08002f58   0x000000d4   Code   RO         1228    i.TIM3_IRQHandler   tim.o
    0x0800302c   0x0800302c   0x000000d8   Code   RO         1229    i.TIM3_Init         tim.o
    0x08003104   0x08003104   0x0000004c   Code   RO         1230    i.TIM4_Init         tim.o
    0x08003150   0x08003150   0x00000006   Code   RO         3906    i.TIM_ClearITPendingBit  stm32f10x_tim.o
    0x08003156   0x08003156   0x00000018   Code   RO         3911    i.TIM_Cmd           stm32f10x_tim.o
    0x0800316e   0x0800316e   0x00000002   PAD
    0x08003170   0x08003170   0x000001e8   Code   RO         3916    i.TIM_DeInit        stm32f10x_tim.o
    0x08003358   0x08003358   0x00000022   Code   RO         3932    i.TIM_GetITStatus   stm32f10x_tim.o
    0x0800337a   0x0800337a   0x00000012   Code   RO         3936    i.TIM_ITConfig      stm32f10x_tim.o
    0x0800338c   0x0800338c   0x000000a4   Code   RO         3982    i.TIM_TimeBaseInit  stm32f10x_tim.o
    0x08003430   0x08003430   0x00000012   Code   RO         3983    i.TIM_TimeBaseStructInit  stm32f10x_tim.o
    0x08003442   0x08003442   0x0000000c   Code   RO         1735    i.USBWakeUp_IRQHandler  stm32_it.o
    0x0800344e   0x0800344e   0x00000002   PAD
    0x08003450   0x08003450   0x00000024   Code   RO         1647    i.USB_Cable_Config  hw_config.o
    0x08003474   0x08003474   0x0000003c   Code   RO         2004    i.USB_Init          usb_init.o
    0x080034b0   0x080034b0   0x00000020   Code   RO         1544    i.USB_Initialize    usb.o
    0x080034d0   0x080034d0   0x0000003c   Code   RO         1648    i.USB_Interrupts_Config  hw_config.o
    0x0800350c   0x0800350c   0x000001cc   Code   RO         2081    i.USB_Istr          usb_istr.o
    0x080036d8   0x080036d8   0x00000008   Code   RO         1736    i.USB_LP_CAN1_RX0_IRQHandler  stm32_it.o
    0x080036e0   0x080036e0   0x00000024   Code   RO         2687    i.USB_SIL_Init      usb_sil.o
    0x08003704   0x08003704   0x00000004   Code   RO         1737    i.UsageFault_Handler  stm32_it.o
    0x08003708   0x08003708   0x00000038   Code   RO         2112    i.UserToPMABufferCopy  usb_mem.o
    0x08003740   0x08003740   0x00000064   Code   RO         2141    i.Virtual_Com_Port_Data_Setup  usb_prop.o
    0x080037a4   0x080037a4   0x00000014   Code   RO         2142    i.Virtual_Com_Port_GetConfigDescriptor  usb_prop.o
    0x080037b8   0x080037b8   0x00000014   Code   RO         2143    i.Virtual_Com_Port_GetDeviceDescriptor  usb_prop.o
    0x080037cc   0x080037cc   0x0000001c   Code   RO         2144    i.Virtual_Com_Port_GetLineCoding  usb_prop.o
    0x080037e8   0x080037e8   0x00000028   Code   RO         2145    i.Virtual_Com_Port_GetStringDescriptor  usb_prop.o
    0x08003810   0x08003810   0x00000016   Code   RO         2146    i.Virtual_Com_Port_Get_Interface_Setting  usb_prop.o
    0x08003826   0x08003826   0x00000002   PAD
    0x08003828   0x08003828   0x00000028   Code   RO         2147    i.Virtual_Com_Port_NoData_Setup  usb_prop.o
    0x08003850   0x08003850   0x000000e8   Code   RO         2148    i.Virtual_Com_Port_Reset  usb_prop.o
    0x08003938   0x08003938   0x00000018   Code   RO         2149    i.Virtual_Com_Port_SetConfiguration  usb_prop.o
    0x08003950   0x08003950   0x0000000c   Code   RO         2150    i.Virtual_Com_Port_SetDeviceAddress  usb_prop.o
    0x0800395c   0x0800395c   0x0000001c   Code   RO         2151    i.Virtual_Com_Port_SetLineCoding  usb_prop.o
    0x08003978   0x08003978   0x00000014   Code   RO         2152    i.Virtual_Com_Port_Status_In  usb_prop.o
    0x0800398c   0x0800398c   0x00000002   Code   RO         2153    i.Virtual_Com_Port_Status_Out  usb_prop.o
    0x0800398e   0x0800398e   0x00000002   PAD
    0x08003990   0x08003990   0x00000028   Code   RO         2154    i.Virtual_Com_Port_init  usb_prop.o
    0x080039b8   0x080039b8   0x00000188   Code   RO          499    i.__ADC_Initialize  adc.o
    0x08003b40   0x08003b40   0x00000060   Code   RO            5    i.main              main.o
    0x08003ba0   0x08003ba0   0x00000004   Data   RO            8    .constdata          main.o
    0x08003ba4   0x08003ba4   0x000000b1   Data   RO         1945    .constdata          usb_desc.o
    0x08003c55   0x08003c55   0x00000003   PAD
    0x08003c58   0x08003c58   0x00000020   Data   RO         4664    Region$$Table       anon$$obj.o


    Execution Region ER_RW (Exec base: 0x20000000, Load base: 0x08003c78, Size: 0x00000270, Max: 0xffffffff, ABSOLUTE, COMPRESSED[0x0000008c])

    Exec Addr    Load Addr    Size         Type   Attr      Idx    E Section Name        Object

    0x20000000   COMPRESSED   0x00000016   Data   RW            9    .data               main.o
    0x20000016   COMPRESSED   0x00000030   Data   RW          282    .data               stopwatch.o
    0x20000046   COMPRESSED   0x00000001   Data   RW          501    .data               adc.o
    0x20000047   COMPRESSED   0x00000001   PAD
    0x20000048   COMPRESSED   0x00000010   Data   RW          650    .data               common.o
    0x20000058   COMPRESSED   0x00000001   Data   RW          694    .data               sysclk.o
    0x20000059   COMPRESSED   0x00000001   PAD
    0x2000005a   COMPRESSED   0x00000009   Data   RW         1231    .data               tim.o
    0x20000063   COMPRESSED   0x00000001   PAD
    0x20000064   COMPRESSED   0x000000c1   Data   RW         1390    .data               exti.o
    0x20000125   COMPRESSED   0x00000003   PAD
    0x20000128   COMPRESSED   0x00000008   Data   RW         1546    .data               usb.o
    0x20000130   COMPRESSED   0x00000004   Data   RW         1624    .data               callback.o
    0x20000134   COMPRESSED   0x00000010   Data   RW         1650    .data               hw_config.o
    0x20000144   COMPRESSED   0x00000003   Data   RW         1833    .data               usb_core.o
    0x20000147   COMPRESSED   0x0000001a   Data   RW         1946    .data               usb_desc.o
    0x20000161   COMPRESSED   0x00000003   PAD
    0x20000164   COMPRESSED   0x00000005   Data   RW         1972    .data               usb_endp.o
    0x20000169   COMPRESSED   0x00000003   PAD
    0x2000016c   COMPRESSED   0x00000014   Data   RW         2006    .data               usb_init.o
    0x20000180   COMPRESSED   0x00000004   Data   RW         2041    .data               usb_int.o
    0x20000184   COMPRESSED   0x00000044   Data   RW         2082    .data               usb_istr.o
    0x200001c8   COMPRESSED   0x00000094   Data   RW         2155    .data               usb_prop.o
    0x2000025c   COMPRESSED   0x0000000c   Data   RW         2261    .data               usb_pwr.o
    0x20000268   COMPRESSED   0x00000001   Data   RW         2805    .data               protocol.o
    0x20000269   COMPRESSED   0x00000001   PAD
    0x2000026a   COMPRESSED   0x00000006   Data   RW         2883    .data               response_core.o


    Execution Region ER_ZI (Exec base: 0x20000270, Load base: 0x08003d04, Size: 0x00000850, Max: 0xffffffff, ABSOLUTE)

    Exec Addr    Load Addr    Size         Type   Attr      Idx    E Section Name        Object

    0x20000270        -       0x00000080   Zero   RW            7    .bss                main.o
    0x200002f0        -       0x000000a0   Zero   RW          351    .bss                eventtimer.o
    0x20000390        -       0x00000016   Zero   RW          500    .bss                adc.o
    0x200003a6        -       0x0000001a   Zero   RW          649    .bss                common.o
    0x200003c0        -       0x00000040   Zero   RW         1649    .bss                hw_config.o
    0x20000400        -       0x0000001c   Zero   RW         2005    .bss                usb_init.o
    0x2000041c        -       0x0000003f   Zero   RW         2804    .bss                protocol.o
    0x2000045b   0x08003d04   0x00000001   PAD
    0x2000045c        -       0x00000060   Zero   RW         4538    .bss                c_w.l(libspace.o)
    0x200004bc   0x08003d04   0x00000004   PAD
    0x200004c0        -       0x00000200   Zero   RW         4453    HEAP                startup_stm32f10x_md.o
    0x200006c0        -       0x00000400   Zero   RW         4452    STACK               startup_stm32f10x_md.o


==============================================================================

Image component sizes


      Code (inc. data)   RO Data    RW Data    ZI Data      Debug   Object Name

       448         22          0          1         22       2234   adc.o
         2          0          0          0          0        809   blueberryapi.o
         0          0          0          4          0        610   callback.o
         0          0          0         16         26        439   common.o
       654         50          0          0        160       4112   eventtimer.o
      1096        204          0        193          0       6732   exti.o
       316         28          0          0          0       1350   gpio.o
       428         46          0         16         64       6700   hw_config.o
       132         34          4         22        128     272496   main.o
       132         22          0          0          0       1911   misc.o
       244         18          0          1         63       2790   protocol.o
       256        116          0          0          0        549   requesthandler.o
       352         64          0          6          0       3386   response_core.o
        64         26        236          0       1536        800   startup_stm32f10x_md.o
        46          0          0          0          0       4522   stm32_it.o
       426         16          0          0          0       8820   stm32f10x_adc.o
        84          0          0          0          0       3153   stm32f10x_dma.o
       200         18          0          0          0       2556   stm32f10x_exti.o
       304          0          0          0          0       4168   stm32f10x_gpio.o
       616        102          0          0          0      13714   stm32f10x_rcc.o
       752        106          0          0          0       5580   stm32f10x_tim.o
         0          0          0         48          0       1062   stopwatch.o
       546         20          0          1          0       7367   sysclk.o
       328         28          0          0          0       2045   system_stm32f10x.o
      1088        148          0          9          0       5281   tim.o
        32          6          0          8          0       4236   usb.o
      3058        288          0          3          0      13443   usb_core.o
         0          0        177         26          0       1111   usb_desc.o
       108         28          0          5          0       1146   usb_endp.o
        60         24          0         20         28       4002   usb_init.o
       648         32          0          4          0       1696   usb_int.o
       460         38          0         68          0       1623   usb_istr.o
        96         10          0          0          0       1712   usb_mem.o
       628        102          0        148          0      11133   usb_prop.o
       310         38          0         12          0       3344   usb_pwr.o
       712        100          0          0          0       8895   usb_regs.o
        36          8          0          0          0        431   usb_sil.o

    ----------------------------------------------------------------------
     14686       1742        452        624       2028     415958   Object Totals
         0          0         32          0          0          0   (incl. Generated)
        24          0          3         13          1          0   (incl. Padding)

    ----------------------------------------------------------------------

      Code (inc. data)   RO Data    RW Data    ZI Data      Debug   Library Member Name

        90          0          0          0          0          0   __dczerorl2.o
         8          0          0          0          0         68   __main.o
         0          0          0          0          0          0   __rtentry.o
        12          0          0          0          0          0   __rtentry2.o
         6          0          0          0          0          0   __rtentry4.o
        52          8          0          0          0          0   __scatter.o
        28          0          0          0          0          0   __scatter_zi.o
        18          0          0          0          0         80   exit.o
         6          0          0          0          0        152   heapauxi.o
         0          0          0          0          0          0   indicate_semi.o
         2          0          0          0          0          0   libinit.o
         2          0          0          0          0          0   libinit2.o
         2          0          0          0          0          0   libshutdown.o
         2          0          0          0          0          0   libshutdown2.o
         8          4          0          0         96         68   libspace.o
         2          0          0          0          0          0   rtexit.o
        10          0          0          0          0          0   rtexit2.o
        12          4          0          0          0         68   sys_exit.o
        74          0          0          0          0         80   sys_stackheap_outer.o
         2          0          0          0          0         68   use_no_semi.o

    ----------------------------------------------------------------------
       342         16          0          0        100        584   Library Totals
         6          0          0          0          4          0   (incl. Padding)

    ----------------------------------------------------------------------

      Code (inc. data)   RO Data    RW Data    ZI Data      Debug   Library Name

       336         16          0          0         96        584   c_w.l

    ----------------------------------------------------------------------
       342         16          0          0        100        584   Library Totals

    ----------------------------------------------------------------------

==============================================================================


      Code (inc. data)   RO Data    RW Data    ZI Data      Debug   

     15028       1758        452        624       2128     407126   Grand Totals
     15028       1758        452        140       2128     407126   ELF Image Totals (compressed)
     15028       1758        452        140          0          0   ROM Totals

==============================================================================

    Total RO  Size (Code + RO Data)                15480 (  15.12kB)
    Total RW  Size (RW Data + ZI Data)              2752 (   2.69kB)
    Total ROM Size (Code + RO Data + RW Data)      15620 (  15.25kB)

==============================================================================

