Component: ARM Compiler 5.06 update 6 (build 750) Tool: armlink [4d35ed]

==============================================================================

Section Cross References

    main.o(i.OnClockReset) refers to tim.o(i.TIM2_Init) for TIM2_Init
    main.o(i.OnClockReset) refers to tim.o(i.TIM3_Init) for TIM3_Init
    main.o(i.main) refers to apifunctions.o(i.InitializeAPI) for InitializeAPI
    main.o(i.main) refers to gpio.o(i.GPIO_PC13_Digital_OUT) for GPIO_PC13_Digital_OUT
    main.o(i.main) refers to tim.o(i.TIM2_Init) for TIM2_Init
    main.o(i.main) refers to tim.o(i.TIM3_Init) for TIM3_Init
    main.o(i.main) refers to applauncher.o(i.RunApp) for RunApp
    main.o(i.main) refers to main.o(.bss) for titanapi
    main.o(i.main) refers to main.o(.data) for addr
    main.o(i.main) refers to main.o(i.OnClockReset) for OnClockReset
    apifunctions.o(i.InitializeAPI) refers to apifunctions.o(i.OnUSBDataRecieved) for OnUSBDataRecieved
    apifunctions.o(i.InitializeAPI) refers to main.o(.data) for blueberry32
    apifunctions.o(i.InitializeAPI) refers to tim.o(i.TIM2_OnUpdate) for TIM2_OnUpdate
    apifunctions.o(i.InitializeAPI) refers to tim.o(i.TIM2_CCR1_Trigger) for TIM2_CCR1_Trigger
    apifunctions.o(i.InitializeAPI) refers to tim.o(i.TIM2_CCR2_Trigger) for TIM2_CCR2_Trigger
    apifunctions.o(i.InitializeAPI) refers to tim.o(i.TIM2_CCR3_Trigger) for TIM2_CCR3_Trigger
    apifunctions.o(i.InitializeAPI) refers to tim.o(i.TIM2_CCR4_Trigger) for TIM2_CCR4_Trigger
    apifunctions.o(i.InitializeAPI) refers to tim.o(i.TIM3_OnUpdate) for TIM3_OnUpdate
    apifunctions.o(i.InitializeAPI) refers to tim.o(i.TIM3_CCR1_Trigger) for TIM3_CCR1_Trigger
    apifunctions.o(i.InitializeAPI) refers to tim.o(i.TIM3_CCR2_Trigger) for TIM3_CCR2_Trigger
    apifunctions.o(i.InitializeAPI) refers to tim.o(i.TIM3_CCR3_Trigger) for TIM3_CCR3_Trigger
    apifunctions.o(i.InitializeAPI) refers to tim.o(i.TIM3_CCR4_Trigger) for TIM3_CCR4_Trigger
    apifunctions.o(i.InitializeAPI) refers to eventtimer.o(i.Event_Register) for Event_Register
    apifunctions.o(i.InitializeAPI) refers to main.o(.bss) for titanapi
    apifunctions.o(i.InitializeAPI) refers to stopwatch.o(i.Stopwatch_Start) for Stopwatch_Start
    apifunctions.o(i.InitializeAPI) refers to stopwatch.o(i.Stopwatch_GetTime) for Stopwatch_GetTime
    apifunctions.o(i.InitializeAPI) refers to apifunctions.o(i.Serial_Send) for Serial_Send
    apifunctions.o(i.InitializeAPI) refers to boardsupport.o(i.ToggleLED) for ToggleLED
    apifunctions.o(i.InitializeAPI) refers to boardsupport.o(i.LED_ON) for LED_ON
    apifunctions.o(i.InitializeAPI) refers to boardsupport.o(i.LED_OFF) for LED_OFF
    apifunctions.o(i.OnUSBDataRecieved) refers to main.o(.data) for blueberry32
    apifunctions.o(i.OnUSBDataRecieved) refers to main.o(.bss) for titanapi
    adc.o(i.ADC_PA0) refers to main.o(.data) for blueberry32
    adc.o(i.ADC_PA0_Init) refers to stm32f10x_rcc.o(i.RCC_APB2PeriphClockCmd) for RCC_APB2PeriphClockCmd
    adc.o(i.ADC_PA0_Init) refers to stm32f10x_gpio.o(i.GPIO_Init) for GPIO_Init
    adc.o(i.ADC_PA0_Init) refers to main.o(.data) for blueberry32
    adc.o(i.ADC_PA0_Init) refers to common.o(.data) for GPIO_InitStructure
    adc.o(i.ADC_PA1) refers to main.o(.data) for blueberry32
    adc.o(i.ADC_PA1_Init) refers to stm32f10x_rcc.o(i.RCC_APB2PeriphClockCmd) for RCC_APB2PeriphClockCmd
    adc.o(i.ADC_PA1_Init) refers to stm32f10x_gpio.o(i.GPIO_Init) for GPIO_Init
    adc.o(i.ADC_PA1_Init) refers to main.o(.data) for blueberry32
    adc.o(i.ADC_PA1_Init) refers to common.o(.data) for GPIO_InitStructure
    adc.o(i.ADC_PA2) refers to main.o(.data) for blueberry32
    adc.o(i.ADC_PA2_Init) refers to stm32f10x_rcc.o(i.RCC_APB2PeriphClockCmd) for RCC_APB2PeriphClockCmd
    adc.o(i.ADC_PA2_Init) refers to stm32f10x_gpio.o(i.GPIO_Init) for GPIO_Init
    adc.o(i.ADC_PA2_Init) refers to main.o(.data) for blueberry32
    adc.o(i.ADC_PA2_Init) refers to common.o(.data) for GPIO_InitStructure
    adc.o(i.ADC_PA3) refers to main.o(.data) for blueberry32
    adc.o(i.ADC_PA3_Init) refers to stm32f10x_rcc.o(i.RCC_APB2PeriphClockCmd) for RCC_APB2PeriphClockCmd
    adc.o(i.ADC_PA3_Init) refers to stm32f10x_gpio.o(i.GPIO_Init) for GPIO_Init
    adc.o(i.ADC_PA3_Init) refers to main.o(.data) for blueberry32
    adc.o(i.ADC_PA3_Init) refers to common.o(.data) for GPIO_InitStructure
    adc.o(i.ADC_PA4) refers to main.o(.data) for blueberry32
    adc.o(i.ADC_PA4_Init) refers to stm32f10x_rcc.o(i.RCC_APB2PeriphClockCmd) for RCC_APB2PeriphClockCmd
    adc.o(i.ADC_PA4_Init) refers to stm32f10x_gpio.o(i.GPIO_Init) for GPIO_Init
    adc.o(i.ADC_PA4_Init) refers to main.o(.data) for blueberry32
    adc.o(i.ADC_PA4_Init) refers to common.o(.data) for GPIO_InitStructure
    adc.o(i.ADC_PA5) refers to main.o(.data) for blueberry32
    adc.o(i.ADC_PA5_Init) refers to stm32f10x_rcc.o(i.RCC_APB2PeriphClockCmd) for RCC_APB2PeriphClockCmd
[...]
    Removing gpio.o(i.GPIO_PB1_Digital_OUT), (40 bytes).
    Removing gpio.o(i.GPIO_PB2_Digital_IN), (40 bytes).
    Removing gpio.o(i.GPIO_PB2_Digital_OUT), (40 bytes).
    Removing gpio.o(i.GPIO_PB3_Digital_IN), (40 bytes).
    Removing gpio.o(i.GPIO_PB3_Digital_OUT), (40 bytes).
    Removing gpio.o(i.GPIO_PB4_Digital_IN), (40 bytes).
    Removing gpio.o(i.GPIO_PB4_Digital_OUT), (40 bytes).
    Removing gpio.o(i.GPIO_PB5_Digital_IN), (40 bytes).
    Removing gpio.o(i.GPIO_PB5_Digital_OUT), (40 bytes).
    Removing gpio.o(i.GPIO_PB6_Digital_IN), (40 bytes).
    Removing gpio.o(i.GPIO_PB6_Digital_OUT), (40 bytes).
    Removing gpio.o(i.GPIO_PB7_Digital_IN), (40 bytes).
    Removing gpio.o(i.GPIO_PB7_Digital_OUT), (40 bytes).
    Removing gpio.o(i.GPIO_PB8_Digital_IN), (44 bytes).
    Removing gpio.o(i.GPIO_PB8_Digital_OUT), (40 bytes).
    Removing gpio.o(i.GPIO_PB9_Digital_IN), (44 bytes).
    Removing gpio.o(i.GPIO_PB9_Digital_OUT), (40 bytes).
    Removing gpio.o(i.GPIO_PC13_Digital_IN), (44 bytes).
    Removing gpio.o(i.GPIO_PC14_Digital_IN), (44 bytes).
    Removing gpio.o(i.GPIO_PC14_Digital_OUT), (40 bytes).
    Removing gpio.o(i.GPIO_PC15_Digital_IN), (44 bytes).
    Removing gpio.o(i.GPIO_PC15_Digital_OUT), (40 bytes).
    Removing gpio.o(i.PinMode), (316 bytes).
    Removing debug.o(.rev16_text), (4 bytes).
    Removing debug.o(.revsh_text), (4 bytes).
    Removing debug.o(.rrx_text), (6 bytes).
    Removing debug.o(i.Config_Register), (2 bytes).
    Removing debug.o(i.On_GetConfDefReq), (2 bytes).
    Removing debug.o(i.On_GetWatchDefReq), (28 bytes).
    Removing debug.o(i.Watch_Register), (2 bytes).
    Removing debug.o(.data), (4 bytes).
    Removing eventtimer.o(.rev16_text), (4 bytes).
    Removing eventtimer.o(.revsh_text), (4 bytes).
    Removing eventtimer.o(.rrx_text), (6 bytes).
    Removing stopwatch.o(.rev16_text), (4 bytes).
    Removing stopwatch.o(.revsh_text), (4 bytes).
    Removing stopwatch.o(.rrx_text), (6 bytes).
    Removing stopwatch.o(i.Set_Stopwatch_StopData), (10 bytes).
    Removing timedelay.o(.rev16_text), (4 bytes).
    Removing timedelay.o(.revsh_text), (4 bytes).
    Removing timedelay.o(.rrx_text), (6 bytes).
    Removing timedelay.o(i.TimeDelay), (2 bytes).
    Removing applauncher.o(.rev16_text), (4 bytes).
    Removing applauncher.o(.revsh_text), (4 bytes).
    Removing applauncher.o(.rrx_text), (6 bytes).
    Removing protocol.o(.rev16_text), (4 bytes).
    Removing protocol.o(.revsh_text), (4 bytes).
    Removing protocol.o(.rrx_text), (6 bytes).
    Removing requesthandler.o(.rev16_text), (4 bytes).
    Removing requesthandler.o(.revsh_text), (4 bytes).
    Removing requesthandler.o(.rrx_text), (6 bytes).
    Removing misc.o(.rev16_text), (4 bytes).
    Removing misc.o(.revsh_text), (4 bytes).
    Removing misc.o(.rrx_text), (6 bytes).
    Removing misc.o(i.NVIC_PriorityGroupConfig), (20 bytes).
    Removing misc.o(i.NVIC_SetVectorTable), (20 bytes).
    Removing misc.o(i.NVIC_SystemLPConfig), (32 bytes).
    Removing misc.o(i.SysTick_CLKSourceConfig), (40 bytes).
    Removing stm32f10x_exti.o(.rev16_text), (4 bytes).
    Removing stm32f10x_exti.o(.revsh_text), (4 bytes).
    Removing stm32f10x_exti.o(.rrx_text), (6 bytes).
    Removing stm32f10x_exti.o(i.EXTI_ClearFlag), (12 bytes).
    Removing stm32f10x_exti.o(i.EXTI_DeInit), (36 bytes).
    Removing stm32f10x_exti.o(i.EXTI_GenerateSWInterrupt), (16 bytes).
    Removing stm32f10x_exti.o(i.EXTI_GetFlagStatus), (24 bytes).
    Removing stm32f10x_exti.o(i.EXTI_Init), (148 bytes).
    Removing stm32f10x_exti.o(i.EXTI_StructInit), (16 bytes).
    Removing stm32f10x_flash.o(.rev16_text), (4 bytes).
    Removing stm32f10x_flash.o(.revsh_text), (4 bytes).
    Removing stm32f10x_flash.o(.rrx_text), (6 bytes).
    Removing stm32f10x_flash.o(i.FLASH_ClearFlag), (12 bytes).
    Removing stm32f10x_flash.o(i.FLASH_EnableWriteProtection), (196 bytes).
    Removing stm32f10x_flash.o(i.FLASH_EraseAllBank1Pages), (72 bytes).
    Removing stm32f10x_flash.o(i.FLASH_EraseAllPages), (72 bytes).
    Removing stm32f10x_flash.o(i.FLASH_EraseOptionBytes), (168 bytes).
    Removing stm32f10x_flash.o(i.FLASH_ErasePage), (76 bytes).
    Removing stm32f10x_flash.o(i.FLASH_GetBank1Status), (52 bytes).
    Removing stm32f10x_flash.o(i.FLASH_GetFlagStatus), (48 bytes).
    Removing stm32f10x_flash.o(i.FLASH_GetPrefetchBufferStatus), (24 bytes).
    Removing stm32f10x_flash.o(i.FLASH_GetReadOutProtectionStatus), (24 bytes).
    Removing stm32f10x_flash.o(i.FLASH_GetStatus), (52 bytes).
    Removing stm32f10x_flash.o(i.FLASH_GetUserOptionByte), (12 bytes).
    Removing stm32f10x_flash.o(i.FLASH_GetWriteProtectionOptionByte), (12 bytes).
    Removing stm32f10x_flash.o(i.FLASH_HalfCycleAccessCmd), (28 bytes).
    Removing stm32f10x_flash.o(i.FLASH_ITConfig), (32 bytes).
    Removing stm32f10x_flash.o(i.FLASH_Lock), (20 bytes).
    Removing stm32f10x_flash.o(i.FLASH_LockBank1), (20 bytes).
    Removing stm32f10x_flash.o(i.FLASH_PrefetchBufferCmd), (28 bytes).
    Removing stm32f10x_flash.o(i.FLASH_ProgramHalfWord), (64 bytes).
    Removing stm32f10x_flash.o(i.FLASH_ProgramOptionByteData), (84 bytes).
    Removing stm32f10x_flash.o(i.FLASH_ProgramWord), (108 bytes).
    Removing stm32f10x_flash.o(i.FLASH_ReadOutProtection), (172 bytes).
    Removing stm32f10x_flash.o(i.FLASH_SetLatency), (24 bytes).
    Removing stm32f10x_flash.o(i.FLASH_Unlock), (24 bytes).
    Removing stm32f10x_flash.o(i.FLASH_UnlockBank1), (24 bytes).
    Removing stm32f10x_flash.o(i.FLASH_UserOptionByteConfig), (104 bytes).
    Removing stm32f10x_flash.o(i.FLASH_WaitForLastBank1Operation), (38 bytes).
    Removing stm32f10x_flash.o(i.FLASH_WaitForLastOperation), (38 bytes).
    Removing stm32f10x_gpio.o(.rev16_text), (4 bytes).
    Removing stm32f10x_gpio.o(.revsh_text), (4 bytes).
    Removing stm32f10x_gpio.o(.rrx_text), (6 bytes).
    Removing stm32f10x_gpio.o(i.GPIO_AFIODeInit), (20 bytes).
    Removing stm32f10x_gpio.o(i.GPIO_DeInit), (200 bytes).
    Removing stm32f10x_gpio.o(i.GPIO_ETH_MediaInterfaceConfig), (12 bytes).
    Removing stm32f10x_gpio.o(i.GPIO_EXTILineConfig), (64 bytes).
    Removing stm32f10x_gpio.o(i.GPIO_EventOutputCmd), (12 bytes).
    Removing stm32f10x_gpio.o(i.GPIO_EventOutputConfig), (32 bytes).
    Removing stm32f10x_gpio.o(i.GPIO_PinLockConfig), (18 bytes).
    Removing stm32f10x_gpio.o(i.GPIO_PinRemapConfig), (144 bytes).
    Removing stm32f10x_gpio.o(i.GPIO_ReadInputData), (8 bytes).
    Removing stm32f10x_gpio.o(i.GPIO_ReadOutputData), (8 bytes).
    Removing stm32f10x_gpio.o(i.GPIO_ReadOutputDataBit), (18 bytes).
    Removing stm32f10x_gpio.o(i.GPIO_ResetBits), (4 bytes).
    Removing stm32f10x_gpio.o(i.GPIO_SetBits), (4 bytes).
    Removing stm32f10x_gpio.o(i.GPIO_StructInit), (16 bytes).
    Removing stm32f10x_gpio.o(i.GPIO_Write), (4 bytes).
    Removing stm32f10x_gpio.o(i.GPIO_WriteBit), (10 bytes).
    Removing stm32f10x_i2c.o(.rev16_text), (4 bytes).
    Removing stm32f10x_i2c.o(.revsh_text), (4 bytes).
    Removing stm32f10x_i2c.o(.rrx_text), (6 bytes).
    Removing stm32f10x_i2c.o(i.I2C_ARPCmd), (24 bytes).
    Removing stm32f10x_i2c.o(i.I2C_AcknowledgeConfig), (24 bytes).
    Removing stm32f10x_i2c.o(i.I2C_CalculatePEC), (24 bytes).
    Removing stm32f10x_i2c.o(i.I2C_CheckEvent), (42 bytes).
    Removing stm32f10x_i2c.o(i.I2C_ClearFlag), (12 bytes).
    Removing stm32f10x_i2c.o(i.I2C_ClearITPendingBit), (12 bytes).
    Removing stm32f10x_i2c.o(i.I2C_Cmd), (24 bytes).
    Removing stm32f10x_i2c.o(i.I2C_DMACmd), (24 bytes).
    Removing stm32f10x_i2c.o(i.I2C_DMALastTransferCmd), (24 bytes).
    Removing stm32f10x_i2c.o(i.I2C_DeInit), (56 bytes).
    Removing stm32f10x_i2c.o(i.I2C_DualAddressCmd), (24 bytes).
    Removing stm32f10x_i2c.o(i.I2C_FastModeDutyCycleConfig), (28 bytes).
    Removing stm32f10x_i2c.o(i.I2C_GeneralCallCmd), (24 bytes).
    Removing stm32f10x_i2c.o(i.I2C_GenerateSTART), (24 bytes).
    Removing stm32f10x_i2c.o(i.I2C_GenerateSTOP), (24 bytes).
    Removing stm32f10x_i2c.o(i.I2C_GetFlagStatus), (58 bytes).
    Removing stm32f10x_i2c.o(i.I2C_GetITStatus), (38 bytes).
    Removing stm32f10x_i2c.o(i.I2C_GetLastEvent), (26 bytes).
    Removing stm32f10x_i2c.o(i.I2C_GetPEC), (8 bytes).
    Removing stm32f10x_i2c.o(i.I2C_ITConfig), (18 bytes).
    Removing stm32f10x_i2c.o(i.I2C_Init), (236 bytes).
    Removing stm32f10x_i2c.o(i.I2C_NACKPositionConfig), (28 bytes).
    Removing stm32f10x_i2c.o(i.I2C_OwnAddress2Config), (22 bytes).
    Removing stm32f10x_i2c.o(i.I2C_PECPositionConfig), (28 bytes).
    Removing stm32f10x_i2c.o(i.I2C_ReadRegister), (22 bytes).
    Removing stm32f10x_i2c.o(i.I2C_ReceiveData), (8 bytes).
    Removing stm32f10x_i2c.o(i.I2C_SMBusAlertConfig), (28 bytes).
    Removing stm32f10x_i2c.o(i.I2C_Send7bitAddress), (18 bytes).
    Removing stm32f10x_i2c.o(i.I2C_SendData), (4 bytes).
    Removing stm32f10x_i2c.o(i.I2C_SoftwareResetCmd), (22 bytes).
    Removing stm32f10x_i2c.o(i.I2C_StretchClockCmd), (24 bytes).
    Removing stm32f10x_i2c.o(i.I2C_StructInit), (30 bytes).
    Removing stm32f10x_i2c.o(i.I2C_TransmitPEC), (24 bytes).
    Removing stm32f10x_rcc.o(.rev16_text), (4 bytes).
    Removing stm32f10x_rcc.o(.revsh_text), (4 bytes).
    Removing stm32f10x_rcc.o(.rrx_text), (6 bytes).
    Removing stm32f10x_rcc.o(i.RCC_ADCCLKConfig), (24 bytes).
    Removing stm32f10x_rcc.o(i.RCC_AHBPeriphClockCmd), (32 bytes).
    Removing stm32f10x_rcc.o(i.RCC_AdjustHSICalibrationValue), (24 bytes).
    Removing stm32f10x_rcc.o(i.RCC_BackupResetCmd), (12 bytes).
    Removing stm32f10x_rcc.o(i.RCC_ClearFlag), (20 bytes).
    Removing stm32f10x_rcc.o(i.RCC_ClearITPendingBit), (12 bytes).
    Removing stm32f10x_rcc.o(i.RCC_ClockSecuritySystemCmd), (12 bytes).
    Removing stm32f10x_rcc.o(i.RCC_DeInit), (76 bytes).
    Removing stm32f10x_rcc.o(i.RCC_GetClocksFreq), (212 bytes).
    Removing stm32f10x_rcc.o(i.RCC_GetFlagStatus), (60 bytes).
    Removing stm32f10x_rcc.o(i.RCC_GetITStatus), (24 bytes).
    Removing stm32f10x_rcc.o(i.RCC_GetSYSCLKSource), (16 bytes).
    Removing stm32f10x_rcc.o(i.RCC_HCLKConfig), (24 bytes).
    Removing stm32f10x_rcc.o(i.RCC_HSEConfig), (76 bytes).
    Removing stm32f10x_rcc.o(i.RCC_HSICmd), (12 bytes).
    Removing stm32f10x_rcc.o(i.RCC_ITConfig), (32 bytes).
    Removing stm32f10x_rcc.o(i.RCC_LSEConfig), (52 bytes).
    Removing stm32f10x_rcc.o(i.RCC_LSICmd), (12 bytes).
    Removing stm32f10x_rcc.o(i.RCC_MCOConfig), (12 bytes).
    Removing stm32f10x_rcc.o(i.RCC_PCLK1Config), (24 bytes).
    Removing stm32f10x_rcc.o(i.RCC_PCLK2Config), (24 bytes).
    Removing stm32f10x_rcc.o(i.RCC_PLLCmd), (12 bytes).
    Removing stm32f10x_rcc.o(i.RCC_PLLConfig), (28 bytes).
    Removing stm32f10x_rcc.o(i.RCC_RTCCLKCmd), (12 bytes).
    Removing stm32f10x_rcc.o(i.RCC_RTCCLKConfig), (16 bytes).
    Removing stm32f10x_rcc.o(i.RCC_SYSCLKConfig), (24 bytes).
    Removing stm32f10x_rcc.o(i.RCC_USBCLKConfig), (12 bytes).
    Removing stm32f10x_rcc.o(i.RCC_WaitForHSEStartUp), (56 bytes).
    Removing stm32f10x_rcc.o(.data), (20 bytes).
    Removing stm32f10x_spi.o(.rev16_text), (4 bytes).
    Removing stm32f10x_spi.o(.revsh_text), (4 bytes).
    Removing stm32f10x_spi.o(.rrx_text), (6 bytes).
    Removing stm32f10x_spi.o(i.I2S_Cmd), (24 bytes).
    Removing stm32f10x_spi.o(i.I2S_Init), (232 bytes).
    Removing stm32f10x_spi.o(i.I2S_StructInit), (20 bytes).
    Removing stm32f10x_spi.o(i.SPI_BiDirectionalLineConfig), (28 bytes).
    Removing stm32f10x_spi.o(i.SPI_CalculateCRC), (24 bytes).
    Removing stm32f10x_spi.o(i.SPI_Cmd), (24 bytes).
    Removing stm32f10x_spi.o(i.SPI_DataSizeConfig), (18 bytes).
    Removing stm32f10x_spi.o(i.SPI_GetCRC), (16 bytes).
    Removing stm32f10x_spi.o(i.SPI_GetCRCPolynomial), (6 bytes).
    Removing stm32f10x_spi.o(i.SPI_I2S_ClearFlag), (6 bytes).
    Removing stm32f10x_spi.o(i.SPI_I2S_ClearITPendingBit), (20 bytes).
    Removing stm32f10x_spi.o(i.SPI_I2S_DMACmd), (18 bytes).
    Removing stm32f10x_spi.o(i.SPI_I2S_DeInit), (88 bytes).
    Removing stm32f10x_spi.o(i.SPI_I2S_GetFlagStatus), (18 bytes).
    Removing stm32f10x_spi.o(i.SPI_I2S_GetITStatus), (52 bytes).
    Removing stm32f10x_spi.o(i.SPI_I2S_ITConfig), (32 bytes).
    Removing stm32f10x_spi.o(i.SPI_I2S_ReceiveData), (6 bytes).
    Removing stm32f10x_spi.o(i.SPI_I2S_SendData), (4 bytes).
    Removing stm32f10x_spi.o(i.SPI_Init), (60 bytes).
    Removing stm32f10x_spi.o(i.SPI_NSSInternalSoftwareConfig), (30 bytes).
    Removing stm32f10x_spi.o(i.SPI_SSOutputCmd), (24 bytes).
    Removing stm32f10x_spi.o(i.SPI_StructInit), (24 bytes).
    Removing stm32f10x_spi.o(i.SPI_TransmitCRC), (10 bytes).
    Removing stm32f10x_tim.o(.rev16_text), (4 bytes).
    Removing stm32f10x_tim.o(.revsh_text), (4 bytes).
    Removing stm32f10x_tim.o(.rrx_text), (6 bytes).
    Removing stm32f10x_tim.o(i.TI1_Config), (128 bytes).
    Removing stm32f10x_tim.o(i.TI2_Config), (152 bytes).
    Removing stm32f10x_tim.o(i.TI3_Config), (144 bytes).
    Removing stm32f10x_tim.o(i.TI4_Config), (152 bytes).
    Removing stm32f10x_tim.o(i.TIM_ARRPreloadConfig), (24 bytes).
    Removing stm32f10x_tim.o(i.TIM_BDTRConfig), (32 bytes).
    Removing stm32f10x_tim.o(i.TIM_BDTRStructInit), (18 bytes).
    Removing stm32f10x_tim.o(i.TIM_CCPreloadControl), (24 bytes).
    Removing stm32f10x_tim.o(i.TIM_CCxCmd), (30 bytes).
    Removing stm32f10x_tim.o(i.TIM_CCxNCmd), (30 bytes).
    Removing stm32f10x_tim.o(i.TIM_ClearFlag), (6 bytes).
    Removing stm32f10x_tim.o(i.TIM_ClearITPendingBit), (6 bytes).
    Removing stm32f10x_tim.o(i.TIM_ClearOC1Ref), (18 bytes).
    Removing stm32f10x_tim.o(i.TIM_ClearOC2Ref), (24 bytes).
    Removing stm32f10x_tim.o(i.TIM_ClearOC3Ref), (18 bytes).
    Removing stm32f10x_tim.o(i.TIM_ClearOC4Ref), (24 bytes).
    Removing stm32f10x_tim.o(i.TIM_CounterModeConfig), (18 bytes).
    Removing stm32f10x_tim.o(i.TIM_CtrlPWMOutputs), (30 bytes).
    Removing stm32f10x_tim.o(i.TIM_DMACmd), (18 bytes).
    Removing stm32f10x_tim.o(i.TIM_DMAConfig), (10 bytes).
    Removing stm32f10x_tim.o(i.TIM_ETRClockMode1Config), (54 bytes).
    Removing stm32f10x_tim.o(i.TIM_ETRClockMode2Config), (32 bytes).
    Removing stm32f10x_tim.o(i.TIM_ETRConfig), (28 bytes).
    Removing stm32f10x_tim.o(i.TIM_EncoderInterfaceConfig), (66 bytes).
    Removing stm32f10x_tim.o(i.TIM_ForcedOC1Config), (18 bytes).
    Removing stm32f10x_tim.o(i.TIM_ForcedOC2Config), (26 bytes).
    Removing stm32f10x_tim.o(i.TIM_ForcedOC3Config), (18 bytes).
    Removing stm32f10x_tim.o(i.TIM_ForcedOC4Config), (26 bytes).
    Removing stm32f10x_tim.o(i.TIM_GenerateEvent), (4 bytes).
    Removing stm32f10x_tim.o(i.TIM_GetCapture1), (6 bytes).
    Removing stm32f10x_tim.o(i.TIM_GetCapture2), (6 bytes).
    Removing stm32f10x_tim.o(i.TIM_GetCapture3), (6 bytes).
    Removing stm32f10x_tim.o(i.TIM_GetCapture4), (8 bytes).
    Removing stm32f10x_tim.o(i.TIM_GetCounter), (6 bytes).
    Removing stm32f10x_tim.o(i.TIM_GetFlagStatus), (18 bytes).
    Removing stm32f10x_tim.o(i.TIM_GetITStatus), (34 bytes).
    Removing stm32f10x_tim.o(i.TIM_GetPrescaler), (6 bytes).
    Removing stm32f10x_tim.o(i.TIM_ICInit), (172 bytes).
    Removing stm32f10x_tim.o(i.TIM_ICStructInit), (18 bytes).
    Removing stm32f10x_tim.o(i.TIM_ITRxExternalClockConfig), (24 bytes).
    Removing stm32f10x_tim.o(i.TIM_InternalClockConfig), (12 bytes).
    Removing stm32f10x_tim.o(i.TIM_OC1FastConfig), (18 bytes).
    Removing stm32f10x_tim.o(i.TIM_OC1Init), (152 bytes).
    Removing stm32f10x_tim.o(i.TIM_OC1NPolarityConfig), (18 bytes).
    Removing stm32f10x_tim.o(i.TIM_OC1PolarityConfig), (18 bytes).
    Removing stm32f10x_tim.o(i.TIM_OC1PreloadConfig), (18 bytes).
    Removing stm32f10x_tim.o(i.TIM_OC2FastConfig), (26 bytes).
    Removing stm32f10x_tim.o(i.TIM_OC2Init), (164 bytes).
    Removing stm32f10x_tim.o(i.TIM_OC2NPolarityConfig), (26 bytes).
    Removing stm32f10x_tim.o(i.TIM_OC2PolarityConfig), (26 bytes).
    Removing stm32f10x_tim.o(i.TIM_OC2PreloadConfig), (26 bytes).
    Removing stm32f10x_tim.o(i.TIM_OC3FastConfig), (18 bytes).
    Removing stm32f10x_tim.o(i.TIM_OC3Init), (160 bytes).
    Removing stm32f10x_tim.o(i.TIM_OC3NPolarityConfig), (26 bytes).
    Removing stm32f10x_tim.o(i.TIM_OC3PolarityConfig), (26 bytes).
    Removing stm32f10x_tim.o(i.TIM_OC3PreloadConfig), (18 bytes).
    Removing stm32f10x_tim.o(i.TIM_OC4FastConfig), (26 bytes).
    Removing stm32f10x_tim.o(i.TIM_OC4Init), (124 bytes).
    Removing stm32f10x_tim.o(i.TIM_OC4PolarityConfig), (26 bytes).
    Removing stm32f10x_tim.o(i.TIM_OC4PreloadConfig), (26 bytes).
    Removing stm32f10x_tim.o(i.TIM_OCStructInit), (20 bytes).
    Removing stm32f10x_tim.o(i.TIM_PWMIConfig), (124 bytes).
    Removing stm32f10x_tim.o(i.TIM_PrescalerConfig), (6 bytes).
    Removing stm32f10x_tim.o(i.TIM_SelectCCDMA), (24 bytes).
    Removing stm32f10x_tim.o(i.TIM_SelectCOM), (24 bytes).
    Removing stm32f10x_tim.o(i.TIM_SelectHallSensor), (24 bytes).
    Removing stm32f10x_tim.o(i.TIM_SelectInputTrigger), (18 bytes).
    Removing stm32f10x_tim.o(i.TIM_SelectMasterSlaveMode), (18 bytes).
    Removing stm32f10x_tim.o(i.TIM_SelectOCxM), (82 bytes).
    Removing stm32f10x_tim.o(i.TIM_SelectOnePulseMode), (18 bytes).
    Removing stm32f10x_tim.o(i.TIM_SelectOutputTrigger), (18 bytes).
    Removing stm32f10x_tim.o(i.TIM_SelectSlaveMode), (18 bytes).
    Removing stm32f10x_tim.o(i.TIM_SetAutoreload), (4 bytes).
    Removing stm32f10x_tim.o(i.TIM_SetClockDivision), (18 bytes).
    Removing stm32f10x_tim.o(i.TIM_SetCompare1), (4 bytes).
    Removing stm32f10x_tim.o(i.TIM_SetCompare2), (4 bytes).
    Removing stm32f10x_tim.o(i.TIM_SetCompare3), (4 bytes).
    Removing stm32f10x_tim.o(i.TIM_SetCompare4), (6 bytes).
    Removing stm32f10x_tim.o(i.TIM_SetCounter), (4 bytes).
    Removing stm32f10x_tim.o(i.TIM_SetIC1Prescaler), (18 bytes).
    Removing stm32f10x_tim.o(i.TIM_SetIC2Prescaler), (26 bytes).
    Removing stm32f10x_tim.o(i.TIM_SetIC3Prescaler), (18 bytes).
    Removing stm32f10x_tim.o(i.TIM_SetIC4Prescaler), (26 bytes).
    Removing stm32f10x_tim.o(i.TIM_TIxExternalClockConfig), (62 bytes).
    Removing stm32f10x_tim.o(i.TIM_UpdateDisableConfig), (24 bytes).
    Removing stm32f10x_tim.o(i.TIM_UpdateRequestConfig), (24 bytes).
    Removing stm32f10x_usart.o(.rev16_text), (4 bytes).
    Removing stm32f10x_usart.o(.revsh_text), (4 bytes).
    Removing stm32f10x_usart.o(.rrx_text), (6 bytes).
    Removing stm32f10x_usart.o(i.USART_ClearFlag), (18 bytes).
    Removing stm32f10x_usart.o(i.USART_ClearITPendingBit), (30 bytes).
    Removing stm32f10x_usart.o(i.USART_ClockInit), (34 bytes).
    Removing stm32f10x_usart.o(i.USART_ClockStructInit), (12 bytes).
    Removing stm32f10x_usart.o(i.USART_Cmd), (24 bytes).
    Removing stm32f10x_usart.o(i.USART_DMACmd), (18 bytes).
    Removing stm32f10x_usart.o(i.USART_DeInit), (156 bytes).
    Removing stm32f10x_usart.o(i.USART_GetFlagStatus), (26 bytes).
    Removing stm32f10x_usart.o(i.USART_GetITStatus), (84 bytes).
    Removing stm32f10x_usart.o(i.USART_HalfDuplexCmd), (24 bytes).
    Removing stm32f10x_usart.o(i.USART_ITConfig), (74 bytes).
    Removing stm32f10x_usart.o(i.USART_Init), (216 bytes).
    Removing stm32f10x_usart.o(i.USART_IrDACmd), (24 bytes).
    Removing stm32f10x_usart.o(i.USART_IrDAConfig), (18 bytes).
    Removing stm32f10x_usart.o(i.USART_LINBreakDetectLengthConfig), (18 bytes).
    Removing stm32f10x_usart.o(i.USART_LINCmd), (24 bytes).
    Removing stm32f10x_usart.o(i.USART_OneBitMethodCmd), (24 bytes).
    Removing stm32f10x_usart.o(i.USART_OverSampling8Cmd), (22 bytes).
    Removing stm32f10x_usart.o(i.USART_ReceiveData), (10 bytes).
    Removing stm32f10x_usart.o(i.USART_ReceiverWakeUpCmd), (24 bytes).
    Removing stm32f10x_usart.o(i.USART_SendBreak), (10 bytes).
    Removing stm32f10x_usart.o(i.USART_SendData), (8 bytes).
    Removing stm32f10x_usart.o(i.USART_SetAddress), (18 bytes).
    Removing stm32f10x_usart.o(i.USART_SetGuardTime), (16 bytes).
    Removing stm32f10x_usart.o(i.USART_SetPrescaler), (16 bytes).
    Removing stm32f10x_usart.o(i.USART_SmartCardCmd), (24 bytes).
    Removing stm32f10x_usart.o(i.USART_SmartCardNACKCmd), (24 bytes).
    Removing stm32f10x_usart.o(i.USART_StructInit), (24 bytes).
    Removing stm32f10x_usart.o(i.USART_WakeUpConfig), (18 bytes).
    Removing system_stm32f10x.o(.rev16_text), (4 bytes).
    Removing system_stm32f10x.o(.revsh_text), (4 bytes).
    Removing system_stm32f10x.o(.rrx_text), (6 bytes).
    Removing system_stm32f10x.o(i.SystemCoreClockUpdate), (164 bytes).
    Removing system_stm32f10x.o(.data), (20 bytes).

445 unused section(s) (total 16388 bytes) removed from the image.

==============================================================================

Image Symbol Table

    Local Symbols

    Symbol Name                              Value     Ov Type        Size  Object(Section)

    ../clib/angel/boardlib.s                 0x00000000   Number         0  boardinit1.o ABSOLUTE
    ../clib/angel/boardlib.s                 0x00000000   Number         0  boardshut.o ABSOLUTE
    ../clib/angel/boardlib.s                 0x00000000   Number         0  boardinit2.o ABSOLUTE
    ../clib/angel/boardlib.s                 0x00000000   Number         0  boardinit3.o ABSOLUTE
    ../clib/angel/handlers.s                 0x00000000   Number         0  __scatter_copy.o ABSOLUTE
    ../clib/angel/handlers.s                 0x00000000   Number         0  __scatter_zi.o ABSOLUTE
    ../clib/angel/kernel.s                   0x00000000   Number         0  __rtentry2.o ABSOLUTE
    ../clib/angel/kernel.s                   0x00000000   Number         0  rtexit.o ABSOLUTE
    ../clib/angel/kernel.s                   0x00000000   Number         0  rtexit2.o ABSOLUTE
    ../clib/angel/kernel.s                   0x00000000   Number         0  __rtentry.o ABSOLUTE
    ../clib/angel/kernel.s                   0x00000000   Number         0  __rtentry4.o ABSOLUTE
    ../clib/angel/rt.s                       0x00000000   Number         0  rt_raise.o ABSOLUTE
    ../clib/angel/scatter.s                  0x00000000   Number         0  __scatter.o ABSOLUTE
    ../clib/angel/startup.s                  0x00000000   Number         0  __main.o ABSOLUTE
    ../clib/angel/sys.s                      0x00000000   Number         0  indicate_semi.o ABSOLUTE
    ../clib/angel/sys.s                      0x00000000   Number         0  use_no_semi.o ABSOLUTE
    ../clib/angel/sys.s                      0x00000000   Number         0  libspace.o ABSOLUTE
    ../clib/angel/sys.s                      0x00000000   Number         0  sys_stackheap_outer.o ABSOLUTE
    ../clib/angel/sysapp.c                   0x00000000   Number         0  sys_exit.o ABSOLUTE
    ../clib/angel/sysapp.c                   0x00000000   Number         0  sys_wrch.o ABSOLUTE
    ../clib/angel/sysapp.c                   0x00000000   Number         0  sys_command.o ABSOLUTE
    ../clib/armsys.c                         0x00000000   Number         0  no_argv.o ABSOLUTE
    ../clib/armsys.c                         0x00000000   Number         0  _get_argv_nomalloc.o ABSOLUTE
    ../clib/armsys.c                         0x00000000   Number         0  argv_veneer.o ABSOLUTE
    ../clib/armsys.c                         0x00000000   Number         0  argv_veneer.o ABSOLUTE
    ../clib/heapalloc.c                      0x00000000   Number         0  hrguard.o ABSOLUTE
    ../clib/heapaux.c                        0x00000000   Number         0  heapauxi.o ABSOLUTE
    ../clib/libinit.s                        0x00000000   Number         0  libshutdown.o ABSOLUTE
    ../clib/libinit.s                        0x00000000   Number         0  libinit.o ABSOLUTE
    ../clib/libinit.s                        0x00000000   Number         0  libshutdown2.o ABSOLUTE
    ../clib/libinit.s                        0x00000000   Number         0  libinit2.o ABSOLUTE
    ../clib/signal.c                         0x00000000   Number         0  defsig_stak_inner.o ABSOLUTE
    ../clib/signal.c                         0x00000000   Number         0  defsig_other.o ABSOLUTE
    ../clib/signal.c                         0x00000000   Number         0  defsig_rtred_inner.o ABSOLUTE
    ../clib/signal.c                         0x00000000   Number         0  defsig_fpe_inner.o ABSOLUTE
    ../clib/signal.c                         0x00000000   Number         0  defsig_segv_inner.o ABSOLUTE
    ../clib/signal.c                         0x00000000   Number         0  __raise.o ABSOLUTE
    ../clib/signal.c                         0x00000000   Number         0  defsig_abrt_inner.o ABSOLUTE
    ../clib/signal.c                         0x00000000   Number         0  defsig_cppl_inner.o ABSOLUTE
    ../clib/signal.c                         0x00000000   Number         0  defsig_general.o ABSOLUTE
    ../clib/signal.c                         0x00000000   Number         0  defsig_rtmem_inner.o ABSOLUTE
    ../clib/signal.c                         0x00000000   Number         0  defsig_exit.o ABSOLUTE
    ../clib/signal.c                         0x00000000   Number         0  defsig_pvfn_inner.o ABSOLUTE
    ../clib/signal.c                         0x00000000   Number         0  defsig_rtmem_formal.o ABSOLUTE
    ../clib/signal.c                         0x00000000   Number         0  defsig_rtmem_outer.o ABSOLUTE
    ../clib/signal.s                         0x00000000   Number         0  defsig.o ABSOLUTE
    ../clib/stdlib.c                         0x00000000   Number         0  exit.o ABSOLUTE
    ../fplib/fpinit.s                        0x00000000   Number         0  fpinit.o ABSOLUTE
    ApiFunctions.c                           0x00000000   Number         0  apifunctions.o ABSOLUTE
    ApiFunctions.c                           0x00000000   Number         0  apifunctions.o ABSOLUTE
    AppLauncher\AppLauncher.c                0x00000000   Number         0  applauncher.o ABSOLUTE
    AppLauncher\\AppLauncher.c               0x00000000   Number         0  applauncher.o ABSOLUTE
    BoardSupport.c                           0x00000000   Number         0  boardsupport.o ABSOLUTE
    BoardSupport.c                           0x00000000   Number         0  boardsupport.o ABSOLUTE
    C:\Users\R\AppData\Local\Arm\Packs\Keil\STM32F1xx_DFP\2.3.0\Device\StdPeriph_Driver\src\misc.c 0x00000000   Number         0  misc.o ABSOLUTE
    C:\Users\R\AppData\Local\Arm\Packs\Keil\STM32F1xx_DFP\2.3.0\Device\StdPeriph_Driver\src\stm32f10x_exti.c 0x00000000   Number         0  stm32f10x_exti.o ABSOLUTE
    C:\Users\R\AppData\Local\Arm\Packs\Keil\STM32F1xx_DFP\2.3.0\Device\StdPeriph_Driver\src\stm32f10x_flash.c 0x00000000   Number         0  stm32f10x_flash.o ABSOLUTE
    C:\Users\R\AppData\Local\Arm\Packs\Keil\STM32F1xx_DFP\2.3.0\Device\StdPeriph_Driver\src\stm32f10x_gpio.c 0x00000000   Number         0  stm32f10x_gpio.o ABSOLUTE
    C:\Users\R\AppData\Local\Arm\Packs\Keil\STM32F1xx_DFP\2.3.0\Device\StdPeriph_Driver\src\stm32f10x_i2c.c 0x00000000   Number         0  stm32f10x_i2c.o ABSOLUTE
    C:\Users\R\AppData\Local\Arm\Packs\Keil\STM32F1xx_DFP\2.3.0\Device\StdPeriph_Driver\src\stm32f10x_rcc.c 0x00000000   Number         0  stm32f10x_rcc.o ABSOLUTE
    C:\Users\R\AppData\Local\Arm\Packs\Keil\STM32F1xx_DFP\2.3.0\Device\StdPeriph_Driver\src\stm32f10x_spi.c 0x00000000   Number         0  stm32f10x_spi.o ABSOLUTE
    C:\Users\R\AppData\Local\Arm\Packs\Keil\STM32F1xx_DFP\2.3.0\Device\StdPeriph_Driver\src\stm32f10x_tim.c 0x00000000   Number         0  stm32f10x_tim.o ABSOLUTE
    C:\Users\R\AppData\Local\Arm\Packs\Keil\STM32F1xx_DFP\2.3.0\Device\StdPeriph_Driver\src\stm32f10x_usart.c 0x00000000   Number         0  stm32f10x_usart.o ABSOLUTE
    C:\\Users\\R\\AppData\\Local\\Arm\\Packs\\Keil\\STM32F1xx_DFP\\2.3.0\\Device\\StdPeriph_Driver\\src\\misc.c 0x00000000   Number         0  misc.o ABSOLUTE
    C:\\Users\\R\\AppData\\Local\\Arm\\Packs\\Keil\\STM32F1xx_DFP\\2.3.0\\Device\\StdPeriph_Driver\\src\\stm32f10x_exti.c 0x00000000   Number         0  stm32f10x_exti.o ABSOLUTE
    C:\\Users\\R\\AppData\\Local\\Arm\\Packs\\Keil\\STM32F1xx_DFP\\2.3.0\\Device\\StdPeriph_Driver\\src\\stm32f10x_flash.c 0x00000000   Number         0  stm32f10x_flash.o ABSOLUTE
    C:\\Users\\R\\AppData\\Local\\Arm\\Packs\\Keil\\STM32F1xx_DFP\\2.3.0\\Device\\StdPeriph_Driver\\src\\stm32f10x_gpio.c 0x00000000   Number         0  stm32f10x_gpio.o ABSOLUTE
    C:\\Users\\R\\AppData\\Local\\Arm\\Packs\\Keil\\STM32F1xx_DFP\\2.3.0\\Device\\StdPeriph_Driver\\src\\stm32f10x_i2c.c 0x00000000   Number         0  stm32f10x_i2c.o ABSOLUTE
    C:\\Users\\R\\AppData\\Local\\Arm\\Packs\\Keil\\STM32F1xx_DFP\\2.3.0\\Device\\StdPeriph_Driver\\src\\stm32f10x_rcc.c 0x00000000   Number         0  stm32f10x_rcc.o ABSOLUTE
    C:\\Users\\R\\AppData\\Local\\Arm\\Packs\\Keil\\STM32F1xx_DFP\\2.3.0\\Device\\StdPeriph_Driver\\src\\stm32f10x_spi.c 0x00000000   Number         0  stm32f10x_spi.o ABSOLUTE
    C:\\Users\\R\\AppData\\Local\\Arm\\Packs\\Keil\\STM32F1xx_DFP\\2.3.0\\Device\\StdPeriph_Driver\\src\\stm32f10x_tim.c 0x00000000   Number         0  stm32f10x_tim.o ABSOLUTE
    C:\\Users\\R\\AppData\\Local\\Arm\\Packs\\Keil\\STM32F1xx_DFP\\2.3.0\\Device\\StdPeriph_Driver\\src\\stm32f10x_usart.c 0x00000000   Number         0  stm32f10x_usart.o ABSOLUTE
    Com\Protocol\Protocol.c                  0x00000000   Number         0  protocol.o ABSOLUTE
    Com\Protocol\RequestHandler.c            0x00000000   Number         0  requesthandler.o ABSOLUTE
    Com\\Protocol\\Protocol.c                0x00000000   Number         0  protocol.o ABSOLUTE
    Com\\Protocol\\RequestHandler.c          0x00000000   Number         0  requesthandler.o ABSOLUTE
    Karnel\Debug.c                           0x00000000   Number         0  debug.o ABSOLUTE
    Karnel\EventTimer.c                      0x00000000   Number         0  eventtimer.o ABSOLUTE
    Karnel\Stopwatch.c                       0x00000000   Number         0  stopwatch.o ABSOLUTE
    Karnel\TimeDelay.c                       0x00000000   Number         0  timedelay.o ABSOLUTE
    Karnel\\Debug.c                          0x00000000   Number         0  debug.o ABSOLUTE
    Karnel\\EventTimer.c                     0x00000000   Number         0  eventtimer.o ABSOLUTE
    Karnel\\Stopwatch.c                      0x00000000   Number         0  stopwatch.o ABSOLUTE
    Karnel\\TimeDelay.c                      0x00000000   Number         0  timedelay.o ABSOLUTE
    Peripherals\ADC\ADC.c                    0x00000000   Number         0  adc.o ABSOLUTE
    Peripherals\Common.c                     0x00000000   Number         0  common.o ABSOLUTE
    Peripherals\EXTI\EXTI.c                  0x00000000   Number         0  exti.o ABSOLUTE
    Peripherals\GPIO\GPIO.c                  0x00000000   Number         0  gpio.o ABSOLUTE
    Peripherals\PWM\PWM.c                    0x00000000   Number         0  pwm.o ABSOLUTE
    Peripherals\TIM\TIM.c                    0x00000000   Number         0  tim.o ABSOLUTE
    Peripherals\\ADC\\ADC.c                  0x00000000   Number         0  adc.o ABSOLUTE
    Peripherals\\Common.c                    0x00000000   Number         0  common.o ABSOLUTE
    Peripherals\\EXTI\\EXTI.c                0x00000000   Number         0  exti.o ABSOLUTE
    Peripherals\\GPIO\\GPIO.c                0x00000000   Number         0  gpio.o ABSOLUTE
    Peripherals\\PWM\\PWM.c                  0x00000000   Number         0  pwm.o ABSOLUTE
    Peripherals\\TIM\\TIM.c                  0x00000000   Number         0  tim.o ABSOLUTE
    RTE\Device\STM32F103C8\startup_stm32f10x_md.s 0x00000000   Number         0  startup_stm32f10x_md.o ABSOLUTE
    RTE\Device\STM32F103C8\system_stm32f10x.c 0x00000000   Number         0  system_stm32f10x.o ABSOLUTE
    RTE\\Device\\STM32F103C8\\system_stm32f10x.c 0x00000000   Number         0  system_stm32f10x.o ABSOLUTE
    dc.s                                     0x00000000   Number         0  dc.o ABSOLUTE
    main.c                                   0x00000000   Number         0  main.o ABSOLUTE
    main.c                                   0x00000000   Number         0  main.o ABSOLUTE
    RESET                                    0x08004000   Section      236  startup_stm32f10x_md.o(RESET)
    !!!main                                  0x080040ec   Section        8  __main.o(!!!main)
    !!!scatter                               0x080040f4   Section       52  __scatter.o(!!!scatter)
    !!handler_copy                           0x08004128   Section       26  __scatter_copy.o(!!handler_copy)
    !!handler_zi                             0x08004144   Section       28  __scatter_zi.o(!!handler_zi)
    .ARM.Collect$$libinit$$00000000          0x08004160   Section        2  libinit.o(.ARM.Collect$$libinit$$00000000)
    .ARM.Collect$$libinit$$00000002          0x08004162   Section        0  libinit2.o(.ARM.Collect$$libinit$$00000002)
    .ARM.Collect$$libinit$$00000004          0x08004162   Section        0  libinit2.o(.ARM.Collect$$libinit$$00000004)
    .ARM.Collect$$libinit$$0000000A          0x08004162   Section        0  libinit2.o(.ARM.Collect$$libinit$$0000000A)
    .ARM.Collect$$libinit$$0000000C          0x08004162   Section        0  libinit2.o(.ARM.Collect$$libinit$$0000000C)
    .ARM.Collect$$libinit$$0000000E          0x08004162   Section        0  libinit2.o(.ARM.Collect$$libinit$$0000000E)
    .ARM.Collect$$libinit$$00000011          0x08004162   Section        0  libinit2.o(.ARM.Collect$$libinit$$00000011)
    .ARM.Collect$$libinit$$00000013          0x08004162   Section        0  libinit2.o(.ARM.Collect$$libinit$$00000013)
    .ARM.Collect$$libinit$$00000015          0x08004162   Section        0  libinit2.o(.ARM.Collect$$libinit$$00000015)
    .ARM.Collect$$libinit$$00000017          0x08004162   Section        0  libinit2.o(.ARM.Collect$$libinit$$00000017)
    .ARM.Collect$$libinit$$00000019          0x08004162   Section        0  libinit2.o(.ARM.Collect$$libinit$$00000019)
    .ARM.Collect$$libinit$$0000001B          0x08004162   Section        0  libinit2.o(.ARM.Collect$$libinit$$0000001B)
    .ARM.Collect$$libinit$$0000001D          0x08004162   Section        0  libinit2.o(.ARM.Collect$$libinit$$0000001D)
    .ARM.Collect$$libinit$$0000001F          0x08004162   Section        0  libinit2.o(.ARM.Collect$$libinit$$0000001F)
    .ARM.Collect$$libinit$$00000021          0x08004162   Section        0  libinit2.o(.ARM.Collect$$libinit$$00000021)
    .ARM.Collect$$libinit$$00000023          0x08004162   Section        0  libinit2.o(.ARM.Collect$$libinit$$00000023)
    .ARM.Collect$$libinit$$00000025          0x08004162   Section        0  libinit2.o(.ARM.Collect$$libinit$$00000025)
    .ARM.Collect$$libinit$$0000002C          0x08004162   Section        0  libinit2.o(.ARM.Collect$$libinit$$0000002C)
    .ARM.Collect$$libinit$$0000002E          0x08004162   Section        0  libinit2.o(.ARM.Collect$$libinit$$0000002E)
    .ARM.Collect$$libinit$$00000030          0x08004162   Section        0  libinit2.o(.ARM.Collect$$libinit$$00000030)
    .ARM.Collect$$libinit$$00000032          0x08004162   Section        0  libinit2.o(.ARM.Collect$$libinit$$00000032)
    .ARM.Collect$$libinit$$00000033          0x08004162   Section        2  libinit2.o(.ARM.Collect$$libinit$$00000033)
    .ARM.Collect$$libshutdown$$00000000      0x08004164   Section        2  libshutdown.o(.ARM.Collect$$libshutdown$$00000000)
    .ARM.Collect$$libshutdown$$00000002      0x08004166   Section        0  libshutdown2.o(.ARM.Collect$$libshutdown$$00000002)
    .ARM.Collect$$libshutdown$$00000004      0x08004166   Section        0  libshutdown2.o(.ARM.Collect$$libshutdown$$00000004)
    .ARM.Collect$$libshutdown$$00000007      0x08004166   Section        0  libshutdown2.o(.ARM.Collect$$libshutdown$$00000007)
    .ARM.Collect$$libshutdown$$0000000A      0x08004166   Section        0  libshutdown2.o(.ARM.Collect$$libshutdown$$0000000A)
    .ARM.Collect$$libshutdown$$0000000C      0x08004166   Section        0  libshutdown2.o(.ARM.Collect$$libshutdown$$0000000C)
    .ARM.Collect$$libshutdown$$0000000F      0x08004166   Section        0  libshutdown2.o(.ARM.Collect$$libshutdown$$0000000F)
    .ARM.Collect$$libshutdown$$00000010      0x08004166   Section        2  libshutdown2.o(.ARM.Collect$$libshutdown$$00000010)
    .ARM.Collect$$rtentry$$00000000          0x08004168   Section        0  __rtentry.o(.ARM.Collect$$rtentry$$00000000)
    .ARM.Collect$$rtentry$$00000002          0x08004168   Section        0  __rtentry2.o(.ARM.Collect$$rtentry$$00000002)
    .ARM.Collect$$rtentry$$00000004          0x08004168   Section        6  __rtentry4.o(.ARM.Collect$$rtentry$$00000004)
    .ARM.Collect$$rtentry$$00000009          0x0800416e   Section        0  __rtentry2.o(.ARM.Collect$$rtentry$$00000009)
    .ARM.Collect$$rtentry$$0000000A          0x0800416e   Section        4  __rtentry2.o(.ARM.Collect$$rtentry$$0000000A)
    .ARM.Collect$$rtentry$$0000000C          0x08004172   Section        0  __rtentry2.o(.ARM.Collect$$rtentry$$0000000C)
    .ARM.Collect$$rtentry$$0000000D          0x08004172   Section        8  __rtentry2.o(.ARM.Collect$$rtentry$$0000000D)
    .ARM.Collect$$rtexit$$00000000           0x0800417a   Section        2  rtexit.o(.ARM.Collect$$rtexit$$00000000)
    .ARM.Collect$$rtexit$$00000002           0x0800417c   Section        0  rtexit2.o(.ARM.Collect$$rtexit$$00000002)
    .ARM.Collect$$rtexit$$00000003           0x0800417c   Section        4  rtexit2.o(.ARM.Collect$$rtexit$$00000003)
    .ARM.Collect$$rtexit$$00000004           0x08004180   Section        6  rtexit2.o(.ARM.Collect$$rtexit$$00000004)
    .text                                    0x08004188   Section       64  startup_stm32f10x_md.o(.text)
    .text                                    0x080041c8   Section        0  heapauxi.o(.text)
    .text                                    0x080041ce   Section       74  sys_stackheap_outer.o(.text)
    .text                                    0x08004218   Section        0  exit.o(.text)
    .text                                    0x0800422c   Section        8  libspace.o(.text)
    .text                                    0x08004234   Section        0  sys_exit.o(.text)
    .text                                    0x08004240   Section        2  use_no_semi.o(.text)
    .text                                    0x08004242   Section        0  indicate_semi.o(.text)
    i.CalculateEllipsedTime                  0x08004242   Section        0  stopwatch.o(i.CalculateEllipsedTime)
    i.CalculateTargetCNT                     0x0800429a   Section        0  eventtimer.o(i.CalculateTargetCNT)
    i.CheckEventTimer                        0x080042f4   Section        0  tim.o(i.CheckEventTimer)
    i.DecreaseIteration_EventTimer           0x08004324   Section        0  tim.o(i.DecreaseIteration_EventTimer)
    i.EXTI0_IRQHandler                       0x08004338   Section        0  exti.o(i.EXTI0_IRQHandler)
    i.EXTI15_10_IRQHandler                   0x0800437c   Section        0  exti.o(i.EXTI15_10_IRQHandler)
    i.EXTI1_IRQHandler                       0x08004524   Section        0  exti.o(i.EXTI1_IRQHandler)
    i.EXTI2_IRQHandler                       0x08004568   Section        0  exti.o(i.EXTI2_IRQHandler)
    i.EXTI3_IRQHandler                       0x080045ac   Section        0  exti.o(i.EXTI3_IRQHandler)
    i.EXTI4_IRQHandler                       0x080045f0   Section        0  exti.o(i.EXTI4_IRQHandler)
    i.EXTI9_5_IRQHandler                     0x08004634   Section        0  exti.o(i.EXTI9_5_IRQHandler)
    i.EXTI_ClearITPendingBit                 0x08004780   Section        0  stm32f10x_exti.o(i.EXTI_ClearITPendingBit)
    i.EXTI_GetITStatus                       0x0800478c   Section        0  stm32f10x_exti.o(i.EXTI_GetITStatus)
    i.Event_Register                         0x080047b4   Section        0  eventtimer.o(i.Event_Register)
    i.FilterDuration                         0x080049a0   Section        0  eventtimer.o(i.FilterDuration)
    i.GPIO_Init                              0x080049ca   Section        0  stm32f10x_gpio.o(i.GPIO_Init)
    i.GPIO_PC13_Digital_OUT                  0x08004ae0   Section        0  gpio.o(i.GPIO_PC13_Digital_OUT)
    i.GPIO_ReadInputDataBit                  0x08004b08   Section        0  stm32f10x_gpio.o(i.GPIO_ReadInputDataBit)
    i.IncreaseIteration_Stopwatch            0x08004b1a   Section        0  tim.o(i.IncreaseIteration_Stopwatch)
    i.InitializeAPI                          0x08004b28   Section        0  apifunctions.o(i.InitializeAPI)
    i.LED_OFF                                0x08004c18   Section        0  boardsupport.o(i.LED_OFF)
    i.LED_ON                                 0x08004c2c   Section        0  boardsupport.o(i.LED_ON)
    i.NVIC_Init                              0x08004c40   Section        0  misc.o(i.NVIC_Init)
    i.OnClockReset                           0x08004cb0   Section        0  main.o(i.OnClockReset)
    i.OnUSBDataRecieved                      0x08004cbc   Section        0  apifunctions.o(i.OnUSBDataRecieved)
    i.RCC_APB1PeriphClockCmd                 0x08004cf0   Section        0  stm32f10x_rcc.o(i.RCC_APB1PeriphClockCmd)
    i.RCC_APB1PeriphResetCmd                 0x08004d10   Section        0  stm32f10x_rcc.o(i.RCC_APB1PeriphResetCmd)
    i.RCC_APB2PeriphClockCmd                 0x08004d30   Section        0  stm32f10x_rcc.o(i.RCC_APB2PeriphClockCmd)
    i.RCC_APB2PeriphResetCmd                 0x08004d50   Section        0  stm32f10x_rcc.o(i.RCC_APB2PeriphResetCmd)
    i.RunApp                                 0x08004d70   Section        0  applauncher.o(i.RunApp)
    i.Serial_Send                            0x08004d80   Section        0  apifunctions.o(i.Serial_Send)
    i.SetEventData                           0x08004d82   Section        0  eventtimer.o(i.SetEventData)
    i.SetSysClock                            0x08004da0   Section        0  system_stm32f10x.o(i.SetSysClock)
    SetSysClock                              0x08004da1   Thumb Code     8  system_stm32f10x.o(i.SetSysClock)
    i.SetSysClockTo72                        0x08004da8   Section        0  system_stm32f10x.o(i.SetSysClockTo72)
    SetSysClockTo72                          0x08004da9   Thumb Code   214  system_stm32f10x.o(i.SetSysClockTo72)
    i.Set_Stopwatch_StartData                0x08004e88   Section        0  stopwatch.o(i.Set_Stopwatch_StartData)
    i.Stopwatch_GetTime                      0x08004e94   Section        0  stopwatch.o(i.Stopwatch_GetTime)
    i.Stopwatch_Start                        0x08004fe0   Section        0  stopwatch.o(i.Stopwatch_Start)
    i.SystemInit                             0x0800508c   Section        0  system_stm32f10x.o(i.SystemInit)
    i.TIM2_CCR1_Trigger                      0x080050ec   Section        0  tim.o(i.TIM2_CCR1_Trigger)
    i.TIM2_CCR2_Trigger                      0x080050fc   Section        0  tim.o(i.TIM2_CCR2_Trigger)
    i.TIM2_CCR3_Trigger                      0x0800510c   Section        0  tim.o(i.TIM2_CCR3_Trigger)
    i.TIM2_CCR4_Trigger                      0x0800511c   Section        0  tim.o(i.TIM2_CCR4_Trigger)
    i.TIM2_Init                              0x0800512c   Section        0  tim.o(i.TIM2_Init)
    i.TIM2_OnUpdate                          0x080051dc   Section        0  tim.o(i.TIM2_OnUpdate)
    i.TIM3_CCR1_Trigger                      0x08005230   Section        0  tim.o(i.TIM3_CCR1_Trigger)
    i.TIM3_CCR2_Trigger                      0x08005240   Section        0  tim.o(i.TIM3_CCR2_Trigger)
    i.TIM3_CCR3_Trigger                      0x08005250   Section        0  tim.o(i.TIM3_CCR3_Trigger)
    i.TIM3_CCR4_Trigger                      0x08005260   Section        0  tim.o(i.TIM3_CCR4_Trigger)
    i.TIM3_Init                              0x08005270   Section        0  tim.o(i.TIM3_Init)
    i.TIM3_OnUpdate                          0x0800531c   Section        0  tim.o(i.TIM3_OnUpdate)
    i.TIM_Cmd                                0x08005370   Section        0  stm32f10x_tim.o(i.TIM_Cmd)
    i.TIM_DeInit                             0x08005388   Section        0  stm32f10x_tim.o(i.TIM_DeInit)
    i.TIM_ITConfig                           0x08005570   Section        0  stm32f10x_tim.o(i.TIM_ITConfig)
    i.TIM_TimeBaseInit                       0x08005584   Section        0  stm32f10x_tim.o(i.TIM_TimeBaseInit)
    i.TIM_TimeBaseStructInit                 0x08005628   Section        0  stm32f10x_tim.o(i.TIM_TimeBaseStructInit)
    i.ToggleLED                              0x0800563c   Section        0  boardsupport.o(i.ToggleLED)
    i.main                                   0x08005650   Section        0  main.o(i.main)
    .data                                    0x20000c00   Section        8  main.o(.data)
    .data                                    0x20000c08   Section      193  exti.o(.data)
    .data                                    0x20000ccc   Section       16  common.o(.data)
    .data                                    0x20000cdc   Section        9  tim.o(.data)
    .data                                    0x20000ce6   Section       48  stopwatch.o(.data)
    .bss                                     0x20000d18   Section      180  main.o(.bss)
    .bss                                     0x20000dcc   Section       26  common.o(.bss)
    .bss                                     0x20000de8   Section      160  eventtimer.o(.bss)
    .bss                                     0x20000e88   Section       96  libspace.o(.bss)
    HEAP                                     0x20000ee8   Section      512  startup_stm32f10x_md.o(HEAP)
    Heap_Mem                                 0x20000ee8   Data         512  startup_stm32f10x_md.o(HEAP)
    STACK                                    0x200010e8   Section     1024  startup_stm32f10x_md.o(STACK)
    Stack_Mem                                0x200010e8   Data        1024  startup_stm32f10x_md.o(STACK)
    __initial_sp                             0x200014e8   Data           0  startup_stm32f10x_md.o(STACK)

    Global Symbols

    Symbol Name                              Value     Ov Type        Size  Object(Section)

    BuildAttributes$$THM_ISAv4$P$D$K$B$S$PE$A:L22UL41UL21$X:L11$S22US41US21$IEEE1$IW$USESV6$~STKCKD$USESV7$~SHL$OSPACE$ROPI$EBA8$UX$STANDARDLIB$REQ8$PRES8$EABIv2 0x00000000   Number         0  anon$$obj.o ABSOLUTE
    __ARM_use_no_argv                        0x00000000   Number         0  main.o ABSOLUTE
    __ARM_exceptions_init                     - Undefined Weak Reference
    __alloca_initialize                       - Undefined Weak Reference
    __arm_preinit_                            - Undefined Weak Reference
    __cpp_initialize__aeabi_                  - Undefined Weak Reference
    __cxa_finalize                            - Undefined Weak Reference
    __rt_locale                               - Undefined Weak Reference
    __sigvec_lookup                           - Undefined Weak Reference
    _atexit_init                              - Undefined Weak Reference
    _call_atexit_fns                          - Undefined Weak Reference
    _clock_init                               - Undefined Weak Reference
    _fp_trap_init                             - Undefined Weak Reference
    _fp_trap_shutdown                         - Undefined Weak Reference
    _get_lc_collate                           - Undefined Weak Reference
    _get_lc_ctype                             - Undefined Weak Reference
    _get_lc_monetary                          - Undefined Weak Reference
    _get_lc_numeric                           - Undefined Weak Reference
    _get_lc_time                              - Undefined Weak Reference
    _getenv_init                              - Undefined Weak Reference
    _handle_redirection                       - Undefined Weak Reference
    _init_alloc                               - Undefined Weak Reference
    _init_user_alloc                          - Undefined Weak Reference
    _initio                                   - Undefined Weak Reference
    _rand_init                                - Undefined Weak Reference
    _signal_finish                            - Undefined Weak Reference
    _signal_init                              - Undefined Weak Reference
    _terminate_alloc                          - Undefined Weak Reference
    _terminate_user_alloc                     - Undefined Weak Reference
    _terminateio                              - Undefined Weak Reference
    __Vectors_Size                           0x000000ec   Number         0  startup_stm32f10x_md.o ABSOLUTE
    __Vectors                                0x08004000   Data           4  startup_stm32f10x_md.o(RESET)
    __Vectors_End                            0x080040ec   Data           0  startup_stm32f10x_md.o(RESET)
    __main                                   0x080040ed   Thumb Code     8  __main.o(!!!main)
    __scatterload                            0x080040f5   Thumb Code     0  __scatter.o(!!!scatter)
    __scatterload_rt2                        0x080040f5   Thumb Code    44  __scatter.o(!!!scatter)
    __scatterload_rt2_thumb_only             0x080040f5   Thumb Code     0  __scatter.o(!!!scatter)
    __scatterload_null                       0x08004103   Thumb Code     0  __scatter.o(!!!scatter)
    __scatterload_copy                       0x08004129   Thumb Code    26  __scatter_copy.o(!!handler_copy)
    __scatterload_zeroinit                   0x08004145   Thumb Code    28  __scatter_zi.o(!!handler_zi)
    __rt_lib_init                            0x08004161   Thumb Code     0  libinit.o(.ARM.Collect$$libinit$$00000000)
    __rt_lib_init_alloca_1                   0x08004163   Thumb Code     0  libinit2.o(.ARM.Collect$$libinit$$0000002E)
    __rt_lib_init_argv_1                     0x08004163   Thumb Code     0  libinit2.o(.ARM.Collect$$libinit$$0000002C)
    __rt_lib_init_atexit_1                   0x08004163   Thumb Code     0  libinit2.o(.ARM.Collect$$libinit$$0000001B)
    __rt_lib_init_clock_1                    0x08004163   Thumb Code     0  libinit2.o(.ARM.Collect$$libinit$$00000021)
    __rt_lib_init_cpp_1                      0x08004163   Thumb Code     0  libinit2.o(.ARM.Collect$$libinit$$00000032)
    __rt_lib_init_exceptions_1               0x08004163   Thumb Code     0  libinit2.o(.ARM.Collect$$libinit$$00000030)
    __rt_lib_init_fp_1                       0x08004163   Thumb Code     0  libinit2.o(.ARM.Collect$$libinit$$00000002)
    __rt_lib_init_fp_trap_1                  0x08004163   Thumb Code     0  libinit2.o(.ARM.Collect$$libinit$$0000001F)
    __rt_lib_init_getenv_1                   0x08004163   Thumb Code     0  libinit2.o(.ARM.Collect$$libinit$$00000023)
    __rt_lib_init_heap_1                     0x08004163   Thumb Code     0  libinit2.o(.ARM.Collect$$libinit$$0000000A)
    __rt_lib_init_lc_collate_1               0x08004163   Thumb Code     0  libinit2.o(.ARM.Collect$$libinit$$00000011)
    __rt_lib_init_lc_ctype_1                 0x08004163   Thumb Code     0  libinit2.o(.ARM.Collect$$libinit$$00000013)
    __rt_lib_init_lc_monetary_1              0x08004163   Thumb Code     0  libinit2.o(.ARM.Collect$$libinit$$00000015)
    __rt_lib_init_lc_numeric_1               0x08004163   Thumb Code     0  libinit2.o(.ARM.Collect$$libinit$$00000017)
    __rt_lib_init_lc_time_1                  0x08004163   Thumb Code     0  libinit2.o(.ARM.Collect$$libinit$$00000019)
    __rt_lib_init_preinit_1                  0x08004163   Thumb Code     0  libinit2.o(.ARM.Collect$$libinit$$00000004)
    __rt_lib_init_rand_1                     0x08004163   Thumb Code     0  libinit2.o(.ARM.Collect$$libinit$$0000000E)
    __rt_lib_init_return                     0x08004163   Thumb Code     0  libinit2.o(.ARM.Collect$$libinit$$00000033)
    __rt_lib_init_signal_1                   0x08004163   Thumb Code     0  libinit2.o(.ARM.Collect$$libinit$$0000001D)
    __rt_lib_init_stdio_1                    0x08004163   Thumb Code     0  libinit2.o(.ARM.Collect$$libinit$$00000025)
    __rt_lib_init_user_alloc_1               0x08004163   Thumb Code     0  libinit2.o(.ARM.Collect$$libinit$$0000000C)
    __rt_lib_shutdown                        0x08004165   Thumb Code     0  libshutdown.o(.ARM.Collect$$libshutdown$$00000000)
    __rt_lib_shutdown_cpp_1                  0x08004167   Thumb Code     0  libshutdown2.o(.ARM.Collect$$libshutdown$$00000002)
    __rt_lib_shutdown_fp_trap_1              0x08004167   Thumb Code     0  libshutdown2.o(.ARM.Collect$$libshutdown$$00000007)
    __rt_lib_shutdown_heap_1                 0x08004167   Thumb Code     0  libshutdown2.o(.ARM.Collect$$libshutdown$$0000000F)
    __rt_lib_shutdown_return                 0x08004167   Thumb Code     0  libshutdown2.o(.ARM.Collect$$libshutdown$$00000010)
    __rt_lib_shutdown_signal_1               0x08004167   Thumb Code     0  libshutdown2.o(.ARM.Collect$$libshutdown$$0000000A)
    __rt_lib_shutdown_stdio_1                0x08004167   Thumb Code     0  libshutdown2.o(.ARM.Collect$$libshutdown$$00000004)
    __rt_lib_shutdown_user_alloc_1           0x08004167   Thumb Code     0  libshutdown2.o(.ARM.Collect$$libshutdown$$0000000C)
    __rt_entry                               0x08004169   Thumb Code     0  __rtentry.o(.ARM.Collect$$rtentry$$00000000)
    __rt_entry_presh_1                       0x08004169   Thumb Code     0  __rtentry2.o(.ARM.Collect$$rtentry$$00000002)
    __rt_entry_sh                            0x08004169   Thumb Code     0  __rtentry4.o(.ARM.Collect$$rtentry$$00000004)
    __rt_entry_li                            0x0800416f   Thumb Code     0  __rtentry2.o(.ARM.Collect$$rtentry$$0000000A)
    __rt_entry_postsh_1                      0x0800416f   Thumb Code     0  __rtentry2.o(.ARM.Collect$$rtentry$$00000009)
    __rt_entry_main                          0x08004173   Thumb Code     0  __rtentry2.o(.ARM.Collect$$rtentry$$0000000D)
    __rt_entry_postli_1                      0x08004173   Thumb Code     0  __rtentry2.o(.ARM.Collect$$rtentry$$0000000C)
    __rt_exit                                0x0800417b   Thumb Code     0  rtexit.o(.ARM.Collect$$rtexit$$00000000)
    __rt_exit_ls                             0x0800417d   Thumb Code     0  rtexit2.o(.ARM.Collect$$rtexit$$00000003)
    __rt_exit_prels_1                        0x0800417d   Thumb Code     0  rtexit2.o(.ARM.Collect$$rtexit$$00000002)
    __rt_exit_exit                           0x08004181   Thumb Code     0  rtexit2.o(.ARM.Collect$$rtexit$$00000004)
    Reset_Handler                            0x08004189   Thumb Code     8  startup_stm32f10x_md.o(.text)
    NMI_Handler                              0x08004191   Thumb Code     2  startup_stm32f10x_md.o(.text)
    HardFault_Handler                        0x08004193   Thumb Code     2  startup_stm32f10x_md.o(.text)
    MemManage_Handler                        0x08004195   Thumb Code     2  startup_stm32f10x_md.o(.text)
    BusFault_Handler                         0x08004197   Thumb Code     2  startup_stm32f10x_md.o(.text)
    UsageFault_Handler                       0x08004199   Thumb Code     2  startup_stm32f10x_md.o(.text)
    SVC_Handler                              0x0800419b   Thumb Code     2  startup_stm32f10x_md.o(.text)
    DebugMon_Handler                         0x0800419d   Thumb Code     2  startup_stm32f10x_md.o(.text)
    PendSV_Handler                           0x0800419f   Thumb Code     2  startup_stm32f10x_md.o(.text)
    SysTick_Handler                          0x080041a1   Thumb Code     2  startup_stm32f10x_md.o(.text)
    ADC1_2_IRQHandler                        0x080041a3   Thumb Code     0  startup_stm32f10x_md.o(.text)
    CAN1_RX1_IRQHandler                      0x080041a3   Thumb Code     0  startup_stm32f10x_md.o(.text)
    CAN1_SCE_IRQHandler                      0x080041a3   Thumb Code     0  startup_stm32f10x_md.o(.text)
    DMA1_Channel1_IRQHandler                 0x080041a3   Thumb Code     0  startup_stm32f10x_md.o(.text)
    DMA1_Channel2_IRQHandler                 0x080041a3   Thumb Code     0  startup_stm32f10x_md.o(.text)
    DMA1_Channel3_IRQHandler                 0x080041a3   Thumb Code     0  startup_stm32f10x_md.o(.text)
    DMA1_Channel4_IRQHandler                 0x080041a3   Thumb Code     0  startup_stm32f10x_md.o(.text)
    DMA1_Channel5_IRQHandler                 0x080041a3   Thumb Code     0  startup_stm32f10x_md.o(.text)
    DMA1_Channel6_IRQHandler                 0x080041a3   Thumb Code     0  startup_stm32f10x_md.o(.text)
    DMA1_Channel7_IRQHandler                 0x080041a3   Thumb Code     0  startup_stm32f10x_md.o(.text)
    FLASH_IRQHandler                         0x080041a3   Thumb Code     0  startup_stm32f10x_md.o(.text)
    I2C1_ER_IRQHandler                       0x080041a3   Thumb Code     0  startup_stm32f10x_md.o(.text)
    I2C1_EV_IRQHandler                       0x080041a3   Thumb Code     0  startup_stm32f10x_md.o(.text)
    I2C2_ER_IRQHandler                       0x080041a3   Thumb Code     0  startup_stm32f10x_md.o(.text)
    I2C2_EV_IRQHandler                       0x080041a3   Thumb Code     0  startup_stm32f10x_md.o(.text)
    PVD_IRQHandler                           0x080041a3   Thumb Code     0  startup_stm32f10x_md.o(.text)
    RCC_IRQHandler                           0x080041a3   Thumb Code     0  startup_stm32f10x_md.o(.text)
    RTCAlarm_IRQHandler                      0x080041a3   Thumb Code     0  startup_stm32f10x_md.o(.text)
    RTC_IRQHandler                           0x080041a3   Thumb Code     0  startup_stm32f10x_md.o(.text)
    SPI1_IRQHandler                          0x080041a3   Thumb Code     0  startup_stm32f10x_md.o(.text)
    SPI2_IRQHandler                          0x080041a3   Thumb Code     0  startup_stm32f10x_md.o(.text)
    TAMPER_IRQHandler                        0x080041a3   Thumb Code     0  startup_stm32f10x_md.o(.text)
    TIM1_BRK_IRQHandler                      0x080041a3   Thumb Code     0  startup_stm32f10x_md.o(.text)
    TIM1_CC_IRQHandler                       0x080041a3   Thumb Code     0  startup_stm32f10x_md.o(.text)
    TIM1_TRG_COM_IRQHandler                  0x080041a3   Thumb Code     0  startup_stm32f10x_md.o(.text)
    TIM1_UP_IRQHandler                       0x080041a3   Thumb Code     0  startup_stm32f10x_md.o(.text)
    TIM2_IRQHandler                          0x080041a3   Thumb Code     0  startup_stm32f10x_md.o(.text)
    TIM3_IRQHandler                          0x080041a3   Thumb Code     0  startup_stm32f10x_md.o(.text)
    TIM4_IRQHandler                          0x080041a3   Thumb Code     0  startup_stm32f10x_md.o(.text)
    USART1_IRQHandler                        0x080041a3   Thumb Code     0  startup_stm32f10x_md.o(.text)
    USART2_IRQHandler                        0x080041a3   Thumb Code     0  startup_stm32f10x_md.o(.text)
    USART3_IRQHandler                        0x080041a3   Thumb Code     0  startup_stm32f10x_md.o(.text)
    USBWakeUp_IRQHandler                     0x080041a3   Thumb Code     0  startup_stm32f10x_md.o(.text)
    USB_HP_CAN1_TX_IRQHandler                0x080041a3   Thumb Code     0  startup_stm32f10x_md.o(.text)
    USB_LP_CAN1_RX0_IRQHandler               0x080041a3   Thumb Code     0  startup_stm32f10x_md.o(.text)
    WWDG_IRQHandler                          0x080041a3   Thumb Code     0  startup_stm32f10x_md.o(.text)
    __user_initial_stackheap                 0x080041a5   Thumb Code     0  startup_stm32f10x_md.o(.text)
    __use_two_region_memory                  0x080041c9   Thumb Code     2  heapauxi.o(.text)
    __rt_heap_escrow$2region                 0x080041cb   Thumb Code     2  heapauxi.o(.text)
    __rt_heap_expand$2region                 0x080041cd   Thumb Code     2  heapauxi.o(.text)
    __user_setup_stackheap                   0x080041cf   Thumb Code    74  sys_stackheap_outer.o(.text)
    exit                                     0x08004219   Thumb Code    18  exit.o(.text)
    __user_libspace                          0x0800422d   Thumb Code     8  libspace.o(.text)
    __user_perproc_libspace                  0x0800422d   Thumb Code     0  libspace.o(.text)
    __user_perthread_libspace                0x0800422d   Thumb Code     0  libspace.o(.text)
    _sys_exit                                0x08004235   Thumb Code     8  sys_exit.o(.text)
    __I$use$semihosting                      0x08004241   Thumb Code     0  use_no_semi.o(.text)
    __use_no_semihosting_swi                 0x08004241   Thumb Code     2  use_no_semi.o(.text)
    CalculateEllipsedTime                    0x08004243   Thumb Code    88  stopwatch.o(i.CalculateEllipsedTime)
    __semihosting_library_function           0x08004243   Thumb Code     0  indicate_semi.o(.text)
    CalculateTargetCNT                       0x0800429b   Thumb Code    90  eventtimer.o(i.CalculateTargetCNT)
    CheckEventTimer                          0x080042f5   Thumb Code    48  tim.o(i.CheckEventTimer)
    DecreaseIteration_EventTimer             0x08004325   Thumb Code    18  tim.o(i.DecreaseIteration_EventTimer)
    EXTI0_IRQHandler                         0x08004339   Thumb Code    54  exti.o(i.EXTI0_IRQHandler)
    EXTI15_10_IRQHandler                     0x0800437d   Thumb Code   352  exti.o(i.EXTI15_10_IRQHandler)
    EXTI1_IRQHandler                         0x08004525   Thumb Code    54  exti.o(i.EXTI1_IRQHandler)
    EXTI2_IRQHandler                         0x08004569   Thumb Code    54  exti.o(i.EXTI2_IRQHandler)
    EXTI3_IRQHandler                         0x080045ad   Thumb Code    54  exti.o(i.EXTI3_IRQHandler)
    EXTI4_IRQHandler                         0x080045f1   Thumb Code    54  exti.o(i.EXTI4_IRQHandler)
    EXTI9_5_IRQHandler                       0x08004635   Thumb Code   270  exti.o(i.EXTI9_5_IRQHandler)
    EXTI_ClearITPendingBit                   0x08004781   Thumb Code     6  stm32f10x_exti.o(i.EXTI_ClearITPendingBit)
    EXTI_GetITStatus                         0x0800478d   Thumb Code    34  stm32f10x_exti.o(i.EXTI_GetITStatus)
    Event_Register                           0x080047b5   Thumb Code   442  eventtimer.o(i.Event_Register)
    FilterDuration                           0x080049a1   Thumb Code    42  eventtimer.o(i.FilterDuration)
    GPIO_Init                                0x080049cb   Thumb Code   278  stm32f10x_gpio.o(i.GPIO_Init)
    GPIO_PC13_Digital_OUT                    0x08004ae1   Thumb Code    32  gpio.o(i.GPIO_PC13_Digital_OUT)
    GPIO_ReadInputDataBit                    0x08004b09   Thumb Code    18  stm32f10x_gpio.o(i.GPIO_ReadInputDataBit)
    IncreaseIteration_Stopwatch              0x08004b1b   Thumb Code    14  tim.o(i.IncreaseIteration_Stopwatch)
    InitializeAPI                            0x08004b29   Thumb Code   160  apifunctions.o(i.InitializeAPI)
    LED_OFF                                  0x08004c19   Thumb Code    14  boardsupport.o(i.LED_OFF)
    LED_ON                                   0x08004c2d   Thumb Code    14  boardsupport.o(i.LED_ON)
    NVIC_Init                                0x08004c41   Thumb Code   100  misc.o(i.NVIC_Init)
    OnClockReset                             0x08004cb1   Thumb Code    12  main.o(i.OnClockReset)
    OnUSBDataRecieved                        0x08004cbd   Thumb Code    42  apifunctions.o(i.OnUSBDataRecieved)
    RCC_APB1PeriphClockCmd                   0x08004cf1   Thumb Code    26  stm32f10x_rcc.o(i.RCC_APB1PeriphClockCmd)
    RCC_APB1PeriphResetCmd                   0x08004d11   Thumb Code    26  stm32f10x_rcc.o(i.RCC_APB1PeriphResetCmd)
    RCC_APB2PeriphClockCmd                   0x08004d31   Thumb Code    26  stm32f10x_rcc.o(i.RCC_APB2PeriphClockCmd)
    RCC_APB2PeriphResetCmd                   0x08004d51   Thumb Code    26  stm32f10x_rcc.o(i.RCC_APB2PeriphResetCmd)
    RunApp                                   0x08004d71   Thumb Code    12  applauncher.o(i.RunApp)
    Serial_Send                              0x08004d81   Thumb Code     2  apifunctions.o(i.Serial_Send)
    SetEventData                             0x08004d83   Thumb Code    30  eventtimer.o(i.SetEventData)
    Set_Stopwatch_StartData                  0x08004e89   Thumb Code    12  stopwatch.o(i.Set_Stopwatch_StartData)
    Stopwatch_GetTime                        0x08004e95   Thumb Code   288  stopwatch.o(i.Stopwatch_GetTime)
    Stopwatch_Start                          0x08004fe1   Thumb Code   134  stopwatch.o(i.Stopwatch_Start)
    SystemInit                               0x0800508d   Thumb Code    78  system_stm32f10x.o(i.SystemInit)
    TIM2_CCR1_Trigger                        0x080050ed   Thumb Code    12  tim.o(i.TIM2_CCR1_Trigger)
    TIM2_CCR2_Trigger                        0x080050fd   Thumb Code    12  tim.o(i.TIM2_CCR2_Trigger)
    TIM2_CCR3_Trigger                        0x0800510d   Thumb Code    12  tim.o(i.TIM2_CCR3_Trigger)
    TIM2_CCR4_Trigger                        0x0800511d   Thumb Code    12  tim.o(i.TIM2_CCR4_Trigger)
    TIM2_Init                                0x0800512d   Thumb Code   158  tim.o(i.TIM2_Init)
    TIM2_OnUpdate                            0x080051dd   Thumb Code    52  tim.o(i.TIM2_OnUpdate)
    TIM3_CCR1_Trigger                        0x08005231   Thumb Code    12  tim.o(i.TIM3_CCR1_Trigger)
    TIM3_CCR2_Trigger                        0x08005241   Thumb Code    12  tim.o(i.TIM3_CCR2_Trigger)
    TIM3_CCR3_Trigger                        0x08005251   Thumb Code    12  tim.o(i.TIM3_CCR3_Trigger)
    TIM3_CCR4_Trigger                        0x08005261   Thumb Code    12  tim.o(i.TIM3_CCR4_Trigger)
    TIM3_Init                                0x08005271   Thumb Code   148  tim.o(i.TIM3_Init)
    TIM3_OnUpdate                            0x0800531d   Thumb Code    52  tim.o(i.TIM3_OnUpdate)
    TIM_Cmd                                  0x08005371   Thumb Code    24  stm32f10x_tim.o(i.TIM_Cmd)
    TIM_DeInit                               0x08005389   Thumb Code   424  stm32f10x_tim.o(i.TIM_DeInit)
    TIM_ITConfig                             0x08005571   Thumb Code    18  stm32f10x_tim.o(i.TIM_ITConfig)
    TIM_TimeBaseInit                         0x08005585   Thumb Code   122  stm32f10x_tim.o(i.TIM_TimeBaseInit)
    TIM_TimeBaseStructInit                   0x08005629   Thumb Code    18  stm32f10x_tim.o(i.TIM_TimeBaseStructInit)
    ToggleLED                                0x0800563d   Thumb Code    14  boardsupport.o(i.ToggleLED)
    main                                     0x08005651   Thumb Code    50  main.o(i.main)
    Region$$Table$$Base                      0x08005698   Number         0  anon$$obj.o(Region$$Table)
    Region$$Table$$Limit                     0x080056b8   Number         0  anon$$obj.o(Region$$Table)
    blueberry32                              0x20000c00   Data           4  main.o(.data)
    addr                                     0x20000c04   Data           4  main.o(.data)
    EXTI0_RaisingCallback                    0x20000c08   Data           4  exti.o(.data)
    EXTI1_RaisingCallback                    0x20000c0c   Data           4  exti.o(.data)
    EXTI2_RaisingCallback                    0x20000c10   Data           4  exti.o(.data)
    EXTI3_RaisingCallback                    0x20000c14   Data           4  exti.o(.data)
    EXTI4_RaisingCallback                    0x20000c18   Data           4  exti.o(.data)
    EXTI5_RaisingCallback                    0x20000c1c   Data           4  exti.o(.data)
    EXTI6_RaisingCallback                    0x20000c20   Data           4  exti.o(.data)
    EXTI7_RaisingCallback                    0x20000c24   Data           4  exti.o(.data)
    EXTI8_RaisingCallback                    0x20000c28   Data           4  exti.o(.data)
    EXTI9_RaisingCallback                    0x20000c2c   Data           4  exti.o(.data)
    EXTI10_RaisingCallback                   0x20000c30   Data           4  exti.o(.data)
    EXTI11_RaisingCallback                   0x20000c34   Data           4  exti.o(.data)
    EXTI12_RaisingCallback                   0x20000c38   Data           4  exti.o(.data)
    EXTI13_RaisingCallback                   0x20000c3c   Data           4  exti.o(.data)
    EXTI14_RaisingCallback                   0x20000c40   Data           4  exti.o(.data)
    EXTI15_RaisingCallback                   0x20000c44   Data           4  exti.o(.data)
    EXTI0_FallingCallback                    0x20000c48   Data           4  exti.o(.data)
    EXTI1_FallingCallback                    0x20000c4c   Data           4  exti.o(.data)
    EXTI2_FallingCallback                    0x20000c50   Data           4  exti.o(.data)
    EXTI3_FallingCallback                    0x20000c54   Data           4  exti.o(.data)
    EXTI4_FallingCallback                    0x20000c58   Data           4  exti.o(.data)
    EXTI5_FallingCallback                    0x20000c5c   Data           4  exti.o(.data)
    EXTI6_FallingCallback                    0x20000c60   Data           4  exti.o(.data)
    EXTI7_FallingCallback                    0x20000c64   Data           4  exti.o(.data)
    EXTI8_FallingCallback                    0x20000c68   Data           4  exti.o(.data)
    EXTI9_FallingCallback                    0x20000c6c   Data           4  exti.o(.data)
    EXTI10_FallingCallback                   0x20000c70   Data           4  exti.o(.data)
    EXTI11_FallingCallback                   0x20000c74   Data           4  exti.o(.data)
    EXTI12_FallingCallback                   0x20000c78   Data           4  exti.o(.data)
    EXTI13_FallingCallback                   0x20000c7c   Data           4  exti.o(.data)
    EXTI14_FallingCallback                   0x20000c80   Data           4  exti.o(.data)
    EXTI15_FallingCallback                   0x20000c84   Data           4  exti.o(.data)
    EXTI0_Port                               0x20000c88   Data           4  exti.o(.data)
    EXTI1_Port                               0x20000c8c   Data           4  exti.o(.data)
    EXTI2_Port                               0x20000c90   Data           4  exti.o(.data)
    EXTI3_Port                               0x20000c94   Data           4  exti.o(.data)
    EXTI4_Port                               0x20000c98   Data           4  exti.o(.data)
    EXTI5_Port                               0x20000c9c   Data           4  exti.o(.data)
    EXTI6_Port                               0x20000ca0   Data           4  exti.o(.data)
    EXTI7_Port                               0x20000ca4   Data           4  exti.o(.data)
    EXTI8_Port                               0x20000ca8   Data           4  exti.o(.data)
    EXTI9_Port                               0x20000cac   Data           4  exti.o(.data)
    EXTI10_Port                              0x20000cb0   Data           4  exti.o(.data)
    EXTI11_Port                              0x20000cb4   Data           4  exti.o(.data)
    EXTI12_Port                              0x20000cb8   Data           4  exti.o(.data)
    EXTI13_Port                              0x20000cbc   Data           4  exti.o(.data)
    EXTI14_Port                              0x20000cc0   Data           4  exti.o(.data)
    EXTI15_Port                              0x20000cc4   Data           4  exti.o(.data)
    EXTI_Initialized                         0x20000cc8   Data           1  exti.o(.data)
    GPIO_InitStructure                       0x20000ccc   Data           4  common.o(.data)
    EXTI_InitStruct                          0x20000cd0   Data           8  common.o(.data)
    NVIC_InitStruct                          0x20000cd8   Data           4  common.o(.data)
    TIM1_Initialized                         0x20000cdc   Data           1  tim.o(.data)
    TIM2_Initialized                         0x20000cdd   Data           1  tim.o(.data)
    TIM2_Period                              0x20000cde   Data           2  tim.o(.data)
    TIM3_Initialized                         0x20000ce0   Data           1  tim.o(.data)
    TIM3_Period                              0x20000ce2   Data           2  tim.o(.data)
    TIM4_Initialized                         0x20000ce4   Data           1  tim.o(.data)
    Stopwatch1_Data                          0x20000ce6   Data           6  stopwatch.o(.data)
    Stopwatch2_Data                          0x20000cec   Data           6  stopwatch.o(.data)
    Stopwatch3_Data                          0x20000cf2   Data           6  stopwatch.o(.data)
    Stopwatch4_Data                          0x20000cf8   Data           6  stopwatch.o(.data)
    Stopwatch5_Data                          0x20000cfe   Data           6  stopwatch.o(.data)
    Stopwatch6_Data                          0x20000d04   Data           6  stopwatch.o(.data)
    Stopwatch7_Data                          0x20000d0a   Data           6  stopwatch.o(.data)
    Stopwatch8_Data                          0x20000d10   Data           6  stopwatch.o(.data)
    titanapi                                 0x20000d18   Data         180  main.o(.bss)
    TIM_TimeBaseInitStructure                0x20000dcc   Data          10  common.o(.bss)
    TIM_OCInitStructure                      0x20000dd6   Data          16  common.o(.bss)
    EventTimer1_Data                         0x20000de8   Data          20  eventtimer.o(.bss)
    EventTimer2_Data                         0x20000dfc   Data          20  eventtimer.o(.bss)
    EventTimer3_Data                         0x20000e10   Data          20  eventtimer.o(.bss)
    EventTimer4_Data                         0x20000e24   Data          20  eventtimer.o(.bss)
    EventTimer5_Data                         0x20000e38   Data          20  eventtimer.o(.bss)
    EventTimer6_Data                         0x20000e4c   Data          20  eventtimer.o(.bss)
    EventTimer7_Data                         0x20000e60   Data          20  eventtimer.o(.bss)
    EventTimer8_Data                         0x20000e74   Data          20  eventtimer.o(.bss)
    __libspace_start                         0x20000e88   Data          96  libspace.o(.bss)
    __temporary_stack_top$libspace           0x20000ee8   Data           0  libspace.o(.bss)



==============================================================================

Memory Map of the image

  Image Entry point : 0x080040ed

  Load Region LR_IROM1 (Base: 0x08004000, Size: 0x000017d0, Max: 0x00002800, ABSOLUTE)

    Execution Region ER_IROM1 (Exec base: 0x08004000, Load base: 0x08004000, Size: 0x000016b8, Max: 0x00002800, ABSOLUTE)

    Exec Addr    Load Addr    Size         Type   Attr      Idx    E Section Name        Object

    0x08004000   0x08004000   0x000000ec   Data   RO         3133    RESET               startup_stm32f10x_md.o
    0x080040ec   0x080040ec   0x00000008   Code   RO         3188  * !!!main             c_w.l(__main.o)
    0x080040f4   0x080040f4   0x00000034   Code   RO         3345    !!!scatter          c_w.l(__scatter.o)
    0x08004128   0x08004128   0x0000001a   Code   RO         3347    !!handler_copy      c_w.l(__scatter_copy.o)
    0x08004142   0x08004142   0x00000002   PAD
    0x08004144   0x08004144   0x0000001c   Code   RO         3349    !!handler_zi        c_w.l(__scatter_zi.o)
    0x08004160   0x08004160   0x00000002   Code   RO         3215    .ARM.Collect$$libinit$$00000000  c_w.l(libinit.o)
    0x08004162   0x08004162   0x00000000   Code   RO         3222    .ARM.Collect$$libinit$$00000002  c_w.l(libinit2.o)
    0x08004162   0x08004162   0x00000000   Code   RO         3224    .ARM.Collect$$libinit$$00000004  c_w.l(libinit2.o)
    0x08004162   0x08004162   0x00000000   Code   RO         3227    .ARM.Collect$$libinit$$0000000A  c_w.l(libinit2.o)
    0x08004162   0x08004162   0x00000000   Code   RO         3229    .ARM.Collect$$libinit$$0000000C  c_w.l(libinit2.o)
    0x08004162   0x08004162   0x00000000   Code   RO         3231    .ARM.Collect$$libinit$$0000000E  c_w.l(libinit2.o)
    0x08004162   0x08004162   0x00000000   Code   RO         3234    .ARM.Collect$$libinit$$00000011  c_w.l(libinit2.o)
    0x08004162   0x08004162   0x00000000   Code   RO         3236    .ARM.Collect$$libinit$$00000013  c_w.l(libinit2.o)
    0x08004162   0x08004162   0x00000000   Code   RO         3238    .ARM.Collect$$libinit$$00000015  c_w.l(libinit2.o)
    0x08004162   0x08004162   0x00000000   Code   RO         3240    .ARM.Collect$$libinit$$00000017  c_w.l(libinit2.o)
    0x08004162   0x08004162   0x00000000   Code   RO         3242    .ARM.Collect$$libinit$$00000019  c_w.l(libinit2.o)
    0x08004162   0x08004162   0x00000000   Code   RO         3244    .ARM.Collect$$libinit$$0000001B  c_w.l(libinit2.o)
    0x08004162   0x08004162   0x00000000   Code   RO         3246    .ARM.Collect$$libinit$$0000001D  c_w.l(libinit2.o)
    0x08004162   0x08004162   0x00000000   Code   RO         3248    .ARM.Collect$$libinit$$0000001F  c_w.l(libinit2.o)
    0x08004162   0x08004162   0x00000000   Code   RO         3250    .ARM.Collect$$libinit$$00000021  c_w.l(libinit2.o)
    0x08004162   0x08004162   0x00000000   Code   RO         3252    .ARM.Collect$$libinit$$00000023  c_w.l(libinit2.o)
    0x08004162   0x08004162   0x00000000   Code   RO         3254    .ARM.Collect$$libinit$$00000025  c_w.l(libinit2.o)
    0x08004162   0x08004162   0x00000000   Code   RO         3258    .ARM.Collect$$libinit$$0000002C  c_w.l(libinit2.o)
    0x08004162   0x08004162   0x00000000   Code   RO         3260    .ARM.Collect$$libinit$$0000002E  c_w.l(libinit2.o)
    0x08004162   0x08004162   0x00000000   Code   RO         3262    .ARM.Collect$$libinit$$00000030  c_w.l(libinit2.o)
    0x08004162   0x08004162   0x00000000   Code   RO         3264    .ARM.Collect$$libinit$$00000032  c_w.l(libinit2.o)
    0x08004162   0x08004162   0x00000002   Code   RO         3265    .ARM.Collect$$libinit$$00000033  c_w.l(libinit2.o)
    0x08004164   0x08004164   0x00000002   Code   RO         3285    .ARM.Collect$$libshutdown$$00000000  c_w.l(libshutdown.o)
    0x08004166   0x08004166   0x00000000   Code   RO         3298    .ARM.Collect$$libshutdown$$00000002  c_w.l(libshutdown2.o)
    0x08004166   0x08004166   0x00000000   Code   RO         3300    .ARM.Collect$$libshutdown$$00000004  c_w.l(libshutdown2.o)
    0x08004166   0x08004166   0x00000000   Code   RO         3303    .ARM.Collect$$libshutdown$$00000007  c_w.l(libshutdown2.o)
    0x08004166   0x08004166   0x00000000   Code   RO         3306    .ARM.Collect$$libshutdown$$0000000A  c_w.l(libshutdown2.o)
    0x08004166   0x08004166   0x00000000   Code   RO         3308    .ARM.Collect$$libshutdown$$0000000C  c_w.l(libshutdown2.o)
    0x08004166   0x08004166   0x00000000   Code   RO         3311    .ARM.Collect$$libshutdown$$0000000F  c_w.l(libshutdown2.o)
    0x08004166   0x08004166   0x00000002   Code   RO         3312    .ARM.Collect$$libshutdown$$00000010  c_w.l(libshutdown2.o)
    0x08004168   0x08004168   0x00000000   Code   RO         3190    .ARM.Collect$$rtentry$$00000000  c_w.l(__rtentry.o)
    0x08004168   0x08004168   0x00000000   Code   RO         3192    .ARM.Collect$$rtentry$$00000002  c_w.l(__rtentry2.o)
    0x08004168   0x08004168   0x00000006   Code   RO         3204    .ARM.Collect$$rtentry$$00000004  c_w.l(__rtentry4.o)
    0x0800416e   0x0800416e   0x00000000   Code   RO         3194    .ARM.Collect$$rtentry$$00000009  c_w.l(__rtentry2.o)
    0x0800416e   0x0800416e   0x00000004   Code   RO         3195    .ARM.Collect$$rtentry$$0000000A  c_w.l(__rtentry2.o)
    0x08004172   0x08004172   0x00000000   Code   RO         3197    .ARM.Collect$$rtentry$$0000000C  c_w.l(__rtentry2.o)
    0x08004172   0x08004172   0x00000008   Code   RO         3198    .ARM.Collect$$rtentry$$0000000D  c_w.l(__rtentry2.o)
    0x0800417a   0x0800417a   0x00000002   Code   RO         3219    .ARM.Collect$$rtexit$$00000000  c_w.l(rtexit.o)
    0x0800417c   0x0800417c   0x00000000   Code   RO         3267    .ARM.Collect$$rtexit$$00000002  c_w.l(rtexit2.o)
    0x0800417c   0x0800417c   0x00000004   Code   RO         3268    .ARM.Collect$$rtexit$$00000003  c_w.l(rtexit2.o)
    0x08004180   0x08004180   0x00000006   Code   RO         3269    .ARM.Collect$$rtexit$$00000004  c_w.l(rtexit2.o)
    0x08004186   0x08004186   0x00000002   PAD
    0x08004188   0x08004188   0x00000040   Code   RO         3134    .text               startup_stm32f10x_md.o
    0x080041c8   0x080041c8   0x00000006   Code   RO         3186    .text               c_w.l(heapauxi.o)
    0x080041ce   0x080041ce   0x0000004a   Code   RO         3206    .text               c_w.l(sys_stackheap_outer.o)
    0x08004218   0x08004218   0x00000012   Code   RO         3208    .text               c_w.l(exit.o)
    0x0800422a   0x0800422a   0x00000002   PAD
    0x0800422c   0x0800422c   0x00000008   Code   RO         3216    .text               c_w.l(libspace.o)
    0x08004234   0x08004234   0x0000000c   Code   RO         3277    .text               c_w.l(sys_exit.o)
    0x08004240   0x08004240   0x00000002   Code   RO         3288    .text               c_w.l(use_no_semi.o)
    0x08004242   0x08004242   0x00000000   Code   RO         3290    .text               c_w.l(indicate_semi.o)
    0x08004242   0x08004242   0x00000058   Code   RO         1220    i.CalculateEllipsedTime  stopwatch.o
    0x0800429a   0x0800429a   0x0000005a   Code   RO         1172    i.CalculateTargetCNT  eventtimer.o
    0x080042f4   0x080042f4   0x00000030   Code   RO          581    i.CheckEventTimer   tim.o
    0x08004324   0x08004324   0x00000012   Code   RO          582    i.DecreaseIteration_EventTimer  tim.o
    0x08004336   0x08004336   0x00000002   PAD
    0x08004338   0x08004338   0x00000044   Code   RO          399    i.EXTI0_IRQHandler  exti.o
    0x0800437c   0x0800437c   0x000001a8   Code   RO          400    i.EXTI15_10_IRQHandler  exti.o
    0x08004524   0x08004524   0x00000044   Code   RO          401    i.EXTI1_IRQHandler  exti.o
    0x08004568   0x08004568   0x00000044   Code   RO          402    i.EXTI2_IRQHandler  exti.o
    0x080045ac   0x080045ac   0x00000044   Code   RO          403    i.EXTI3_IRQHandler  exti.o
    0x080045f0   0x080045f0   0x00000044   Code   RO          404    i.EXTI4_IRQHandler  exti.o
    0x08004634   0x08004634   0x0000014c   Code   RO          405    i.EXTI9_5_IRQHandler  exti.o
    0x08004780   0x08004780   0x0000000c   Code   RO         1421    i.EXTI_ClearITPendingBit  stm32f10x_exti.o
    0x0800478c   0x0800478c   0x00000028   Code   RO         1425    i.EXTI_GetITStatus  stm32f10x_exti.o
    0x080047b4   0x080047b4   0x000001ec   Code   RO         1173    i.Event_Register    eventtimer.o
    0x080049a0   0x080049a0   0x0000002a   Code   RO         1174    i.FilterDuration    eventtimer.o
    0x080049ca   0x080049ca   0x00000116   Code   RO         1678    i.GPIO_Init         stm32f10x_gpio.o
    0x08004ae0   0x08004ae0   0x00000028   Code   RO          768    i.GPIO_PC13_Digital_OUT  gpio.o
    0x08004b08   0x08004b08   0x00000012   Code   RO         1682    i.GPIO_ReadInputDataBit  stm32f10x_gpio.o
    0x08004b1a   0x08004b1a   0x0000000e   Code   RO          583    i.IncreaseIteration_Stopwatch  tim.o
    0x08004b28   0x08004b28   0x000000f0   Code   RO          170    i.InitializeAPI     apifunctions.o
    0x08004c18   0x08004c18   0x00000014   Code   RO          216    i.LED_OFF           boardsupport.o
    0x08004c2c   0x08004c2c   0x00000014   Code   RO          217    i.LED_ON            boardsupport.o
    0x08004c40   0x08004c40   0x00000070   Code   RO         1372    i.NVIC_Init         misc.o
    0x08004cb0   0x08004cb0   0x0000000c   Code   RO            5    i.OnClockReset      main.o
    0x08004cbc   0x08004cbc   0x00000034   Code   RO          171    i.OnUSBDataRecieved  apifunctions.o
    0x08004cf0   0x08004cf0   0x00000020   Code   RO         2016    i.RCC_APB1PeriphClockCmd  stm32f10x_rcc.o
    0x08004d10   0x08004d10   0x00000020   Code   RO         2017    i.RCC_APB1PeriphResetCmd  stm32f10x_rcc.o
    0x08004d30   0x08004d30   0x00000020   Code   RO         2018    i.RCC_APB2PeriphClockCmd  stm32f10x_rcc.o
    0x08004d50   0x08004d50   0x00000020   Code   RO         2019    i.RCC_APB2PeriphResetCmd  stm32f10x_rcc.o
    0x08004d70   0x08004d70   0x00000010   Code   RO         1309    i.RunApp            applauncher.o
    0x08004d80   0x08004d80   0x00000002   Code   RO          173    i.Serial_Send       apifunctions.o
    0x08004d82   0x08004d82   0x0000001e   Code   RO         1175    i.SetEventData      eventtimer.o
    0x08004da0   0x08004da0   0x00000008   Code   RO         3141    i.SetSysClock       system_stm32f10x.o
    0x08004da8   0x08004da8   0x000000e0   Code   RO         3142    i.SetSysClockTo72   system_stm32f10x.o
    0x08004e88   0x08004e88   0x0000000c   Code   RO         1221    i.Set_Stopwatch_StartData  stopwatch.o
    0x08004e94   0x08004e94   0x0000014c   Code   RO         1223    i.Stopwatch_GetTime  stopwatch.o
    0x08004fe0   0x08004fe0   0x000000ac   Code   RO         1224    i.Stopwatch_Start   stopwatch.o
    0x0800508c   0x0800508c   0x00000060   Code   RO         3144    i.SystemInit        system_stm32f10x.o
    0x080050ec   0x080050ec   0x00000010   Code   RO          585    i.TIM2_CCR1_Trigger  tim.o
    0x080050fc   0x080050fc   0x00000010   Code   RO          586    i.TIM2_CCR2_Trigger  tim.o
    0x0800510c   0x0800510c   0x00000010   Code   RO          587    i.TIM2_CCR3_Trigger  tim.o
    0x0800511c   0x0800511c   0x00000010   Code   RO          588    i.TIM2_CCR4_Trigger  tim.o
    0x0800512c   0x0800512c   0x000000b0   Code   RO          589    i.TIM2_Init         tim.o
    0x080051dc   0x080051dc   0x00000054   Code   RO          590    i.TIM2_OnUpdate     tim.o
    0x08005230   0x08005230   0x00000010   Code   RO          591    i.TIM3_CCR1_Trigger  tim.o
    0x08005240   0x08005240   0x00000010   Code   RO          592    i.TIM3_CCR2_Trigger  tim.o
    0x08005250   0x08005250   0x00000010   Code   RO          593    i.TIM3_CCR3_Trigger  tim.o
    0x08005260   0x08005260   0x00000010   Code   RO          594    i.TIM3_CCR4_Trigger  tim.o
    0x08005270   0x08005270   0x000000ac   Code   RO          595    i.TIM3_Init         tim.o
    0x0800531c   0x0800531c   0x00000054   Code   RO          596    i.TIM3_OnUpdate     tim.o
    0x08005370   0x08005370   0x00000018   Code   RO         2398    i.TIM_Cmd           stm32f10x_tim.o
    0x08005388   0x08005388   0x000001e8   Code   RO         2403    i.TIM_DeInit        stm32f10x_tim.o
    0x08005570   0x08005570   0x00000012   Code   RO         2423    i.TIM_ITConfig      stm32f10x_tim.o
    0x08005582   0x08005582   0x00000002   PAD
    0x08005584   0x08005584   0x000000a4   Code   RO         2469    i.TIM_TimeBaseInit  stm32f10x_tim.o
    0x08005628   0x08005628   0x00000012   Code   RO         2470    i.TIM_TimeBaseStructInit  stm32f10x_tim.o
    0x0800563a   0x0800563a   0x00000002   PAD
    0x0800563c   0x0800563c   0x00000014   Code   RO          218    i.ToggleLED         boardsupport.o
    0x08005650   0x08005650   0x00000048   Code   RO            7    i.main              main.o
    0x08005698   0x08005698   0x00000020   Data   RO         3343    Region$$Table       anon$$obj.o


    Execution Region RW_IRAM1 (Exec base: 0x20000c00, Load base: 0x080056b8, Size: 0x000008e8, Max: 0x00000c00, ABSOLUTE)

    Exec Addr    Load Addr    Size         Type   Attr      Idx    E Section Name        Object

    0x20000c00   0x080056b8   0x00000008   Data   RW            9    .data               main.o
    0x20000c08   0x080056c0   0x000000c1   Data   RW          410    .data               exti.o
    0x20000cc9   0x08005781   0x00000003   PAD
    0x20000ccc   0x08005784   0x00000010   Data   RW          557    .data               common.o
    0x20000cdc   0x08005794   0x00000009   Data   RW          598    .data               tim.o
    0x20000ce5   0x0800579d   0x00000001   PAD
    0x20000ce6   0x0800579e   0x00000030   Data   RW         1225    .data               stopwatch.o
    0x20000d16   0x080057ce   0x00000002   PAD
    0x20000d18        -       0x000000b4   Zero   RW            8    .bss                main.o
    0x20000dcc        -       0x0000001a   Zero   RW          556    .bss                common.o
    0x20000de6   0x080057ce   0x00000002   PAD
    0x20000de8        -       0x000000a0   Zero   RW         1176    .bss                eventtimer.o
    0x20000e88        -       0x00000060   Zero   RW         3217    .bss                c_w.l(libspace.o)
    0x20000ee8        -       0x00000200   Zero   RW         3132    HEAP                startup_stm32f10x_md.o
    0x200010e8        -       0x00000400   Zero   RW         3131    STACK               startup_stm32f10x_md.o


==============================================================================

Image component sizes


      Code (inc. data)   RO Data    RW Data    ZI Data      Debug   Object Name

       294         90          0          0          0       1198   apifunctions.o
        16          4          0          0          0        453   applauncher.o
        60         18          0          0          0       1063   boardsupport.o
         0          0          0         16         26        427   common.o
       654         50          0          0        160       3848   eventtimer.o
      1096        204          0        193          0       6608   exti.o
        40          8          0          0          0        448   gpio.o
        84         22          0          8        180     246554   main.o
       112         12          0          0          0       1336   misc.o
        64         26        236          0       1536        788   startup_stm32f10x_md.o
        52         12          0          0          0       1260   stm32f10x_exti.o
       296          0          0          0          0       2968   stm32f10x_gpio.o
       128         24          0          0          0       2532   stm32f10x_rcc.o
       712        106          0          0          0       4218   stm32f10x_tim.o
       604         82          0         48          0       6170   stopwatch.o
       328         28          0          0          0       1997   system_stm32f10x.o
       724        138          0          9          0       7413   tim.o

    ----------------------------------------------------------------------
      5270        824        268        280       1904     289281   Object Totals
         0          0         32          0          0          0   (incl. Generated)
         6          0          0          6          2          0   (incl. Padding)

    ----------------------------------------------------------------------

      Code (inc. data)   RO Data    RW Data    ZI Data      Debug   Library Member Name

         8          0          0          0          0         68   __main.o
         0          0          0          0          0          0   __rtentry.o
        12          0          0          0          0          0   __rtentry2.o
         6          0          0          0          0          0   __rtentry4.o
        52          8          0          0          0          0   __scatter.o
        26          0          0          0          0          0   __scatter_copy.o
        28          0          0          0          0          0   __scatter_zi.o
        18          0          0          0          0         80   exit.o
         6          0          0          0          0        152   heapauxi.o
         0          0          0          0          0          0   indicate_semi.o
         2          0          0          0          0          0   libinit.o
         2          0          0          0          0          0   libinit2.o
         2          0          0          0          0          0   libshutdown.o
         2          0          0          0          0          0   libshutdown2.o
         8          4          0          0         96         68   libspace.o
         2          0          0          0          0          0   rtexit.o
        10          0          0          0          0          0   rtexit2.o
        12          4          0          0          0         68   sys_exit.o
        74          0          0          0          0         80   sys_stackheap_outer.o
         2          0          0          0          0         68   use_no_semi.o

    ----------------------------------------------------------------------
       278         16          0          0         96        584   Library Totals
         6          0          0          0          0          0   (incl. Padding)

    ----------------------------------------------------------------------

      Code (inc. data)   RO Data    RW Data    ZI Data      Debug   Library Name

       272         16          0          0         96        584   c_w.l

    ----------------------------------------------------------------------
       278         16          0          0         96        584   Library Totals

    ----------------------------------------------------------------------

==============================================================================


      Code (inc. data)   RO Data    RW Data    ZI Data      Debug   

      5548        840        268        280       2000     286949   Grand Totals
      5548        840        268        280       2000     286949   ELF Image Totals
      5548        840        268        280          0          0   ROM Totals

==============================================================================

    Total RO  Size (Code + RO Data)                 5816 (   5.68kB)
    Total RW  Size (RW Data + ZI Data)              2280 (   2.23kB)
    Total ROM Size (Code + RO Data + RW Data)       6096 (   5.95kB)

==============================================================================

