Component: ARM Compiler 5.06 update 6 (build 750) Tool: armlink [4d35ed]

==============================================================================

Section Cross References

    main.o(i.Loop) refers to main.o(.data) for titanapi
    main.o(i.main) refers to apifunctions.o(i.InitializeAPI) for InitializeAPI
    main.o(i.main) refers to main.o(.constdata) for .constdata
    main.o(i.main) refers to main.o(.data) for titanapi
    main.o(i.main) refers to main.o(i.Loop) for Loop
    apifunctions.o(i.InitializeAPI) refers to apifunctions.o(i.OnSerialDataReceived) for OnSerialDataReceived
    apifunctions.o(i.InitializeAPI) refers to main.o(.data) for titanapi
    apifunctions.o(i.OnSerialDataReceived) refers to catlib.o(i.HeaderCmp) for HeaderCmp
    apifunctions.o(i.OnSerialDataReceived) refers to simulator.o(i.CheckSimulatorCommand) for CheckSimulatorCommand
    apifunctions.o(i.OnSerialDataReceived) refers to remotecontrol.o(i.CheckManualCommand) for CheckManualCommand
    apifunctions.o(i.OnSerialDataReceived) refers to sensortest.o(i.CheckSensorTestCommand) for CheckSensorTestCommand
    apifunctions.o(i.OnSerialDataReceived) refers to main.o(.data) for titanapi
    irarray.o(i.Clear_Flags) refers to irarray.o(.data) for Left_dt
    irarray.o(i.IRArray_CalculateError) refers to irarray.o(.data) for IRArray
    irarray.o(i.IRArray_ProcessData) refers to irarray.o(.data) for i
    irarray.o(i.IRArray_Update) refers to irarray.o(i.IRArray_ProcessData) for IRArray_ProcessData
    irarray.o(i.IRArray_Update) refers to irarray.o(i.IRArray_UpdateLineDefination) for IRArray_UpdateLineDefination
    irarray.o(i.IRArray_Update) refers to irarray.o(i.IRArray_UpdateSingleLineExist) for IRArray_UpdateSingleLineExist
    irarray.o(i.IRArray_Update) refers to irarray.o(i.IRArray_CalculateError) for IRArray_CalculateError
    irarray.o(i.IRArray_Update) refers to irarray.o(i.IRArray_Calculate_dt) for IRArray_Calculate_dt
    irarray.o(i.IRArray_Update) refers to irarray.o(i.IRArray_UpdatePattern) for IRArray_UpdatePattern
    irarray.o(i.IRArray_UpdateLineDefination) refers to irarray.o(.data) for IRArray
    irarray.o(i.IRArray_UpdatePattern) refers to irarray.o(.data) for IRArray
    irarray.o(i.IRArray_UpdateSingleLineExist) refers to irarray.o(.data) for lineexisttemp
    lineanalyzer.o(i.Analyze) refers to lineanalyzer.o(i.Decide) for Decide
    lineanalyzer.o(i.Analyze) refers to planner.o(i.Planner_LineEnd) for Planner_LineEnd
    lineanalyzer.o(i.Analyze) refers to lineanalyzer.o(i.Clear) for Clear
    lineanalyzer.o(i.Analyze) refers to irarray.o(.data) for IRArray
    lineanalyzer.o(i.Analyze) refers to lineanalyzer.o(.data) for L
    lineanalyzer.o(i.Clear) refers to lineanalyzer.o(.data) for L
    lineanalyzer.o(i.Decide) refers to planner.o(i.Planner_Junction_LeftL) for Planner_Junction_LeftL
    lineanalyzer.o(i.Decide) refers to lineanalyzer.o(i.Clear) for Clear
    lineanalyzer.o(i.Decide) refers to planner.o(i.Planner_Junction_RightL) for Planner_Junction_RightL
    lineanalyzer.o(i.Decide) refers to planner.o(i.Planner_Junction_LeftT) for Planner_Junction_LeftT
    lineanalyzer.o(i.Decide) refers to planner.o(i.Planner_Junction_RightT) for Planner_Junction_RightT
    lineanalyzer.o(i.Decide) refers to planner.o(i.Planner_Junction_Plus) for Planner_Junction_Plus
    lineanalyzer.o(i.Decide) refers to planner.o(i.Planner_TwoWay) for Planner_TwoWay
    lineanalyzer.o(i.Decide) refers to lineanalyzer.o(.data) for L
    sensortest.o(i.CheckSensorTestCommand) refers to catlib.o(i.HeaderCmp) for HeaderCmp
    sensortest.o(i.CheckSensorTestCommand) refers to main.o(.data) for titanapi
    simulator.o(i.CheckSimulatorCommand) refers to catlib.o(i.HeaderCmp) for HeaderCmp
    simulator.o(i.CheckSimulatorCommand) refers to main.o(.data) for titanapi
    remotecontrol.o(i.CheckManualCommand) refers to catlib.o(i.HeaderCmp) for HeaderCmp
    remotecontrol.o(i.CheckManualCommand) refers to main.o(.data) for titanapi
    buzzer.o(i.Buzzer_Beep_430) refers to buzzer.o(i.Buzzer_Beep) for Buzzer_Beep
    buzzer.o(i.Buzzer_Beep_470) refers to buzzer.o(i.Buzzer_Beep) for Buzzer_Beep
    buzzer.o(i.Buzzer_Beep_500) refers to buzzer.o(i.Buzzer_Beep) for Buzzer_Beep
    buzzer.o(i.Buzzer_Beep_530) refers to buzzer.o(i.Buzzer_Beep) for Buzzer_Beep
    buzzer.o(i.Buzzer_Beep_540) refers to buzzer.o(i.Buzzer_Beep) for Buzzer_Beep
    startup_stm32f10x_md.o(STACK) refers (Special) to heapauxi.o(.text) for __use_two_region_memory
    startup_stm32f10x_md.o(HEAP) refers (Special) to heapauxi.o(.text) for __use_two_region_memory
    startup_stm32f10x_md.o(RESET) refers (Special) to heapauxi.o(.text) for __use_two_region_memory
    startup_stm32f10x_md.o(RESET) refers to startup_stm32f10x_md.o(STACK) for __initial_sp
    startup_stm32f10x_md.o(RESET) refers to startup_stm32f10x_md.o(.text) for Reset_Handler
    startup_stm32f10x_md.o(.text) refers (Special) to heapauxi.o(.text) for __use_two_region_memory
    startup_stm32f10x_md.o(.text) refers to system_stm32f10x.o(i.SystemInit) for SystemInit
    startup_stm32f10x_md.o(.text) refers to __main.o(!!!main) for __main
    startup_stm32f10x_md.o(.text) refers to startup_stm32f10x_md.o(HEAP) for Heap_Mem
    startup_stm32f10x_md.o(.text) refers to startup_stm32f10x_md.o(STACK) for Stack_Mem
    system_stm32f10x.o(i.SetSysClock) refers to system_stm32f10x.o(i.SetSysClockTo72) for SetSysClockTo72
    system_stm32f10x.o(i.SystemCoreClockUpdate) refers to system_stm32f10x.o(.data) for SystemCoreClock
    system_stm32f10x.o(i.SystemInit) refers to system_stm32f10x.o(i.SetSysClock) for SetSysClock
    __main.o(!!!main) refers to __rtentry.o(.ARM.Collect$$rtentry$$00000000) for __rt_entry
    __rtentry.o(.ARM.Collect$$rtentry$$00000000) refers (Special) to __rtentry2.o(.ARM.Collect$$rtentry$$0000000A) for __rt_entry_li
    __rtentry.o(.ARM.Collect$$rtentry$$00000000) refers (Special) to __rtentry2.o(.ARM.Collect$$rtentry$$0000000D) for __rt_entry_main
    __rtentry.o(.ARM.Collect$$rtentry$$00000000) refers (Special) to __rtentry2.o(.ARM.Collect$$rtentry$$0000000C) for __rt_entry_postli_1
    __rtentry.o(.ARM.Collect$$rtentry$$00000000) refers (Special) to __rtentry2.o(.ARM.Collect$$rtentry$$00000009) for __rt_entry_postsh_1
    __rtentry.o(.ARM.Collect$$rtentry$$00000000) refers (Special) to __rtentry2.o(.ARM.Collect$$rtentry$$00000002) for __rt_entry_presh_1
    __rtentry.o(.ARM.Collect$$rtentry$$00000000) refers (Special) to __rtentry4.o(.ARM.Collect$$rtentry$$00000004) for __rt_entry_sh
    __rtentry2.o(.ARM.Collect$$rtentry$$00000008) refers to boardinit2.o(.text) for _platform_post_stackheap_init
    __rtentry2.o(.ARM.Collect$$rtentry$$0000000A) refers to libinit.o(.ARM.Collect$$libinit$$00000000) for __rt_lib_init
    __rtentry2.o(.ARM.Collect$$rtentry$$0000000B) refers to boardinit3.o(.text) for _platform_post_lib_init
    __rtentry2.o(.ARM.Collect$$rtentry$$0000000D) refers to main.o(i.main) for main
    __rtentry2.o(.ARM.Collect$$rtentry$$0000000D) refers to exit.o(.text) for exit
    __rtentry2.o(.ARM.exidx) refers to __rtentry2.o(.ARM.Collect$$rtentry$$00000001) for .ARM.Collect$$rtentry$$00000001
    __rtentry2.o(.ARM.exidx) refers to __rtentry2.o(.ARM.Collect$$rtentry$$00000008) for .ARM.Collect$$rtentry$$00000008
    __rtentry2.o(.ARM.exidx) refers to __rtentry2.o(.ARM.Collect$$rtentry$$0000000A) for .ARM.Collect$$rtentry$$0000000A
    __rtentry2.o(.ARM.exidx) refers to __rtentry2.o(.ARM.Collect$$rtentry$$0000000B) for .ARM.Collect$$rtentry$$0000000B
    __rtentry2.o(.ARM.exidx) refers to __rtentry2.o(.ARM.Collect$$rtentry$$0000000D) for .ARM.Collect$$rtentry$$0000000D
    __rtentry4.o(.ARM.Collect$$rtentry$$00000004) refers to sys_stackheap_outer.o(.text) for __user_setup_stackheap
    __rtentry4.o(.ARM.exidx) refers to __rtentry4.o(.ARM.Collect$$rtentry$$00000004) for .ARM.Collect$$rtentry$$00000004
    sys_stackheap_outer.o(.text) refers to libspace.o(.text) for __user_perproc_libspace
    sys_stackheap_outer.o(.text) refers to startup_stm32f10x_md.o(.text) for __user_initial_stackheap
    exit.o(.text) refers to rtexit.o(.ARM.Collect$$rtexit$$00000000) for __rt_exit
    libinit.o(.ARM.Collect$$libinit$$00000000) refers (Special) to libinit2.o(.ARM.Collect$$libinit$$0000002E) for __rt_lib_init_alloca_1
    libinit.o(.ARM.Collect$$libinit$$00000000) refers (Special) to libinit2.o(.ARM.Collect$$libinit$$0000002C) for __rt_lib_init_argv_1
    libinit.o(.ARM.Collect$$libinit$$00000000) refers (Special) to libinit2.o(.ARM.Collect$$libinit$$0000001B) for __rt_lib_init_atexit_1
    libinit.o(.ARM.Collect$$libinit$$00000000) refers (Special) to libinit2.o(.ARM.Collect$$libinit$$00000021) for __rt_lib_init_clock_1
    libinit.o(.ARM.Collect$$libinit$$00000000) refers (Special) to libinit2.o(.ARM.Collect$$libinit$$00000032) for __rt_lib_init_cpp_1
    libinit.o(.ARM.Collect$$libinit$$00000000) refers (Special) to libinit2.o(.ARM.Collect$$libinit$$00000030) for __rt_lib_init_exceptions_1
    libinit.o(.ARM.Collect$$libinit$$00000000) refers (Special) to libinit2.o(.ARM.Collect$$libinit$$00000002) for __rt_lib_init_fp_1
    libinit.o(.ARM.Collect$$libinit$$00000000) refers (Special) to libinit2.o(.ARM.Collect$$libinit$$0000001F) for __rt_lib_init_fp_trap_1
    libinit.o(.ARM.Collect$$libinit$$00000000) refers (Special) to libinit2.o(.ARM.Collect$$libinit$$00000023) for __rt_lib_init_getenv_1
    libinit.o(.ARM.Collect$$libinit$$00000000) refers (Special) to libinit2.o(.ARM.Collect$$libinit$$0000000A) for __rt_lib_init_heap_1
    libinit.o(.ARM.Collect$$libinit$$00000000) refers (Special) to libinit2.o(.ARM.Collect$$libinit$$00000011) for __rt_lib_init_lc_collate_1
    libinit.o(.ARM.Collect$$libinit$$00000000) refers (Special) to libinit2.o(.ARM.Collect$$libinit$$00000013) for __rt_lib_init_lc_ctype_1
    libinit.o(.ARM.Collect$$libinit$$00000000) refers (Special) to libinit2.o(.ARM.Collect$$libinit$$00000015) for __rt_lib_init_lc_monetary_1
    libinit.o(.ARM.Collect$$libinit$$00000000) refers (Special) to libinit2.o(.ARM.Collect$$libinit$$00000017) for __rt_lib_init_lc_numeric_1
    libinit.o(.ARM.Collect$$libinit$$00000000) refers (Special) to libinit2.o(.ARM.Collect$$libinit$$00000019) for __rt_lib_init_lc_time_1
    libinit.o(.ARM.Collect$$libinit$$00000000) refers (Special) to libinit2.o(.ARM.Collect$$libinit$$00000004) for __rt_lib_init_preinit_1
    libinit.o(.ARM.Collect$$libinit$$00000000) refers (Special) to libinit2.o(.ARM.Collect$$libinit$$0000000E) for __rt_lib_init_rand_1
    libinit.o(.ARM.Collect$$libinit$$00000000) refers (Special) to libinit2.o(.ARM.Collect$$libinit$$00000033) for __rt_lib_init_return
    libinit.o(.ARM.Collect$$libinit$$00000000) refers (Special) to libinit2.o(.ARM.Collect$$libinit$$0000001D) for __rt_lib_init_signal_1
    libinit.o(.ARM.Collect$$libinit$$00000000) refers (Special) to libinit2.o(.ARM.Collect$$libinit$$00000025) for __rt_lib_init_stdio_1
    libinit.o(.ARM.Collect$$libinit$$00000000) refers (Special) to libinit2.o(.ARM.Collect$$libinit$$0000000C) for __rt_lib_init_user_alloc_1
    libspace.o(.text) refers to libspace.o(.bss) for __libspace_start
    rtexit.o(.ARM.Collect$$rtexit$$00000000) refers (Special) to rtexit2.o(.ARM.Collect$$rtexit$$00000004) for __rt_exit_exit
    rtexit.o(.ARM.Collect$$rtexit$$00000000) refers (Special) to rtexit2.o(.ARM.Collect$$rtexit$$00000003) for __rt_exit_ls
    rtexit.o(.ARM.Collect$$rtexit$$00000000) refers (Special) to rtexit2.o(.ARM.Collect$$rtexit$$00000002) for __rt_exit_prels_1
    rtexit.o(.ARM.exidx) refers (Special) to rtexit2.o(.ARM.Collect$$rtexit$$00000004) for __rt_exit_exit
    rtexit.o(.ARM.exidx) refers (Special) to rtexit2.o(.ARM.Collect$$rtexit$$00000003) for __rt_exit_ls
    rtexit.o(.ARM.exidx) refers (Special) to rtexit2.o(.ARM.Collect$$rtexit$$00000002) for __rt_exit_prels_1
    rtexit.o(.ARM.exidx) refers to rtexit.o(.ARM.Collect$$rtexit$$00000000) for .ARM.Collect$$rtexit$$00000000
    libinit2.o(.ARM.Collect$$libinit$$00000010) refers to libinit2.o(.ARM.Collect$$libinit$$0000000F) for .ARM.Collect$$libinit$$0000000F
    libinit2.o(.ARM.Collect$$libinit$$00000012) refers to libinit2.o(.ARM.Collect$$libinit$$0000000F) for .ARM.Collect$$libinit$$0000000F
    libinit2.o(.ARM.Collect$$libinit$$00000014) refers to libinit2.o(.ARM.Collect$$libinit$$0000000F) for .ARM.Collect$$libinit$$0000000F
    libinit2.o(.ARM.Collect$$libinit$$00000016) refers to libinit2.o(.ARM.Collect$$libinit$$0000000F) for .ARM.Collect$$libinit$$0000000F
    libinit2.o(.ARM.Collect$$libinit$$00000018) refers to libinit2.o(.ARM.Collect$$libinit$$0000000F) for .ARM.Collect$$libinit$$0000000F
    libinit2.o(.ARM.Collect$$libinit$$00000026) refers to argv_veneer.o(.emb_text) for __ARM_argv_veneer
    libinit2.o(.ARM.Collect$$libinit$$00000027) refers to argv_veneer.o(.emb_text) for __ARM_argv_veneer
    rtexit2.o(.ARM.Collect$$rtexit$$00000003) refers to libshutdown.o(.ARM.Collect$$libshutdown$$00000000) for __rt_lib_shutdown
    rtexit2.o(.ARM.Collect$$rtexit$$00000004) refers to sys_exit.o(.text) for _sys_exit
    rtexit2.o(.ARM.exidx) refers to rtexit2.o(.ARM.Collect$$rtexit$$00000001) for .ARM.Collect$$rtexit$$00000001
    rtexit2.o(.ARM.exidx) refers to rtexit2.o(.ARM.Collect$$rtexit$$00000003) for .ARM.Collect$$rtexit$$00000003
    rtexit2.o(.ARM.exidx) refers to rtexit2.o(.ARM.Collect$$rtexit$$00000004) for .ARM.Collect$$rtexit$$00000004
    argv_veneer.o(.emb_text) refers to no_argv.o(.text) for __ARM_get_argv
    sys_exit.o(.text) refers (Special) to use_no_semi.o(.text) for __I$use$semihosting
    sys_exit.o(.text) refers (Special) to indicate_semi.o(.text) for __semihosting_library_function
    _get_argv_nomalloc.o(.text) refers (Special) to hrguard.o(.text) for __heap_region$guard
    _get_argv_nomalloc.o(.text) refers to defsig_rtmem_outer.o(.text) for __rt_SIGRTMEM
    _get_argv_nomalloc.o(.text) refers to sys_command.o(.text) for _sys_command_string
    libshutdown.o(.ARM.Collect$$libshutdown$$00000000) refers (Special) to libshutdown2.o(.ARM.Collect$$libshutdown$$00000002) for __rt_lib_shutdown_cpp_1
    libshutdown.o(.ARM.Collect$$libshutdown$$00000000) refers (Special) to libshutdown2.o(.ARM.Collect$$libshutdown$$00000007) for __rt_lib_shutdown_fp_trap_1
    libshutdown.o(.ARM.Collect$$libshutdown$$00000000) refers (Special) to libshutdown2.o(.ARM.Collect$$libshutdown$$0000000F) for __rt_lib_shutdown_heap_1
    libshutdown.o(.ARM.Collect$$libshutdown$$00000000) refers (Special) to libshutdown2.o(.ARM.Collect$$libshutdown$$00000010) for __rt_lib_shutdown_return
    libshutdown.o(.ARM.Collect$$libshutdown$$00000000) refers (Special) to libshutdown2.o(.ARM.Collect$$libshutdown$$0000000A) for __rt_lib_shutdown_signal_1
    libshutdown.o(.ARM.Collect$$libshutdown$$00000000) refers (Special) to libshutdown2.o(.ARM.Collect$$libshutdown$$00000004) for __rt_lib_shutdown_stdio_1
    libshutdown.o(.ARM.Collect$$libshutdown$$00000000) refers (Special) to libshutdown2.o(.ARM.Collect$$libshutdown$$0000000C) for __rt_lib_shutdown_user_alloc_1
    sys_command.o(.text) refers (Special) to use_no_semi.o(.text) for __I$use$semihosting
    sys_command.o(.text) refers (Special) to indicate_semi.o(.text) for __semihosting_library_function
    defsig_rtmem_outer.o(.text) refers to defsig_rtmem_inner.o(.text) for __rt_SIGRTMEM_inner
    defsig_rtmem_outer.o(.text) refers to defsig_exit.o(.text) for __sig_exit
    defsig_rtmem_formal.o(.text) refers to rt_raise.o(.text) for __rt_raise
    rt_raise.o(.text) refers to __raise.o(.text) for __raise
    rt_raise.o(.text) refers to sys_exit.o(.text) for _sys_exit
    defsig_exit.o(.text) refers to sys_exit.o(.text) for _sys_exit
    defsig_rtmem_inner.o(.text) refers to defsig_general.o(.text) for __default_signal_display
    __raise.o(.text) refers to defsig.o(CL$$defsig) for __default_signal_handler
    defsig_general.o(.text) refers to sys_wrch.o(.text) for _ttywrch
    sys_wrch.o(.text) refers (Special) to use_no_semi.o(.text) for __I$use$semihosting
    sys_wrch.o(.text) refers (Special) to indicate_semi.o(.text) for __semihosting_library_function
    defsig.o(CL$$defsig) refers to defsig_rtmem_inner.o(.text) for __rt_SIGRTMEM_inner
    defsig_abrt_inner.o(.text) refers to defsig_general.o(.text) for __default_signal_display
    defsig_fpe_inner.o(.text) refers to defsig_general.o(.text) for __default_signal_display
    defsig_rtred_inner.o(.text) refers to defsig_general.o(.text) for __default_signal_display
    defsig_stak_inner.o(.text) refers to defsig_general.o(.text) for __default_signal_display
    defsig_pvfn_inner.o(.text) refers to defsig_general.o(.text) for __default_signal_display
    defsig_cppl_inner.o(.text) refers to defsig_general.o(.text) for __default_signal_display
    defsig_segv_inner.o(.text) refers to defsig_general.o(.text) for __default_signal_display
    defsig_other.o(.text) refers to defsig_general.o(.text) for __default_signal_display


==============================================================================

Removing Unused input sections from the image.

    Removing actions.o(i.Action_Break), (2 bytes).
    Removing actions.o(i.Action_END), (2 bytes).
    Removing actions.o(i.Action_FollowLeftWall), (2 bytes).
    Removing actions.o(i.Action_FollowRightWall), (2 bytes).
    Removing actions.o(i.Action_GoForward), (2 bytes).
    Removing actions.o(i.Action_PassObjectLeft), (2 bytes).
    Removing actions.o(i.Action_PassObjectRight), (2 bytes).
    Removing actions.o(i.Action_RotateLeft), (2 bytes).
    Removing actions.o(i.Action_RotateLeft_ToLine), (2 bytes).
    Removing actions.o(i.Action_RotateRight), (2 bytes).
    Removing actions.o(i.Action_RotateRight_ToLine), (2 bytes).
    Removing actions.o(i.Action_Stop), (2 bytes).
    Removing actions.o(i.Action_SwitchLenLeft), (2 bytes).
    Removing actions.o(i.Action_SwitchLenRight), (2 bytes).
    Removing actions.o(i.Action_SwitchTunnelLeft_L), (2 bytes).
    Removing actions.o(i.Action_SwitchTunnelLeft_T), (2 bytes).
    Removing actions.o(i.Action_SwitchTunnelRight_L), (2 bytes).
    Removing actions.o(i.Action_SwitchTunnelRight_T), (2 bytes).
    Removing actions.o(.data), (2 bytes).
    Removing planner.o(i.Planner_Cave), (2 bytes).
    Removing planner.o(i.Planner_Cave_LeftL), (2 bytes).
    Removing planner.o(i.Planner_Cave_LeftT), (2 bytes).
    Removing planner.o(i.Planner_Cave_RightL), (2 bytes).
    Removing planner.o(i.Planner_Cave_RightT), (2 bytes).
    Removing planner.o(i.Planner_Junction_LeftL), (2 bytes).
    Removing planner.o(i.Planner_Junction_LeftT), (2 bytes).
    Removing planner.o(i.Planner_Junction_Plus), (2 bytes).
    Removing planner.o(i.Planner_Junction_RightL), (2 bytes).
    Removing planner.o(i.Planner_Junction_RightT), (2 bytes).
    Removing planner.o(i.Planner_LeftWall), (2 bytes).
    Removing planner.o(i.Planner_LineEnd), (2 bytes).
    Removing planner.o(i.Planner_Obstacle), (2 bytes).
    Removing planner.o(i.Planner_RightWall), (2 bytes).
    Removing planner.o(i.Planner_TwoWay), (2 bytes).
    Removing irarray.o(i.Clear_Flags), (36 bytes).
    Removing irarray.o(i.IRArray_CalculateError), (548 bytes).
    Removing irarray.o(i.IRArray_Calculate_dt), (2 bytes).
    Removing irarray.o(i.IRArray_ProcessData), (444 bytes).
    Removing irarray.o(i.IRArray_Update), (28 bytes).
    Removing irarray.o(i.IRArray_UpdateLineDefination), (176 bytes).
    Removing irarray.o(i.IRArray_UpdatePattern), (280 bytes).
    Removing irarray.o(i.IRArray_UpdateSingleLineExist), (100 bytes).
    Removing irarray.o(.bss), (12 bytes).
    Removing irarray.o(.data), (154 bytes).
    Removing lineanalyzer.o(i.Analyze), (456 bytes).
    Removing lineanalyzer.o(i.Clear), (44 bytes).
    Removing lineanalyzer.o(i.Decide), (184 bytes).
    Removing lineanalyzer.o(.data), (10 bytes).
    Removing buzzer.o(i.Buzzer_Beep), (2 bytes).
    Removing buzzer.o(i.Buzzer_Beep_2300), (2 bytes).
    Removing buzzer.o(i.Buzzer_Beep_430), (16 bytes).
    Removing buzzer.o(i.Buzzer_Beep_470), (16 bytes).
    Removing buzzer.o(i.Buzzer_Beep_500), (16 bytes).
    Removing buzzer.o(i.Buzzer_Beep_530), (16 bytes).
    Removing buzzer.o(i.Buzzer_Beep_540), (16 bytes).
    Removing buzzer.o(.data), (4 bytes).
    Removing encoder.o(i.Encoder_Init), (2 bytes).
    Removing encoder.o(i.Encoder_Update), (2 bytes).
    Removing encoder.o(.bss), (16 bytes).
    Removing encoder.o(.data), (24 bytes).
    Removing system_stm32f10x.o(.rev16_text), (4 bytes).
    Removing system_stm32f10x.o(.revsh_text), (4 bytes).
    Removing system_stm32f10x.o(.rrx_text), (6 bytes).
    Removing system_stm32f10x.o(i.SystemCoreClockUpdate), (164 bytes).
    Removing system_stm32f10x.o(.data), (20 bytes).

65 unused section(s) (total 2872 bytes) removed from the image.

==============================================================================

Image Symbol Table

    Local Symbols

    Symbol Name                              Value     Ov Type        Size  Object(Section)

    ../clib/angel/boardlib.s                 0x00000000   Number         0  boardinit3.o ABSOLUTE
    ../clib/angel/boardlib.s                 0x00000000   Number         0  boardinit2.o ABSOLUTE
    ../clib/angel/boardlib.s                 0x00000000   Number         0  boardinit1.o ABSOLUTE
    ../clib/angel/boardlib.s                 0x00000000   Number         0  boardshut.o ABSOLUTE
    ../clib/angel/handlers.s                 0x00000000   Number         0  __scatter_zi.o ABSOLUTE
    ../clib/angel/handlers.s                 0x00000000   Number         0  __scatter_copy.o ABSOLUTE
    ../clib/angel/kernel.s                   0x00000000   Number         0  __rtentry.o ABSOLUTE
    ../clib/angel/kernel.s                   0x00000000   Number         0  rtexit2.o ABSOLUTE
    ../clib/angel/kernel.s                   0x00000000   Number         0  __rtentry4.o ABSOLUTE
    ../clib/angel/kernel.s                   0x00000000   Number         0  __rtentry2.o ABSOLUTE
    ../clib/angel/kernel.s                   0x00000000   Number         0  rtexit.o ABSOLUTE
    ../clib/angel/rt.s                       0x00000000   Number         0  rt_raise.o ABSOLUTE
    ../clib/angel/scatter.s                  0x00000000   Number         0  __scatter.o ABSOLUTE
    ../clib/angel/startup.s                  0x00000000   Number         0  __main.o ABSOLUTE
    ../clib/angel/sys.s                      0x00000000   Number         0  libspace.o ABSOLUTE
    ../clib/angel/sys.s                      0x00000000   Number         0  sys_stackheap_outer.o ABSOLUTE
    ../clib/angel/sys.s                      0x00000000   Number         0  use_no_semi.o ABSOLUTE
    ../clib/angel/sys.s                      0x00000000   Number         0  indicate_semi.o ABSOLUTE
    ../clib/angel/sysapp.c                   0x00000000   Number         0  sys_exit.o ABSOLUTE
    ../clib/angel/sysapp.c                   0x00000000   Number         0  sys_wrch.o ABSOLUTE
    ../clib/angel/sysapp.c                   0x00000000   Number         0  sys_command.o ABSOLUTE
    ../clib/armsys.c                         0x00000000   Number         0  argv_veneer.o ABSOLUTE
    ../clib/armsys.c                         0x00000000   Number         0  no_argv.o ABSOLUTE
    ../clib/armsys.c                         0x00000000   Number         0  _get_argv_nomalloc.o ABSOLUTE
    ../clib/armsys.c                         0x00000000   Number         0  argv_veneer.o ABSOLUTE
    ../clib/heapalloc.c                      0x00000000   Number         0  hrguard.o ABSOLUTE
    ../clib/heapaux.c                        0x00000000   Number         0  heapauxi.o ABSOLUTE
    ../clib/libinit.s                        0x00000000   Number         0  libshutdown2.o ABSOLUTE
    ../clib/libinit.s                        0x00000000   Number         0  libshutdown.o ABSOLUTE
    ../clib/libinit.s                        0x00000000   Number         0  libinit2.o ABSOLUTE
    ../clib/libinit.s                        0x00000000   Number         0  libinit.o ABSOLUTE
    ../clib/signal.c                         0x00000000   Number         0  defsig_stak_inner.o ABSOLUTE
    ../clib/signal.c                         0x00000000   Number         0  defsig_rtred_inner.o ABSOLUTE
    ../clib/signal.c                         0x00000000   Number         0  defsig_abrt_inner.o ABSOLUTE
    ../clib/signal.c                         0x00000000   Number         0  defsig_general.o ABSOLUTE
    ../clib/signal.c                         0x00000000   Number         0  defsig_fpe_inner.o ABSOLUTE
    ../clib/signal.c                         0x00000000   Number         0  defsig_exit.o ABSOLUTE
    ../clib/signal.c                         0x00000000   Number         0  defsig_rtmem_formal.o ABSOLUTE
    ../clib/signal.c                         0x00000000   Number         0  defsig_rtmem_outer.o ABSOLUTE
    ../clib/signal.c                         0x00000000   Number         0  defsig_rtmem_inner.o ABSOLUTE
    ../clib/signal.c                         0x00000000   Number         0  __raise.o ABSOLUTE
    ../clib/signal.c                         0x00000000   Number         0  defsig_cppl_inner.o ABSOLUTE
    ../clib/signal.c                         0x00000000   Number         0  defsig_other.o ABSOLUTE
    ../clib/signal.c                         0x00000000   Number         0  defsig_segv_inner.o ABSOLUTE
    ../clib/signal.c                         0x00000000   Number         0  defsig_pvfn_inner.o ABSOLUTE
    ../clib/signal.s                         0x00000000   Number         0  defsig.o ABSOLUTE
    ../clib/stdlib.c                         0x00000000   Number         0  exit.o ABSOLUTE
    ../fplib/fpinit.s                        0x00000000   Number         0  fpinit.o ABSOLUTE
    ..\Common\CatLib.c                       0x00000000   Number         0  catlib.o ABSOLUTE
    ApiFunctions.c                           0x00000000   Number         0  apifunctions.o ABSOLUTE
    Modules\RemoteControl.c                  0x00000000   Number         0  remotecontrol.o ABSOLUTE
    Modules\SensorTest.c                     0x00000000   Number         0  sensortest.o ABSOLUTE
    Modules\Simulator.c                      0x00000000   Number         0  simulator.o ABSOLUTE
    Peripheral\Buzzer\Buzzer.c               0x00000000   Number         0  buzzer.o ABSOLUTE
    Peripheral\ColorSensor\ColorSensor.c     0x00000000   Number         0  colorsensor.o ABSOLUTE
    Peripheral\Encoder\Encoder.c             0x00000000   Number         0  encoder.o ABSOLUTE
    Peripheral\SonarSensor\Sonar.c           0x00000000   Number         0  sonar.o ABSOLUTE
    Program\Brain\Actions.c                  0x00000000   Number         0  actions.o ABSOLUTE
    Program\Brain\Planner.c                  0x00000000   Number         0  planner.o ABSOLUTE
    Program\Controller\PIDController.c       0x00000000   Number         0  pidcontroller.o ABSOLUTE
    Program\IRArray\IRArray.c                0x00000000   Number         0  irarray.o ABSOLUTE
    Program\LineAnalyzer\LineAnalyzer.c      0x00000000   Number         0  lineanalyzer.o ABSOLUTE
    RTE\Device\STM32F103C8\startup_stm32f10x_md.s 0x00000000   Number         0  startup_stm32f10x_md.o ABSOLUTE
    RTE\Device\STM32F103C8\system_stm32f10x.c 0x00000000   Number         0  system_stm32f10x.o ABSOLUTE
    RTE\\Device\\STM32F103C8\\system_stm32f10x.c 0x00000000   Number         0  system_stm32f10x.o ABSOLUTE
    dc.s                                     0x00000000   Number         0  dc.o ABSOLUTE
    main.c                                   0x00000000   Number         0  main.o ABSOLUTE
    RESET                                    0x08006000   Section      236  startup_stm32f10x_md.o(RESET)
    !!!main                                  0x080060ec   Section        8  __main.o(!!!main)
    !!!scatter                               0x080060f4   Section       52  __scatter.o(!!!scatter)
    !!handler_copy                           0x08006128   Section       26  __scatter_copy.o(!!handler_copy)
    !!handler_zi                             0x08006144   Section       28  __scatter_zi.o(!!handler_zi)
    .ARM.Collect$$libinit$$00000000          0x08006160   Section        2  libinit.o(.ARM.Collect$$libinit$$00000000)
    .ARM.Collect$$libinit$$00000002          0x08006162   Section        0  libinit2.o(.ARM.Collect$$libinit$$00000002)
    .ARM.Collect$$libinit$$00000004          0x08006162   Section        0  libinit2.o(.ARM.Collect$$libinit$$00000004)
    .ARM.Collect$$libinit$$0000000A          0x08006162   Section        0  libinit2.o(.ARM.Collect$$libinit$$0000000A)
    .ARM.Collect$$libinit$$0000000C          0x08006162   Section        0  libinit2.o(.ARM.Collect$$libinit$$0000000C)
    .ARM.Collect$$libinit$$0000000E          0x08006162   Section        0  libinit2.o(.ARM.Collect$$libinit$$0000000E)
    .ARM.Collect$$libinit$$00000011          0x08006162   Section        0  libinit2.o(.ARM.Collect$$libinit$$00000011)
    .ARM.Collect$$libinit$$00000013          0x08006162   Section        0  libinit2.o(.ARM.Collect$$libinit$$00000013)
    .ARM.Collect$$libinit$$00000015          0x08006162   Section        0  libinit2.o(.ARM.Collect$$libinit$$00000015)
    .ARM.Collect$$libinit$$00000017          0x08006162   Section        0  libinit2.o(.ARM.Collect$$libinit$$00000017)
    .ARM.Collect$$libinit$$00000019          0x08006162   Section        0  libinit2.o(.ARM.Collect$$libinit$$00000019)
    .ARM.Collect$$libinit$$0000001B          0x08006162   Section        0  libinit2.o(.ARM.Collect$$libinit$$0000001B)
    .ARM.Collect$$libinit$$0000001D          0x08006162   Section        0  libinit2.o(.ARM.Collect$$libinit$$0000001D)
    .ARM.Collect$$libinit$$0000001F          0x08006162   Section        0  libinit2.o(.ARM.Collect$$libinit$$0000001F)
    .ARM.Collect$$libinit$$00000021          0x08006162   Section        0  libinit2.o(.ARM.Collect$$libinit$$00000021)
    .ARM.Collect$$libinit$$00000023          0x08006162   Section        0  libinit2.o(.ARM.Collect$$libinit$$00000023)
    .ARM.Collect$$libinit$$00000025          0x08006162   Section        0  libinit2.o(.ARM.Collect$$libinit$$00000025)
    .ARM.Collect$$libinit$$0000002C          0x08006162   Section        0  libinit2.o(.ARM.Collect$$libinit$$0000002C)
    .ARM.Collect$$libinit$$0000002E          0x08006162   Section        0  libinit2.o(.ARM.Collect$$libinit$$0000002E)
    .ARM.Collect$$libinit$$00000030          0x08006162   Section        0  libinit2.o(.ARM.Collect$$libinit$$00000030)
    .ARM.Collect$$libinit$$00000032          0x08006162   Section        0  libinit2.o(.ARM.Collect$$libinit$$00000032)
    .ARM.Collect$$libinit$$00000033          0x08006162   Section        2  libinit2.o(.ARM.Collect$$libinit$$00000033)
    .ARM.Collect$$libshutdown$$00000000      0x08006164   Section        2  libshutdown.o(.ARM.Collect$$libshutdown$$00000000)
    .ARM.Collect$$libshutdown$$00000002      0x08006166   Section        0  libshutdown2.o(.ARM.Collect$$libshutdown$$00000002)
    .ARM.Collect$$libshutdown$$00000004      0x08006166   Section        0  libshutdown2.o(.ARM.Collect$$libshutdown$$00000004)
    .ARM.Collect$$libshutdown$$00000007      0x08006166   Section        0  libshutdown2.o(.ARM.Collect$$libshutdown$$00000007)
    .ARM.Collect$$libshutdown$$0000000A      0x08006166   Section        0  libshutdown2.o(.ARM.Collect$$libshutdown$$0000000A)
    .ARM.Collect$$libshutdown$$0000000C      0x08006166   Section        0  libshutdown2.o(.ARM.Collect$$libshutdown$$0000000C)
    .ARM.Collect$$libshutdown$$0000000F      0x08006166   Section        0  libshutdown2.o(.ARM.Collect$$libshutdown$$0000000F)
    .ARM.Collect$$libshutdown$$00000010      0x08006166   Section        2  libshutdown2.o(.ARM.Collect$$libshutdown$$00000010)
    .ARM.Collect$$rtentry$$00000000          0x08006168   Section        0  __rtentry.o(.ARM.Collect$$rtentry$$00000000)
    .ARM.Collect$$rtentry$$00000002          0x08006168   Section        0  __rtentry2.o(.ARM.Collect$$rtentry$$00000002)
    .ARM.Collect$$rtentry$$00000004          0x08006168   Section        6  __rtentry4.o(.ARM.Collect$$rtentry$$00000004)
    .ARM.Collect$$rtentry$$00000009          0x0800616e   Section        0  __rtentry2.o(.ARM.Collect$$rtentry$$00000009)
    .ARM.Collect$$rtentry$$0000000A          0x0800616e   Section        4  __rtentry2.o(.ARM.Collect$$rtentry$$0000000A)
    .ARM.Collect$$rtentry$$0000000C          0x08006172   Section        0  __rtentry2.o(.ARM.Collect$$rtentry$$0000000C)
    .ARM.Collect$$rtentry$$0000000D          0x08006172   Section        8  __rtentry2.o(.ARM.Collect$$rtentry$$0000000D)
    .ARM.Collect$$rtexit$$00000000           0x0800617a   Section        2  rtexit.o(.ARM.Collect$$rtexit$$00000000)
    .ARM.Collect$$rtexit$$00000002           0x0800617c   Section        0  rtexit2.o(.ARM.Collect$$rtexit$$00000002)
    .ARM.Collect$$rtexit$$00000003           0x0800617c   Section        4  rtexit2.o(.ARM.Collect$$rtexit$$00000003)
    .ARM.Collect$$rtexit$$00000004           0x08006180   Section        6  rtexit2.o(.ARM.Collect$$rtexit$$00000004)
    .text                                    0x08006188   Section       64  startup_stm32f10x_md.o(.text)
    .text                                    0x080061c8   Section        0  heapauxi.o(.text)
    .text                                    0x080061ce   Section       74  sys_stackheap_outer.o(.text)
    .text                                    0x08006218   Section        0  exit.o(.text)
    .text                                    0x0800622c   Section        8  libspace.o(.text)
    .text                                    0x08006234   Section        0  sys_exit.o(.text)
    .text                                    0x08006240   Section        2  use_no_semi.o(.text)
    .text                                    0x08006242   Section        0  indicate_semi.o(.text)
    i.CheckManualCommand                     0x08006244   Section        0  remotecontrol.o(i.CheckManualCommand)
    i.CheckSensorTestCommand                 0x08006264   Section        0  sensortest.o(i.CheckSensorTestCommand)
    i.CheckSimulatorCommand                  0x080062bc   Section        0  simulator.o(i.CheckSimulatorCommand)
    i.HeaderCmp                              0x080062f0   Section        0  catlib.o(i.HeaderCmp)
    i.InitializeAPI                          0x08006354   Section        0  apifunctions.o(i.InitializeAPI)
    i.Loop                                   0x08006368   Section        0  main.o(i.Loop)
    i.OnSerialDataReceived                   0x08006380   Section        0  apifunctions.o(i.OnSerialDataReceived)
    i.SetSysClock                            0x080063e4   Section        0  system_stm32f10x.o(i.SetSysClock)
    SetSysClock                              0x080063e5   Thumb Code     8  system_stm32f10x.o(i.SetSysClock)
    i.SetSysClockTo72                        0x080063ec   Section        0  system_stm32f10x.o(i.SetSysClockTo72)
    SetSysClockTo72                          0x080063ed   Thumb Code   214  system_stm32f10x.o(i.SetSysClockTo72)
    i.SystemInit                             0x080064cc   Section        0  system_stm32f10x.o(i.SystemInit)
    i.main                                   0x0800652c   Section        0  main.o(i.main)
    .constdata                               0x080065b8   Section        4  main.o(.constdata)
    .data                                    0x20001800   Section       16  main.o(.data)
    .bss                                     0x20001810   Section       96  libspace.o(.bss)
    HEAP                                     0x20001870   Section      512  startup_stm32f10x_md.o(HEAP)
    Heap_Mem                                 0x20001870   Data         512  startup_stm32f10x_md.o(HEAP)
    STACK                                    0x20001a70   Section     1024  startup_stm32f10x_md.o(STACK)
    Stack_Mem                                0x20001a70   Data        1024  startup_stm32f10x_md.o(STACK)
    __initial_sp                             0x20001e70   Data           0  startup_stm32f10x_md.o(STACK)

    Global Symbols

    Symbol Name                              Value     Ov Type        Size  Object(Section)

    BuildAttributes$$THM_ISAv4$P$D$K$B$S$PE$A:L22UL41UL21$X:L11$S22US41US21$IEEE1$IW$USESV6$~STKCKD$USESV7$~SHL$OSPACE$ROPI$EBA8$UX$STANDARDLIB$REQ8$PRES8$EABIv2 0x00000000   Number         0  anon$$obj.o ABSOLUTE
    __ARM_use_no_argv                        0x00000000   Number         0  main.o ABSOLUTE
    __ARM_exceptions_init                     - Undefined Weak Reference
    __alloca_initialize                       - Undefined Weak Reference
    __arm_preinit_                            - Undefined Weak Reference
    __cpp_initialize__aeabi_                  - Undefined Weak Reference
    __cxa_finalize                            - Undefined Weak Reference
    __rt_locale                               - Undefined Weak Reference
    __sigvec_lookup                           - Undefined Weak Reference
    _atexit_init                              - Undefined Weak Reference
    _call_atexit_fns                          - Undefined Weak Reference
    _clock_init                               - Undefined Weak Reference
    _fp_trap_init                             - Undefined Weak Reference
    _fp_trap_shutdown                         - Undefined Weak Reference
    _get_lc_collate                           - Undefined Weak Reference
    _get_lc_ctype                             - Undefined Weak Reference
    _get_lc_monetary                          - Undefined Weak Reference
    _get_lc_numeric                           - Undefined Weak Reference
    _get_lc_time                              - Undefined Weak Reference
    _getenv_init                              - Undefined Weak Reference
    _handle_redirection                       - Undefined Weak Reference
    _init_alloc                               - Undefined Weak Reference
    _init_user_alloc                          - Undefined Weak Reference
    _initio                                   - Undefined Weak Reference
    _rand_init                                - Undefined Weak Reference
    _signal_finish                            - Undefined Weak Reference
    _signal_init                              - Undefined Weak Reference
    _terminate_alloc                          - Undefined Weak Reference
    _terminate_user_alloc                     - Undefined Weak Reference
    _terminateio                              - Undefined Weak Reference
    __Vectors_Size                           0x000000ec   Number         0  startup_stm32f10x_md.o ABSOLUTE
    __Vectors                                0x08006000   Data           4  startup_stm32f10x_md.o(RESET)
    __Vectors_End                            0x080060ec   Data           0  startup_stm32f10x_md.o(RESET)
    __main                                   0x080060ed   Thumb Code     8  __main.o(!!!main)
    __scatterload                            0x080060f5   Thumb Code     0  __scatter.o(!!!scatter)
    __scatterload_rt2                        0x080060f5   Thumb Code    44  __scatter.o(!!!scatter)
    __scatterload_rt2_thumb_only             0x080060f5   Thumb Code     0  __scatter.o(!!!scatter)
    __scatterload_null                       0x08006103   Thumb Code     0  __scatter.o(!!!scatter)
    __scatterload_copy                       0x08006129   Thumb Code    26  __scatter_copy.o(!!handler_copy)
    __scatterload_zeroinit                   0x08006145   Thumb Code    28  __scatter_zi.o(!!handler_zi)
    __rt_lib_init                            0x08006161   Thumb Code     0  libinit.o(.ARM.Collect$$libinit$$00000000)
    __rt_lib_init_alloca_1                   0x08006163   Thumb Code     0  libinit2.o(.ARM.Collect$$libinit$$0000002E)
    __rt_lib_init_argv_1                     0x08006163   Thumb Code     0  libinit2.o(.ARM.Collect$$libinit$$0000002C)
    __rt_lib_init_atexit_1                   0x08006163   Thumb Code     0  libinit2.o(.ARM.Collect$$libinit$$0000001B)
    __rt_lib_init_clock_1                    0x08006163   Thumb Code     0  libinit2.o(.ARM.Collect$$libinit$$00000021)
    __rt_lib_init_cpp_1                      0x08006163   Thumb Code     0  libinit2.o(.ARM.Collect$$libinit$$00000032)
    __rt_lib_init_exceptions_1               0x08006163   Thumb Code     0  libinit2.o(.ARM.Collect$$libinit$$00000030)
    __rt_lib_init_fp_1                       0x08006163   Thumb Code     0  libinit2.o(.ARM.Collect$$libinit$$00000002)
    __rt_lib_init_fp_trap_1                  0x08006163   Thumb Code     0  libinit2.o(.ARM.Collect$$libinit$$0000001F)
    __rt_lib_init_getenv_1                   0x08006163   Thumb Code     0  libinit2.o(.ARM.Collect$$libinit$$00000023)
    __rt_lib_init_heap_1                     0x08006163   Thumb Code     0  libinit2.o(.ARM.Collect$$libinit$$0000000A)
    __rt_lib_init_lc_collate_1               0x08006163   Thumb Code     0  libinit2.o(.ARM.Collect$$libinit$$00000011)
    __rt_lib_init_lc_ctype_1                 0x08006163   Thumb Code     0  libinit2.o(.ARM.Collect$$libinit$$00000013)
    __rt_lib_init_lc_monetary_1              0x08006163   Thumb Code     0  libinit2.o(.ARM.Collect$$libinit$$00000015)
    __rt_lib_init_lc_numeric_1               0x08006163   Thumb Code     0  libinit2.o(.ARM.Collect$$libinit$$00000017)
    __rt_lib_init_lc_time_1                  0x08006163   Thumb Code     0  libinit2.o(.ARM.Collect$$libinit$$00000019)
    __rt_lib_init_preinit_1                  0x08006163   Thumb Code     0  libinit2.o(.ARM.Collect$$libinit$$00000004)
    __rt_lib_init_rand_1                     0x08006163   Thumb Code     0  libinit2.o(.ARM.Collect$$libinit$$0000000E)
    __rt_lib_init_return                     0x08006163   Thumb Code     0  libinit2.o(.ARM.Collect$$libinit$$00000033)
    __rt_lib_init_signal_1                   0x08006163   Thumb Code     0  libinit2.o(.ARM.Collect$$libinit$$0000001D)
    __rt_lib_init_stdio_1                    0x08006163   Thumb Code     0  libinit2.o(.ARM.Collect$$libinit$$00000025)
    __rt_lib_init_user_alloc_1               0x08006163   Thumb Code     0  libinit2.o(.ARM.Collect$$libinit$$0000000C)
    __rt_lib_shutdown                        0x08006165   Thumb Code     0  libshutdown.o(.ARM.Collect$$libshutdown$$00000000)
    __rt_lib_shutdown_cpp_1                  0x08006167   Thumb Code     0  libshutdown2.o(.ARM.Collect$$libshutdown$$00000002)
    __rt_lib_shutdown_fp_trap_1              0x08006167   Thumb Code     0  libshutdown2.o(.ARM.Collect$$libshutdown$$00000007)
    __rt_lib_shutdown_heap_1                 0x08006167   Thumb Code     0  libshutdown2.o(.ARM.Collect$$libshutdown$$0000000F)
    __rt_lib_shutdown_return                 0x08006167   Thumb Code     0  libshutdown2.o(.ARM.Collect$$libshutdown$$00000010)
    __rt_lib_shutdown_signal_1               0x08006167   Thumb Code     0  libshutdown2.o(.ARM.Collect$$libshutdown$$0000000A)
    __rt_lib_shutdown_stdio_1                0x08006167   Thumb Code     0  libshutdown2.o(.ARM.Collect$$libshutdown$$00000004)
    __rt_lib_shutdown_user_alloc_1           0x08006167   Thumb Code     0  libshutdown2.o(.ARM.Collect$$libshutdown$$0000000C)
    __rt_entry                               0x08006169   Thumb Code     0  __rtentry.o(.ARM.Collect$$rtentry$$00000000)
    __rt_entry_presh_1                       0x08006169   Thumb Code     0  __rtentry2.o(.ARM.Collect$$rtentry$$00000002)
    __rt_entry_sh                            0x08006169   Thumb Code     0  __rtentry4.o(.ARM.Collect$$rtentry$$00000004)
    __rt_entry_li                            0x0800616f   Thumb Code     0  __rtentry2.o(.ARM.Collect$$rtentry$$0000000A)
    __rt_entry_postsh_1                      0x0800616f   Thumb Code     0  __rtentry2.o(.ARM.Collect$$rtentry$$00000009)
    __rt_entry_main                          0x08006173   Thumb Code     0  __rtentry2.o(.ARM.Collect$$rtentry$$0000000D)
    __rt_entry_postli_1                      0x08006173   Thumb Code     0  __rtentry2.o(.ARM.Collect$$rtentry$$0000000C)
    __rt_exit                                0x0800617b   Thumb Code     0  rtexit.o(.ARM.Collect$$rtexit$$00000000)
    __rt_exit_ls                             0x0800617d   Thumb Code     0  rtexit2.o(.ARM.Collect$$rtexit$$00000003)
    __rt_exit_prels_1                        0x0800617d   Thumb Code     0  rtexit2.o(.ARM.Collect$$rtexit$$00000002)
    __rt_exit_exit                           0x08006181   Thumb Code     0  rtexit2.o(.ARM.Collect$$rtexit$$00000004)
    Reset_Handler                            0x08006189   Thumb Code     8  startup_stm32f10x_md.o(.text)
    NMI_Handler                              0x08006191   Thumb Code     2  startup_stm32f10x_md.o(.text)
    HardFault_Handler                        0x08006193   Thumb Code     2  startup_stm32f10x_md.o(.text)
    MemManage_Handler                        0x08006195   Thumb Code     2  startup_stm32f10x_md.o(.text)
    BusFault_Handler                         0x08006197   Thumb Code     2  startup_stm32f10x_md.o(.text)
    UsageFault_Handler                       0x08006199   Thumb Code     2  startup_stm32f10x_md.o(.text)
    SVC_Handler                              0x0800619b   Thumb Code     2  startup_stm32f10x_md.o(.text)
    DebugMon_Handler                         0x0800619d   Thumb Code     2  startup_stm32f10x_md.o(.text)
    PendSV_Handler                           0x0800619f   Thumb Code     2  startup_stm32f10x_md.o(.text)
    SysTick_Handler                          0x080061a1   Thumb Code     2  startup_stm32f10x_md.o(.text)
    ADC1_2_IRQHandler                        0x080061a3   Thumb Code     0  startup_stm32f10x_md.o(.text)
    CAN1_RX1_IRQHandler                      0x080061a3   Thumb Code     0  startup_stm32f10x_md.o(.text)
    CAN1_SCE_IRQHandler                      0x080061a3   Thumb Code     0  startup_stm32f10x_md.o(.text)
    DMA1_Channel1_IRQHandler                 0x080061a3   Thumb Code     0  startup_stm32f10x_md.o(.text)
    DMA1_Channel2_IRQHandler                 0x080061a3   Thumb Code     0  startup_stm32f10x_md.o(.text)
    DMA1_Channel3_IRQHandler                 0x080061a3   Thumb Code     0  startup_stm32f10x_md.o(.text)
    DMA1_Channel4_IRQHandler                 0x080061a3   Thumb Code     0  startup_stm32f10x_md.o(.text)
    DMA1_Channel5_IRQHandler                 0x080061a3   Thumb Code     0  startup_stm32f10x_md.o(.text)
    DMA1_Channel6_IRQHandler                 0x080061a3   Thumb Code     0  startup_stm32f10x_md.o(.text)
    DMA1_Channel7_IRQHandler                 0x080061a3   Thumb Code     0  startup_stm32f10x_md.o(.text)
    EXTI0_IRQHandler                         0x080061a3   Thumb Code     0  startup_stm32f10x_md.o(.text)
    EXTI15_10_IRQHandler                     0x080061a3   Thumb Code     0  startup_stm32f10x_md.o(.text)
    EXTI1_IRQHandler                         0x080061a3   Thumb Code     0  startup_stm32f10x_md.o(.text)
    EXTI2_IRQHandler                         0x080061a3   Thumb Code     0  startup_stm32f10x_md.o(.text)
    EXTI3_IRQHandler                         0x080061a3   Thumb Code     0  startup_stm32f10x_md.o(.text)
    EXTI4_IRQHandler                         0x080061a3   Thumb Code     0  startup_stm32f10x_md.o(.text)
    EXTI9_5_IRQHandler                       0x080061a3   Thumb Code     0  startup_stm32f10x_md.o(.text)
    FLASH_IRQHandler                         0x080061a3   Thumb Code     0  startup_stm32f10x_md.o(.text)
    I2C1_ER_IRQHandler                       0x080061a3   Thumb Code     0  startup_stm32f10x_md.o(.text)
    I2C1_EV_IRQHandler                       0x080061a3   Thumb Code     0  startup_stm32f10x_md.o(.text)
    I2C2_ER_IRQHandler                       0x080061a3   Thumb Code     0  startup_stm32f10x_md.o(.text)
    I2C2_EV_IRQHandler                       0x080061a3   Thumb Code     0  startup_stm32f10x_md.o(.text)
    PVD_IRQHandler                           0x080061a3   Thumb Code     0  startup_stm32f10x_md.o(.text)
    RCC_IRQHandler                           0x080061a3   Thumb Code     0  startup_stm32f10x_md.o(.text)
    RTCAlarm_IRQHandler                      0x080061a3   Thumb Code     0  startup_stm32f10x_md.o(.text)
    RTC_IRQHandler                           0x080061a3   Thumb Code     0  startup_stm32f10x_md.o(.text)
    SPI1_IRQHandler                          0x080061a3   Thumb Code     0  startup_stm32f10x_md.o(.text)
    SPI2_IRQHandler                          0x080061a3   Thumb Code     0  startup_stm32f10x_md.o(.text)
    TAMPER_IRQHandler                        0x080061a3   Thumb Code     0  startup_stm32f10x_md.o(.text)
    TIM1_BRK_IRQHandler                      0x080061a3   Thumb Code     0  startup_stm32f10x_md.o(.text)
    TIM1_CC_IRQHandler                       0x080061a3   Thumb Code     0  startup_stm32f10x_md.o(.text)
    TIM1_TRG_COM_IRQHandler                  0x080061a3   Thumb Code     0  startup_stm32f10x_md.o(.text)
    TIM1_UP_IRQHandler                       0x080061a3   Thumb Code     0  startup_stm32f10x_md.o(.text)
    TIM2_IRQHandler                          0x080061a3   Thumb Code     0  startup_stm32f10x_md.o(.text)
    TIM3_IRQHandler                          0x080061a3   Thumb Code     0  startup_stm32f10x_md.o(.text)
    TIM4_IRQHandler                          0x080061a3   Thumb Code     0  startup_stm32f10x_md.o(.text)
    USART1_IRQHandler                        0x080061a3   Thumb Code     0  startup_stm32f10x_md.o(.text)
    USART2_IRQHandler                        0x080061a3   Thumb Code     0  startup_stm32f10x_md.o(.text)
    USART3_IRQHandler                        0x080061a3   Thumb Code     0  startup_stm32f10x_md.o(.text)
    USBWakeUp_IRQHandler                     0x080061a3   Thumb Code     0  startup_stm32f10x_md.o(.text)
    USB_HP_CAN1_TX_IRQHandler                0x080061a3   Thumb Code     0  startup_stm32f10x_md.o(.text)
    USB_LP_CAN1_RX0_IRQHandler               0x080061a3   Thumb Code     0  startup_stm32f10x_md.o(.text)
    WWDG_IRQHandler                          0x080061a3   Thumb Code     0  startup_stm32f10x_md.o(.text)
    __user_initial_stackheap                 0x080061a5   Thumb Code     0  startup_stm32f10x_md.o(.text)
    __use_two_region_memory                  0x080061c9   Thumb Code     2  heapauxi.o(.text)
    __rt_heap_escrow$2region                 0x080061cb   Thumb Code     2  heapauxi.o(.text)
    __rt_heap_expand$2region                 0x080061cd   Thumb Code     2  heapauxi.o(.text)
    __user_setup_stackheap                   0x080061cf   Thumb Code    74  sys_stackheap_outer.o(.text)
    exit                                     0x08006219   Thumb Code    18  exit.o(.text)
    __user_libspace                          0x0800622d   Thumb Code     8  libspace.o(.text)
    __user_perproc_libspace                  0x0800622d   Thumb Code     0  libspace.o(.text)
    __user_perthread_libspace                0x0800622d   Thumb Code     0  libspace.o(.text)
    _sys_exit                                0x08006235   Thumb Code     8  sys_exit.o(.text)
    __I$use$semihosting                      0x08006241   Thumb Code     0  use_no_semi.o(.text)
    __use_no_semihosting_swi                 0x08006241   Thumb Code     2  use_no_semi.o(.text)
    __semihosting_library_function           0x08006243   Thumb Code     0  indicate_semi.o(.text)
    CheckManualCommand                       0x08006245   Thumb Code    18  remotecontrol.o(i.CheckManualCommand)
    CheckSensorTestCommand                   0x08006265   Thumb Code    50  sensortest.o(i.CheckSensorTestCommand)
    CheckSimulatorCommand                    0x080062bd   Thumb Code    34  simulator.o(i.CheckSimulatorCommand)
    HeaderCmp                                0x080062f1   Thumb Code   100  catlib.o(i.HeaderCmp)
    InitializeAPI                            0x08006355   Thumb Code    12  apifunctions.o(i.InitializeAPI)
    Loop                                     0x08006369   Thumb Code    18  main.o(i.Loop)
    OnSerialDataReceived                     0x08006381   Thumb Code    68  apifunctions.o(i.OnSerialDataReceived)
    SystemInit                               0x080064cd   Thumb Code    78  system_stm32f10x.o(i.SystemInit)
    main                                     0x0800652d   Thumb Code   120  main.o(i.main)
    Region$$Table$$Base                      0x080065bc   Number         0  anon$$obj.o(Region$$Table)
    Region$$Table$$Limit                     0x080065dc   Number         0  anon$$obj.o(Region$$Table)
    smartcatapi                              0x20001800   Data           1  main.o(.data)
    titanapi                                 0x20001804   Data           4  main.o(.data)
    data                                     0x20001808   Data           8  main.o(.data)
    __libspace_start                         0x20001810   Data          96  libspace.o(.bss)
    __temporary_stack_top$libspace           0x20001870   Data           0  libspace.o(.bss)



==============================================================================

Memory Map of the image

  Image Entry point : 0x080060ed

  Load Region LR_IROM1 (Base: 0x08006000, Size: 0x000005ec, Max: 0x00007800, ABSOLUTE)

    Execution Region ER_IROM1 (Exec base: 0x08006000, Load base: 0x08006000, Size: 0x000005dc, Max: 0x00007800, ABSOLUTE)

    Exec Addr    Load Addr    Size         Type   Attr      Idx    E Section Name        Object

    0x08006000   0x08006000   0x000000ec   Data   RO          552    RESET               startup_stm32f10x_md.o
    0x080060ec   0x080060ec   0x00000008   Code   RO          630  * !!!main             c_w.l(__main.o)
    0x080060f4   0x080060f4   0x00000034   Code   RO          787    !!!scatter          c_w.l(__scatter.o)
    0x08006128   0x08006128   0x0000001a   Code   RO          789    !!handler_copy      c_w.l(__scatter_copy.o)
    0x08006142   0x08006142   0x00000002   PAD
    0x08006144   0x08006144   0x0000001c   Code   RO          791    !!handler_zi        c_w.l(__scatter_zi.o)
    0x08006160   0x08006160   0x00000002   Code   RO          657    .ARM.Collect$$libinit$$00000000  c_w.l(libinit.o)
    0x08006162   0x08006162   0x00000000   Code   RO          664    .ARM.Collect$$libinit$$00000002  c_w.l(libinit2.o)
    0x08006162   0x08006162   0x00000000   Code   RO          666    .ARM.Collect$$libinit$$00000004  c_w.l(libinit2.o)
    0x08006162   0x08006162   0x00000000   Code   RO          669    .ARM.Collect$$libinit$$0000000A  c_w.l(libinit2.o)
    0x08006162   0x08006162   0x00000000   Code   RO          671    .ARM.Collect$$libinit$$0000000C  c_w.l(libinit2.o)
    0x08006162   0x08006162   0x00000000   Code   RO          673    .ARM.Collect$$libinit$$0000000E  c_w.l(libinit2.o)
    0x08006162   0x08006162   0x00000000   Code   RO          676    .ARM.Collect$$libinit$$00000011  c_w.l(libinit2.o)
    0x08006162   0x08006162   0x00000000   Code   RO          678    .ARM.Collect$$libinit$$00000013  c_w.l(libinit2.o)
    0x08006162   0x08006162   0x00000000   Code   RO          680    .ARM.Collect$$libinit$$00000015  c_w.l(libinit2.o)
    0x08006162   0x08006162   0x00000000   Code   RO          682    .ARM.Collect$$libinit$$00000017  c_w.l(libinit2.o)
    0x08006162   0x08006162   0x00000000   Code   RO          684    .ARM.Collect$$libinit$$00000019  c_w.l(libinit2.o)
    0x08006162   0x08006162   0x00000000   Code   RO          686    .ARM.Collect$$libinit$$0000001B  c_w.l(libinit2.o)
    0x08006162   0x08006162   0x00000000   Code   RO          688    .ARM.Collect$$libinit$$0000001D  c_w.l(libinit2.o)
    0x08006162   0x08006162   0x00000000   Code   RO          690    .ARM.Collect$$libinit$$0000001F  c_w.l(libinit2.o)
    0x08006162   0x08006162   0x00000000   Code   RO          692    .ARM.Collect$$libinit$$00000021  c_w.l(libinit2.o)
    0x08006162   0x08006162   0x00000000   Code   RO          694    .ARM.Collect$$libinit$$00000023  c_w.l(libinit2.o)
    0x08006162   0x08006162   0x00000000   Code   RO          696    .ARM.Collect$$libinit$$00000025  c_w.l(libinit2.o)
    0x08006162   0x08006162   0x00000000   Code   RO          700    .ARM.Collect$$libinit$$0000002C  c_w.l(libinit2.o)
    0x08006162   0x08006162   0x00000000   Code   RO          702    .ARM.Collect$$libinit$$0000002E  c_w.l(libinit2.o)
    0x08006162   0x08006162   0x00000000   Code   RO          704    .ARM.Collect$$libinit$$00000030  c_w.l(libinit2.o)
    0x08006162   0x08006162   0x00000000   Code   RO          706    .ARM.Collect$$libinit$$00000032  c_w.l(libinit2.o)
    0x08006162   0x08006162   0x00000002   Code   RO          707    .ARM.Collect$$libinit$$00000033  c_w.l(libinit2.o)
    0x08006164   0x08006164   0x00000002   Code   RO          727    .ARM.Collect$$libshutdown$$00000000  c_w.l(libshutdown.o)
    0x08006166   0x08006166   0x00000000   Code   RO          740    .ARM.Collect$$libshutdown$$00000002  c_w.l(libshutdown2.o)
    0x08006166   0x08006166   0x00000000   Code   RO          742    .ARM.Collect$$libshutdown$$00000004  c_w.l(libshutdown2.o)
    0x08006166   0x08006166   0x00000000   Code   RO          745    .ARM.Collect$$libshutdown$$00000007  c_w.l(libshutdown2.o)
    0x08006166   0x08006166   0x00000000   Code   RO          748    .ARM.Collect$$libshutdown$$0000000A  c_w.l(libshutdown2.o)
    0x08006166   0x08006166   0x00000000   Code   RO          750    .ARM.Collect$$libshutdown$$0000000C  c_w.l(libshutdown2.o)
    0x08006166   0x08006166   0x00000000   Code   RO          753    .ARM.Collect$$libshutdown$$0000000F  c_w.l(libshutdown2.o)
    0x08006166   0x08006166   0x00000002   Code   RO          754    .ARM.Collect$$libshutdown$$00000010  c_w.l(libshutdown2.o)
    0x08006168   0x08006168   0x00000000   Code   RO          632    .ARM.Collect$$rtentry$$00000000  c_w.l(__rtentry.o)
    0x08006168   0x08006168   0x00000000   Code   RO          634    .ARM.Collect$$rtentry$$00000002  c_w.l(__rtentry2.o)
    0x08006168   0x08006168   0x00000006   Code   RO          646    .ARM.Collect$$rtentry$$00000004  c_w.l(__rtentry4.o)
    0x0800616e   0x0800616e   0x00000000   Code   RO          636    .ARM.Collect$$rtentry$$00000009  c_w.l(__rtentry2.o)
    0x0800616e   0x0800616e   0x00000004   Code   RO          637    .ARM.Collect$$rtentry$$0000000A  c_w.l(__rtentry2.o)
    0x08006172   0x08006172   0x00000000   Code   RO          639    .ARM.Collect$$rtentry$$0000000C  c_w.l(__rtentry2.o)
    0x08006172   0x08006172   0x00000008   Code   RO          640    .ARM.Collect$$rtentry$$0000000D  c_w.l(__rtentry2.o)
    0x0800617a   0x0800617a   0x00000002   Code   RO          661    .ARM.Collect$$rtexit$$00000000  c_w.l(rtexit.o)
    0x0800617c   0x0800617c   0x00000000   Code   RO          709    .ARM.Collect$$rtexit$$00000002  c_w.l(rtexit2.o)
    0x0800617c   0x0800617c   0x00000004   Code   RO          710    .ARM.Collect$$rtexit$$00000003  c_w.l(rtexit2.o)
    0x08006180   0x08006180   0x00000006   Code   RO          711    .ARM.Collect$$rtexit$$00000004  c_w.l(rtexit2.o)
    0x08006186   0x08006186   0x00000002   PAD
    0x08006188   0x08006188   0x00000040   Code   RO          553    .text               startup_stm32f10x_md.o
    0x080061c8   0x080061c8   0x00000006   Code   RO          628    .text               c_w.l(heapauxi.o)
    0x080061ce   0x080061ce   0x0000004a   Code   RO          648    .text               c_w.l(sys_stackheap_outer.o)
    0x08006218   0x08006218   0x00000012   Code   RO          650    .text               c_w.l(exit.o)
    0x0800622a   0x0800622a   0x00000002   PAD
    0x0800622c   0x0800622c   0x00000008   Code   RO          658    .text               c_w.l(libspace.o)
    0x08006234   0x08006234   0x0000000c   Code   RO          719    .text               c_w.l(sys_exit.o)
    0x08006240   0x08006240   0x00000002   Code   RO          730    .text               c_w.l(use_no_semi.o)
    0x08006242   0x08006242   0x00000000   Code   RO          732    .text               c_w.l(indicate_semi.o)
    0x08006242   0x08006242   0x00000002   PAD
    0x08006244   0x08006244   0x00000020   Code   RO          439    i.CheckManualCommand  remotecontrol.o
    0x08006264   0x08006264   0x00000058   Code   RO          415    i.CheckSensorTestCommand  sensortest.o
    0x080062bc   0x080062bc   0x00000034   Code   RO          427    i.CheckSimulatorCommand  simulator.o
    0x080062f0   0x080062f0   0x00000064   Code   RO          538    i.HeaderCmp         catlib.o
    0x08006354   0x08006354   0x00000014   Code   RO           82    i.InitializeAPI     apifunctions.o
    0x08006368   0x08006368   0x00000018   Code   RO            1    i.Loop              main.o
    0x08006380   0x08006380   0x00000064   Code   RO           83    i.OnSerialDataReceived  apifunctions.o
    0x080063e4   0x080063e4   0x00000008   Code   RO          561    i.SetSysClock       system_stm32f10x.o
    0x080063ec   0x080063ec   0x000000e0   Code   RO          562    i.SetSysClockTo72   system_stm32f10x.o
    0x080064cc   0x080064cc   0x00000060   Code   RO          564    i.SystemInit        system_stm32f10x.o
    0x0800652c   0x0800652c   0x0000008c   Code   RO            2    i.main              main.o
    0x080065b8   0x080065b8   0x00000004   Data   RO            3    .constdata          main.o
    0x080065bc   0x080065bc   0x00000020   Data   RO          785    Region$$Table       anon$$obj.o


    Execution Region RW_IRAM1 (Exec base: 0x20001800, Load base: 0x080065dc, Size: 0x00000670, Max: 0x00002800, ABSOLUTE)

    Exec Addr    Load Addr    Size         Type   Attr      Idx    E Section Name        Object

    0x20001800   0x080065dc   0x00000010   Data   RW            4    .data               main.o
    0x20001810        -       0x00000060   Zero   RW          659    .bss                c_w.l(libspace.o)
    0x20001870        -       0x00000200   Zero   RW          551    HEAP                startup_stm32f10x_md.o
    0x20001a70        -       0x00000400   Zero   RW          550    STACK               startup_stm32f10x_md.o


==============================================================================

Image component sizes


      Code (inc. data)   RO Data    RW Data    ZI Data      Debug   Object Name

       120         40          0          0          0        815   apifunctions.o
       100          0          0          0          0       1132   catlib.o
       164         26          4         16          0       6006   main.o
        32         14          0          0          0        421   remotecontrol.o
        88         38          0          0          0        437   sensortest.o
        52         18          0          0          0        432   simulator.o
        64         26        236          0       1536        824   startup_stm32f10x_md.o
       328         28          0          0          0       5077   system_stm32f10x.o

    ----------------------------------------------------------------------
       948        190        272         16       1536      15144   Object Totals
         0          0         32          0          0          0   (incl. Generated)
         0          0          0          0          0          0   (incl. Padding)

    ----------------------------------------------------------------------

      Code (inc. data)   RO Data    RW Data    ZI Data      Debug   Library Member Name

         8          0          0          0          0         68   __main.o
         0          0          0          0          0          0   __rtentry.o
        12          0          0          0          0          0   __rtentry2.o
         6          0          0          0          0          0   __rtentry4.o
        52          8          0          0          0          0   __scatter.o
        26          0          0          0          0          0   __scatter_copy.o
        28          0          0          0          0          0   __scatter_zi.o
        18          0          0          0          0         80   exit.o
         6          0          0          0          0        152   heapauxi.o
         0          0          0          0          0          0   indicate_semi.o
         2          0          0          0          0          0   libinit.o
         2          0          0          0          0          0   libinit2.o
         2          0          0          0          0          0   libshutdown.o
         2          0          0          0          0          0   libshutdown2.o
         8          4          0          0         96         68   libspace.o
         2          0          0          0          0          0   rtexit.o
        10          0          0          0          0          0   rtexit2.o
        12          4          0          0          0         68   sys_exit.o
        74          0          0          0          0         80   sys_stackheap_outer.o
         2          0          0          0          0         68   use_no_semi.o

    ----------------------------------------------------------------------
       280         16          0          0         96        584   Library Totals
         8          0          0          0          0          0   (incl. Padding)

    ----------------------------------------------------------------------

      Code (inc. data)   RO Data    RW Data    ZI Data      Debug   Library Name

       272         16          0          0         96        584   c_w.l

    ----------------------------------------------------------------------
       280         16          0          0         96        584   Library Totals

    ----------------------------------------------------------------------

==============================================================================


      Code (inc. data)   RO Data    RW Data    ZI Data      Debug   

      1228        206        272         16       1632      15100   Grand Totals
      1228        206        272         16       1632      15100   ELF Image Totals
      1228        206        272         16          0          0   ROM Totals

==============================================================================

    Total RO  Size (Code + RO Data)                 1500 (   1.46kB)
    Total RW  Size (RW Data + ZI Data)              1648 (   1.61kB)
    Total ROM Size (Code + RO Data + RW Data)       1516 (   1.48kB)

==============================================================================

